Archive member included to satisfy reference by file (symbol)

/opt/devkitpro/libctru/lib/libcitro2d.a(base.o)
                              main.o (C2D_Init)
/opt/devkitpro/libctru/lib/libcitro2d.a(render2d.shbin.o)
                              /opt/devkitpro/libctru/lib/libcitro2d.a(base.o) (render2d_shbin)
/opt/devkitpro/libctru/lib/libcitro3d.a(base.o)
                              main.o (C3D_Init)
/opt/devkitpro/libctru/lib/libcitro3d.a(renderqueue.o)
                              /opt/devkitpro/libctru/lib/libcitro3d.a(base.o) (C3Di_RenderQueueEnableVBlank)
/opt/devkitpro/libctru/lib/libcitro3d.a(texture.o)
                              /opt/devkitpro/libctru/lib/libcitro2d.a(base.o) (C3D_TexBind)
/opt/devkitpro/libctru/lib/libcitro3d.a(framebuffer.o)
                              /opt/devkitpro/libctru/lib/libcitro3d.a(renderqueue.o) (C3D_CalcColorBufSize)
/opt/devkitpro/libctru/lib/libcitro3d.a(texenv.o)
                              /opt/devkitpro/libctru/lib/libcitro2d.a(base.o) (C3D_GetTexEnv)
/opt/devkitpro/libctru/lib/libcitro3d.a(drawElements.o)
                              /opt/devkitpro/libctru/lib/libcitro2d.a(base.o) (C3D_DrawElements)
/opt/devkitpro/libctru/lib/libcitro3d.a(proctex.o)
                              /opt/devkitpro/libctru/lib/libcitro2d.a(base.o) (C3D_ProcTexInit)
/opt/devkitpro/libctru/lib/libcitro3d.a(buffers.o)
                              /opt/devkitpro/libctru/lib/libcitro2d.a(base.o) (BufInfo_Init)
/opt/devkitpro/libctru/lib/libcitro3d.a(effect.o)
                              /opt/devkitpro/libctru/lib/libcitro3d.a(base.o) (C3D_DepthMap)
/opt/devkitpro/libctru/lib/libcitro3d.a(attribs.o)
                              /opt/devkitpro/libctru/lib/libcitro2d.a(base.o) (AttrInfo_Init)
/opt/devkitpro/libctru/lib/libcitro3d.a(immediate.o)
                              /opt/devkitpro/libctru/lib/libcitro3d.a(base.o) (C3D_ImmSendAttrib)
/opt/devkitpro/libctru/lib/libcitro3d.a(uniforms.o)
                              /opt/devkitpro/libctru/lib/libcitro3d.a(base.o) (C3D_UpdateUniforms)
/opt/devkitpro/libctru/lib/libcitro3d.a(mtx_ortho.o)
                              /opt/devkitpro/libctru/lib/libcitro2d.a(base.o) (Mtx_Ortho)
/opt/devkitpro/libctru/lib/libcitro3d.a(mtx_scale.o)
                              /opt/devkitpro/libctru/lib/libcitro2d.a(base.o) (Mtx_Scale)
/opt/devkitpro/libctru/lib/libcitro3d.a(mtx_multiply.o)
                              /opt/devkitpro/libctru/lib/libcitro2d.a(base.o) (Mtx_Multiply)
/opt/devkitpro/libctru/lib/libcitro3d.a(mtx_orthotilt.o)
                              /opt/devkitpro/libctru/lib/libcitro2d.a(base.o) (Mtx_OrthoTilt)
/opt/devkitpro/libctru/lib/libcitro3d.a(mtx_translate.o)
                              /opt/devkitpro/libctru/lib/libcitro2d.a(base.o) (Mtx_Translate)
/opt/devkitpro/libctru/lib/libcitro3d.a(mtx_rotatez.o)
                              /opt/devkitpro/libctru/lib/libcitro2d.a(base.o) (Mtx_RotateZ)
/opt/devkitpro/libctru/lib/libctru.a(vram.o)
                              /opt/devkitpro/libctru/lib/libcitro3d.a(renderqueue.o) (vramAlloc)
/opt/devkitpro/libctru/lib/libctru.a(linear.o)
                              /opt/devkitpro/libctru/lib/libcitro2d.a(base.o) (linearAlloc)
/opt/devkitpro/libctru/lib/libctru.a(mem_pool.o)
                              /opt/devkitpro/libctru/lib/libctru.a(vram.o) (MemPool::Allocate(MemChunk&, unsigned long, int))
/opt/devkitpro/libctru/lib/libctru.a(os.o)
                              /opt/devkitpro/libctru/lib/libcitro3d.a(texture.o) (osConvertVirtToPhys)
/opt/devkitpro/libctru/lib/libctru.a(console.o)
                              main.o (consoleInit)
/opt/devkitpro/libctru/lib/libctru.a(gfx.o)
                              main.o (gfxSet3D)
/opt/devkitpro/libctru/lib/libctru.a(shaderProgram.o)
                              /opt/devkitpro/libctru/lib/libcitro2d.a(base.o) (shaderInstanceGetUniformLocation)
/opt/devkitpro/libctru/lib/libctru.a(shbin.o)
                              /opt/devkitpro/libctru/lib/libcitro2d.a(base.o) (DVLB_ParseFile)
/opt/devkitpro/libctru/lib/libctru.a(gx.o)
                              /opt/devkitpro/libctru/lib/libcitro3d.a(renderqueue.o) (GX_BindQueue)
/opt/devkitpro/libctru/lib/libctru.a(gxqueue.o)
                              /opt/devkitpro/libctru/lib/libcitro3d.a(renderqueue.o) (gxCmdQueueClear)
/opt/devkitpro/libctru/lib/libctru.a(gpu.o)
                              /opt/devkitpro/libctru/lib/libcitro3d.a(base.o) (gpuCmdBufOffset)
/opt/devkitpro/libctru/lib/libctru.a(gspgpu.o)
                              /opt/devkitpro/libctru/lib/libctru.a(gfx.o) (gspInit)
/opt/devkitpro/libctru/lib/libctru.a(apt.o)
                              /opt/devkitpro/libctru/lib/libcitro3d.a(base.o) (aptHook)
/opt/devkitpro/libctru/lib/libctru.a(hid.o)
                              main.o (hidScanInput)
/opt/devkitpro/libctru/lib/libctru.a(ptmsysm.o)
                              /opt/devkitpro/libctru/lib/libctru.a(os.o) (ptmSysmInit)
[...]
Memory Configuration

Name             Origin             Length             Attributes
*default*        0x0000000000000000 0xffffffffffffffff

Linker script and memory map

                0x0000000000100000                PROVIDE (__start__ = 0x100000)
                0x0000000000100000                . = __start__

.text           0x0000000000100000    0x282f0
 *(.crt0)
 .crt0          0x0000000000100000       0x94 /opt/devkitpro/devkitARM/bin/../lib/gcc/arm-none-eabi/12.2.0/../../../../arm-none-eabi/lib/armv6k/fpu/3dsx_crt0.o
                0x0000000000100000                _start
                0x0000000000100008                __service_ptr
                0x000000000010000c                __apt_appid
                0x0000000000100010                __heap_size
                0x0000000000100014                __linear_heap_size
                0x0000000000100018                __system_arglist
                0x000000000010001c                __system_runflags
 *(.init)
 .init          0x0000000000100094        0xc /opt/devkitpro/devkitARM/bin/../lib/gcc/arm-none-eabi/12.2.0/armv6k/fpu/crti.o
                0x0000000000100094                _init
 .init          0x00000000001000a0        0xc /opt/devkitpro/devkitARM/bin/../lib/gcc/arm-none-eabi/12.2.0/armv6k/fpu/crtn.o
                0x00000000001000ac                . = ALIGN (0x4)
 *(.text)
 .text          0x00000000001000ac      0x240 /opt/devkitpro/devkitARM/bin/../lib/gcc/arm-none-eabi/12.2.0/armv6k/fpu/libgcc.a(_divsi3.o)
                0x00000000001000ac                __aeabi_idiv
                0x00000000001000ac                __divsi3
                0x00000000001002cc                __aeabi_idivmod
 .text          0x00000000001002ec        0x4 /opt/devkitpro/devkitARM/bin/../lib/gcc/arm-none-eabi/12.2.0/armv6k/fpu/libgcc.a(_dvmd_tls.o)
                0x00000000001002ec                __aeabi_ldiv0
                0x00000000001002ec                __aeabi_idiv0
 .text          0x00000000001002f0      0x3c0 /opt/devkitpro/devkitARM/bin/../lib/gcc/arm-none-eabi/12.2.0/armv6k/fpu/libgcc.a(_arm_addsubdf3.o)
                0x00000000001002f0                __aeabi_drsub
                0x00000000001002f8                __aeabi_dsub
                0x00000000001002f8                __subdf3
                0x00000000001002fc                __adddf3
                0x00000000001002fc                __aeabi_dadd
                0x00000000001005a8                __aeabi_ui2d
                0x00000000001005a8                __floatunsidf
                0x00000000001005cc                __floatsidf
                0x00000000001005cc                __aeabi_i2d
                0x00000000001005f4                __extendsfdf2
                0x00000000001005f4                __aeabi_f2d
                0x000000000010063c                __aeabi_ul2d
                0x000000000010063c                __floatundidf
                0x0000000000100650                __floatdidf
                0x0000000000100650                __aeabi_l2d
 .text          0x00000000001006b0       0x3c /opt/devkitpro/devkitARM/bin/../lib/gcc/arm-none-eabi/12.2.0/armv6k/fpu/libgcc.a(_aeabi_uldivmod.o)
                0x00000000001006b0                __aeabi_uldivmod
 *fill*         0x00000000001006ec       0x14 
 .text          0x0000000000100700      0x390 /opt/devkitpro/devkitARM/bin/../lib/gcc/arm-none-eabi/12.2.0/../../../../arm-none-eabi/lib/armv6k/fpu/libg.a(lib_a-strcmp.o)
                0x0000000000100708                strcmp
 .text          0x0000000000100a90      0x20c /opt/devkitpro/devkitARM/bin/../lib/gcc/arm-none-eabi/12.2.0/armv6k/fpu/libgcc.a(_udivsi3.o)
                0x0000000000100a90                __udivsi3
                0x0000000000100a90                __aeabi_uidiv
                0x0000000000100c7c                __aeabi_uidivmod
 *(.text.*)
 .text.__do_global_dtors_aux
                0x0000000000100c9c       0x40 /opt/devkitpro/devkitARM/bin/../lib/gcc/arm-none-eabi/12.2.0/armv6k/fpu/crtbegin.o
 .text.frame_dummy
                0x0000000000100cdc       0x2c /opt/devkitpro/devkitARM/bin/../lib/gcc/arm-none-eabi/12.2.0/armv6k/fpu/crtbegin.o
 .text.C2D_SceneTarget
                0x0000000000100d08       0x18 main.o
 .text.C2D_SceneBegin
                0x0000000000100d20       0x20 main.o
 .text.C2D_DrawRectSolid
                0x0000000000100d40       0x18 main.o
 .text.exitTheGame
                0x0000000000100d58       0x14 main.o
                0x0000000000100d58                exitTheGame
 .text.cutANumber
                0x0000000000100d6c       0x28 main.o
                0x0000000000100d6c                cutANumber
 *fill*         0x0000000000100d94        0x4 
 .text.handleInput
                0x0000000000100d98      0x28c main.o
                0x0000000000100d98                handleInput
 *fill*         0x0000000000101024        0x4 
 .text.main     0x0000000000101028      0x428 main.o
                0x0000000000101028                main
 .text.C2Di_FrameEndHook
                0x0000000000101450       0x44 /opt/devkitpro/libctru/lib/libcitro2d.a(base.o)
 *fill*         0x0000000000101494        0x4 
 .text.C2D_Init
                0x0000000000101498      0x36c /opt/devkitpro/libctru/lib/libcitro2d.a(base.o)
                0x0000000000101498                C2D_Init
 .text.C2D_Fini
                0x0000000000101804       0x4c /opt/devkitpro/libctru/lib/libcitro2d.a(base.o)
                0x0000000000101804                C2D_Fini
 .text.C2D_Prepare
                0x0000000000101850       0xb8 /opt/devkitpro/libctru/lib/libcitro2d.a(base.o)
                0x0000000000101850                C2D_Prepare
 .text.C2D_Flush
                0x0000000000101908       0x48 /opt/devkitpro/libctru/lib/libcitro2d.a(base.o)
                0x0000000000101908                C2D_Flush
 .text.C2D_SceneSize
                0x0000000000101950      0x104 /opt/devkitpro/libctru/lib/libcitro2d.a(base.o)
                0x0000000000101950                C2D_SceneSize
 .text.C2D_CreateScreenTarget
                0x0000000000101a54       0x58 /opt/devkitpro/libctru/lib/libcitro2d.a(base.o)
                0x0000000000101a54                C2D_CreateScreenTarget
 .text.C2D_TargetClear
                0x0000000000101aac       0x64 /opt/devkitpro/libctru/lib/libcitro2d.a(base.o)
                0x0000000000101aac                C2D_TargetClear
 .text.C2Di_AppendQuad
                0x0000000000101b10       0x58 /opt/devkitpro/libctru/lib/libcitro2d.a(base.o)
                0x0000000000101b10                C2Di_AppendQuad
 .text.C2Di_Update
                0x0000000000101b68      0x550 /opt/devkitpro/libctru/lib/libcitro2d.a(base.o)
                0x0000000000101b68                C2Di_Update
 .text.C2D_DrawRectangle
                0x00000000001020b8      0x158 /opt/devkitpro/libctru/lib/libcitro2d.a(base.o)
                0x00000000001020b8                C2D_DrawRectangle
 .text.C3Di_LightEnvUpdate
                0x0000000000102210        0x4 /opt/devkitpro/libctru/lib/libcitro3d.a(base.o)
                0x0000000000102210                C3Di_LightEnvUpdate
 .text.C3Di_LightEnvDirty
                0x0000000000102214        0x4 /opt/devkitpro/libctru/lib/libcitro3d.a(base.o)
                0x0000000000102214                C3Di_LightEnvDirty
 .text.C3Di_AptEventHook
                0x0000000000102218       0xb4 /opt/devkitpro/libctru/lib/libcitro3d.a(base.o)
 .text.C3Di_GasUpdate
                0x00000000001022cc        0x4 /opt/devkitpro/libctru/lib/libcitro3d.a(base.o)
                0x00000000001022cc                C3Di_GasUpdate
 .text.C3D_Init
                0x00000000001022d0      0x1e0 /opt/devkitpro/libctru/lib/libcitro3d.a(base.o)
                0x00000000001022d0                C3D_Init
 .text.C3D_SetViewport
                0x00000000001024b0       0x98 /opt/devkitpro/libctru/lib/libcitro3d.a(base.o)
                0x00000000001024b0                C3D_SetViewport
 .text.C3Di_UpdateContext
                0x0000000000102548      0x4e8 /opt/devkitpro/libctru/lib/libcitro3d.a(base.o)
                0x0000000000102548                C3Di_UpdateContext
 .text.C3Di_SplitFrame
                0x0000000000102a30       0xe0 /opt/devkitpro/libctru/lib/libcitro3d.a(base.o)
                0x0000000000102a30                C3Di_SplitFrame
 .text.C3D_Fini
                0x0000000000102b10       0x44 /opt/devkitpro/libctru/lib/libcitro3d.a(base.o)
                0x0000000000102b10                C3D_Fini
 .text.C3D_BindProgram
                0x0000000000102b54      0x114 /opt/devkitpro/libctru/lib/libcitro3d.a(base.o)
                0x0000000000102b54                C3D_BindProgram
 .text.onVBlank0
                0x0000000000102c68       0x4c /opt/devkitpro/libctru/lib/libcitro3d.a(renderqueue.o)
 .text.onVBlank1
                0x0000000000102cb4       0x4c /opt/devkitpro/libctru/lib/libcitro3d.a(renderqueue.o)
 .text.C3Di_RenderTargetDestroy
                0x0000000000102d00       0x80 /opt/devkitpro/libctru/lib/libcitro3d.a(renderqueue.o)
 .text.onQueueFinish
                0x0000000000102d80       0xf4 /opt/devkitpro/libctru/lib/libcitro3d.a(renderqueue.o)
 .text.C3Di_RenderQueueEnableVBlank
                0x0000000000102e74       0x38 /opt/devkitpro/libctru/lib/libcitro3d.a(renderqueue.o)
                0x0000000000102e74                C3Di_RenderQueueEnableVBlank
 .text.C3Di_RenderQueueDisableVBlank
                0x0000000000102eac       0x30 /opt/devkitpro/libctru/lib/libcitro3d.a(renderqueue.o)
                0x0000000000102eac                C3Di_RenderQueueDisableVBlank
 .text.C3Di_RenderQueueInit
                0x0000000000102edc       0x60 /opt/devkitpro/libctru/lib/libcitro3d.a(renderqueue.o)
                0x0000000000102edc                C3Di_RenderQueueInit
 .text.C3Di_RenderQueueExit
                0x0000000000102f3c       0xb0 /opt/devkitpro/libctru/lib/libcitro3d.a(renderqueue.o)
                0x0000000000102f3c                C3Di_RenderQueueExit
 .text.C3Di_RenderQueueWaitDone
                0x0000000000102fec       0x34 /opt/devkitpro/libctru/lib/libcitro3d.a(renderqueue.o)
                0x0000000000102fec                C3Di_RenderQueueWaitDone
 .text.C3D_FrameBegin
                0x0000000000103020       0xe4 /opt/devkitpro/libctru/lib/libcitro3d.a(renderqueue.o)
                0x0000000000103020                C3D_FrameBegin
 .text.C3D_FrameDrawOn
                0x0000000000103104       0x48 /opt/devkitpro/libctru/lib/libcitro3d.a(renderqueue.o)
                0x0000000000103104                C3D_FrameDrawOn
 .text.C3D_FrameSplit
                0x000000000010314c       0x58 /opt/devkitpro/libctru/lib/libcitro3d.a(renderqueue.o)
                0x000000000010314c                C3D_FrameSplit
 .text.C3D_FrameEnd
                0x00000000001031a4      0x1d8 /opt/devkitpro/libctru/lib/libcitro3d.a(renderqueue.o)
                0x00000000001031a4                C3D_FrameEnd
 .text.C3D_FrameEndHook
                0x000000000010337c       0x1c /opt/devkitpro/libctru/lib/libcitro3d.a(renderqueue.o)
                0x000000000010337c                C3D_FrameEndHook
 .text.C3D_RenderTargetCreate
                0x0000000000103398      0x184 /opt/devkitpro/libctru/lib/libcitro3d.a(renderqueue.o)
                0x0000000000103398                C3D_RenderTargetCreate
 .text.C3D_RenderTargetSetOutput
                0x000000000010351c       0xa8 /opt/devkitpro/libctru/lib/libcitro3d.a(renderqueue.o)
                0x000000000010351c                C3D_RenderTargetSetOutput
 .text.C3D_TexBind
                0x00000000001035c4       0x44 /opt/devkitpro/libctru/lib/libcitro3d.a(texture.o)
                0x00000000001035c4                C3D_TexBind
 .text.C3Di_SetTex
                0x0000000000103608      0x16c /opt/devkitpro/libctru/lib/libcitro3d.a(texture.o)
                0x0000000000103608                C3Di_SetTex
 .text.C3D_CalcColorBufSize
                0x0000000000103774       0x1c /opt/devkitpro/libctru/lib/libcitro3d.a(framebuffer.o)
                0x0000000000103774                C3D_CalcColorBufSize
 .text.C3D_CalcDepthBufSize
                0x0000000000103790       0x1c /opt/devkitpro/libctru/lib/libcitro3d.a(framebuffer.o)
                0x0000000000103790                C3D_CalcDepthBufSize
 .text.C3D_SetFrameBuf
                0x00000000001037ac       0x44 /opt/devkitpro/libctru/lib/libcitro3d.a(framebuffer.o)
                0x00000000001037ac                C3D_SetFrameBuf
 .text.C3Di_FrameBufBind
                0x00000000001037f0      0x16c /opt/devkitpro/libctru/lib/libcitro3d.a(framebuffer.o)
                0x00000000001037f0                C3Di_FrameBufBind
 .text.C3D_FrameBufClear
                0x000000000010395c       0xc8 /opt/devkitpro/libctru/lib/libcitro3d.a(framebuffer.o)
                0x000000000010395c                C3D_FrameBufClear
 .text.C3D_FrameBufTransfer
                0x0000000000103a24       0x44 /opt/devkitpro/libctru/lib/libcitro3d.a(framebuffer.o)
                0x0000000000103a24                C3D_FrameBufTransfer
 .text.C3D_GetTexEnv
                0x0000000000103a68       0x34 /opt/devkitpro/libctru/lib/libcitro3d.a(texenv.o)
                0x0000000000103a68                C3D_GetTexEnv
 .text.C3Di_TexEnvBind
                0x0000000000103a9c       0x24 /opt/devkitpro/libctru/lib/libcitro3d.a(texenv.o)
                0x0000000000103a9c                C3Di_TexEnvBind
 .text.C3D_DrawElements
                0x0000000000103ac0      0x218 /opt/devkitpro/libctru/lib/libcitro3d.a(drawElements.o)
                0x0000000000103ac0                C3D_DrawElements
 .text.C3D_ProcTexInit
                0x0000000000103cd8       0x70 /opt/devkitpro/libctru/lib/libcitro3d.a(proctex.o)
                0x0000000000103cd8                C3D_ProcTexInit
 .text.C3D_ProcTexBind
                0x0000000000103d48       0x54 /opt/devkitpro/libctru/lib/libcitro3d.a(proctex.o)
                0x0000000000103d48                C3D_ProcTexBind
 .text.C3D_ProcTexLutBind
                0x0000000000103d9c       0x5c /opt/devkitpro/libctru/lib/libcitro3d.a(proctex.o)
                0x0000000000103d9c                C3D_ProcTexLutBind
 .text.ProcTexLut_FromArray
                0x0000000000103df8       0xa4 /opt/devkitpro/libctru/lib/libcitro3d.a(proctex.o)
                0x0000000000103df8                ProcTexLut_FromArray
 .text.C3Di_ProcTexUpdate
                0x0000000000103e9c      0x17c /opt/devkitpro/libctru/lib/libcitro3d.a(proctex.o)
                0x0000000000103e9c                C3Di_ProcTexUpdate
 .text.C3Di_ProcTexDirty
                0x0000000000104018       0x68 /opt/devkitpro/libctru/lib/libcitro3d.a(proctex.o)
                0x0000000000104018                C3Di_ProcTexDirty
 .text.BufInfo_Init
                0x0000000000104080       0x24 /opt/devkitpro/libctru/lib/libcitro3d.a(buffers.o)
                0x0000000000104080                BufInfo_Init
 .text.BufInfo_Add
                0x00000000001040a4       0x80 /opt/devkitpro/libctru/lib/libcitro3d.a(buffers.o)
                0x00000000001040a4                BufInfo_Add
 .text.C3D_SetBufInfo
                0x0000000000104124       0x40 /opt/devkitpro/libctru/lib/libcitro3d.a(buffers.o)
                0x0000000000104124                C3D_SetBufInfo
 .text.C3Di_BufInfoBind
                0x0000000000104164       0x48 /opt/devkitpro/libctru/lib/libcitro3d.a(buffers.o)
                0x0000000000104164                C3Di_BufInfoBind
 .text.C3D_DepthMap
                0x00000000001041ac       0x40 /opt/devkitpro/libctru/lib/libcitro3d.a(effect.o)
                0x00000000001041ac                C3D_DepthMap
 .text.C3D_CullFace
                0x00000000001041ec       0x1c /opt/devkitpro/libctru/lib/libcitro3d.a(effect.o)
                0x00000000001041ec                C3D_CullFace
 .text.C3D_StencilTest
                0x0000000000104208       0x40 /opt/devkitpro/libctru/lib/libcitro3d.a(effect.o)
                0x0000000000104208                C3D_StencilTest
 .text.C3D_StencilOp
                0x0000000000104248       0x24 /opt/devkitpro/libctru/lib/libcitro3d.a(effect.o)
                0x0000000000104248                C3D_StencilOp
 .text.C3D_BlendingColor
                0x000000000010426c       0x1c /opt/devkitpro/libctru/lib/libcitro3d.a(effect.o)
                0x000000000010426c                C3D_BlendingColor
 .text.C3D_EarlyDepthTest
                0x0000000000104288       0x24 /opt/devkitpro/libctru/lib/libcitro3d.a(effect.o)
                0x0000000000104288                C3D_EarlyDepthTest
 .text.C3D_DepthTest
                0x00000000001042ac       0x2c /opt/devkitpro/libctru/lib/libcitro3d.a(effect.o)
                0x00000000001042ac                C3D_DepthTest
 .text.C3D_AlphaTest
                0x00000000001042d8       0x2c /opt/devkitpro/libctru/lib/libcitro3d.a(effect.o)
                0x00000000001042d8                C3D_AlphaTest
 .text.C3D_AlphaBlend
                0x0000000000104304       0x50 /opt/devkitpro/libctru/lib/libcitro3d.a(effect.o)
                0x0000000000104304                C3D_AlphaBlend
 .text.C3D_FragOpMode
                0x0000000000104354       0x30 /opt/devkitpro/libctru/lib/libcitro3d.a(effect.o)
                0x0000000000104354                C3D_FragOpMode
 .text.C3D_FragOpShadow
                0x0000000000104384       0x44 /opt/devkitpro/libctru/lib/libcitro3d.a(effect.o)
                0x0000000000104384                C3D_FragOpShadow
 .text.C3Di_EffectBind
                0x00000000001043c8      0x1ac /opt/devkitpro/libctru/lib/libcitro3d.a(effect.o)
                0x00000000001043c8                C3Di_EffectBind
 .text.AttrInfo_Init
                0x0000000000104574       0x28 /opt/devkitpro/libctru/lib/libcitro3d.a(attribs.o)
                0x0000000000104574                AttrInfo_Init
 .text.AttrInfo_AddLoader
                0x000000000010459c       0x94 /opt/devkitpro/libctru/lib/libcitro3d.a(attribs.o)
                0x000000000010459c                AttrInfo_AddLoader
 .text.C3D_SetAttrInfo
                0x0000000000104630       0x54 /opt/devkitpro/libctru/lib/libcitro3d.a(attribs.o)
                0x0000000000104630                C3D_SetAttrInfo
 .text.C3Di_AttrInfoBind
                0x0000000000104684       0x80 /opt/devkitpro/libctru/lib/libcitro3d.a(attribs.o)
                0x0000000000104684                C3Di_AttrInfoBind
 .text.C3D_ImmSendAttrib
                0x0000000000104704       0xa8 /opt/devkitpro/libctru/lib/libcitro3d.a(immediate.o)
                0x0000000000104704                C3D_ImmSendAttrib
 .text.C3D_UpdateUniforms
                0x00000000001047ac      0x280 /opt/devkitpro/libctru/lib/libcitro3d.a(uniforms.o)
                0x00000000001047ac                C3D_UpdateUniforms
 .text.C3Di_DirtyUniforms
                0x0000000000104a2c       0xc0 /opt/devkitpro/libctru/lib/libcitro3d.a(uniforms.o)
                0x0000000000104a2c                C3Di_DirtyUniforms
 .text.C3Di_LoadShaderUniforms
                0x0000000000104aec       0xd8 /opt/devkitpro/libctru/lib/libcitro3d.a(uniforms.o)
                0x0000000000104aec                C3Di_LoadShaderUniforms
 .text.C3Di_ClearShaderUniforms
                0x0000000000104bc4       0x28 /opt/devkitpro/libctru/lib/libcitro3d.a(uniforms.o)
                0x0000000000104bc4                C3Di_ClearShaderUniforms
 .text.Mtx_Ortho
                0x0000000000104bec       0xcc /opt/devkitpro/libctru/lib/libcitro3d.a(mtx_ortho.o)
                0x0000000000104bec                Mtx_Ortho
 .text.Mtx_OrthoTilt
                0x0000000000104cb8       0xcc /opt/devkitpro/libctru/lib/libcitro3d.a(mtx_orthotilt.o)
                0x0000000000104cb8                Mtx_OrthoTilt
 .text._ZL21addrMapNodeComparatorPK11rbtree_nodeS1_
                0x0000000000104d84       0x24 /opt/devkitpro/libctru/lib/libctru.a(vram.o)
 .text._ZL21addrMapNodeDestructorP11rbtree_node
                0x0000000000104da8        0x4 /opt/devkitpro/libctru/lib/libctru.a(vram.o)
 .text.vramMemAlignAt
                0x0000000000104dac      0x250 /opt/devkitpro/libctru/lib/libctru.a(vram.o)
                0x0000000000104dac                vramMemAlignAt
 .text.vramAlloc
                0x0000000000104ffc        0xc /opt/devkitpro/libctru/lib/libctru.a(vram.o)
                0x0000000000104ffc                vramAlloc
 .text.vramAllocAt
                0x0000000000105008        0xc /opt/devkitpro/libctru/lib/libctru.a(vram.o)
                0x0000000000105008                vramAllocAt
 .text.vramFree
                0x0000000000105014       0x90 /opt/devkitpro/libctru/lib/libctru.a(vram.o)
                0x0000000000105014                vramFree
 .text._ZL21addrMapNodeComparatorPK11rbtree_nodeS1_
                0x00000000001050a4       0x24 /opt/devkitpro/libctru/lib/libctru.a(linear.o)
 .text._ZL21addrMapNodeDestructorP11rbtree_node
                0x00000000001050c8        0x4 /opt/devkitpro/libctru/lib/libctru.a(linear.o)
 .text.linearMemAlign
                0x00000000001050cc      0x120 /opt/devkitpro/libctru/lib/libctru.a(linear.o)
                0x00000000001050cc                linearMemAlign
 .text.linearAlloc
                0x00000000001051ec        0x8 /opt/devkitpro/libctru/lib/libctru.a(linear.o)
                0x00000000001051ec                linearAlloc
 .text.linearFree
                0x00000000001051f4       0x5c /opt/devkitpro/libctru/lib/libctru.a(linear.o)
                0x00000000001051f4                linearFree
 .text._ZN7MemPool13CoalesceRightEP8MemBlock
                0x0000000000105250       0x80 /opt/devkitpro/libctru/lib/libctru.a(mem_pool.o)
                0x0000000000105250                MemPool::CoalesceRight(MemBlock*)
 .text._ZN7MemPool8AllocateER8MemChunkmi
                0x00000000001052d0      0x16c /opt/devkitpro/libctru/lib/libctru.a(mem_pool.o)
                0x00000000001052d0                MemPool::Allocate(MemChunk&, unsigned long, int)
 .text._ZN7MemPool10DeallocateERK8MemChunk
                0x000000000010543c       0xfc /opt/devkitpro/libctru/lib/libctru.a(mem_pool.o)
                0x000000000010543c                MemPool::Deallocate(MemChunk const&)
 .text._ZN7MemPool12GetFreeSpaceEv
                0x0000000000105538       0x30 /opt/devkitpro/libctru/lib/libctru.a(mem_pool.o)
                0x0000000000105538                MemPool::GetFreeSpace()
 .text.osConvertVirtToPhys
                0x0000000000105568       0x74 /opt/devkitpro/libctru/lib/libctru.a(os.o)
                0x0000000000105568                osConvertVirtToPhys
 .text.__ctru_speedup_config
                0x00000000001055dc       0x34 /opt/devkitpro/libctru/lib/libctru.a(os.o)
                0x00000000001055dc                __ctru_speedup_config
 .text.parseColor
                0x0000000000105610      0x1e8 /opt/devkitpro/libctru/lib/libctru.a(console.o)
 .text.consoleDrawChar
                0x00000000001057f8      0x1ac /opt/devkitpro/libctru/lib/libctru.a(console.o)
                0x00000000001057f8                consoleDrawChar
 .text.consolePrintChar
                0x00000000001059a4      0x124 /opt/devkitpro/libctru/lib/libctru.a(console.o)
                0x00000000001059a4                consolePrintChar
 .text.con_write
                0x0000000000105ac8      0xb94 /opt/devkitpro/libctru/lib/libctru.a(console.o)
                0x0000000000105ac8                con_write
 .text.newRow   0x000000000010665c       0xfc /opt/devkitpro/libctru/lib/libctru.a(console.o)
 .text.consoleInit
                0x0000000000106758      0x168 /opt/devkitpro/libctru/lib/libctru.a(console.o)
                0x0000000000106758                consoleInit
 .text.gfxPresentFramebuffer
                0x00000000001068c0       0xd0 /opt/devkitpro/libctru/lib/libctru.a(gfx.o)
 .text.gfxSet3D
                0x0000000000106990       0x10 /opt/devkitpro/libctru/lib/libctru.a(gfx.o)
                0x0000000000106990                gfxSet3D
 .text.gfxIsWide
                0x00000000001069a0       0x1c /opt/devkitpro/libctru/lib/libctru.a(gfx.o)
                0x00000000001069a0                gfxIsWide
 .text.gfxSetScreenFormat
                0x00000000001069bc       0xec /opt/devkitpro/libctru/lib/libctru.a(gfx.o)
                0x00000000001069bc                gfxSetScreenFormat
 .text.gfxSetDoubleBuffering
                0x0000000000106aa8       0x10 /opt/devkitpro/libctru/lib/libctru.a(gfx.o)
                0x0000000000106aa8                gfxSetDoubleBuffering
 .text.gfxInit  0x0000000000106ab8       0xe0 /opt/devkitpro/libctru/lib/libctru.a(gfx.o)
                0x0000000000106ab8                gfxInit
 .text.gfxInitDefault
                0x0000000000106b98       0x10 /opt/devkitpro/libctru/lib/libctru.a(gfx.o)
                0x0000000000106b98                gfxInitDefault
 .text.gfxExit  0x0000000000106ba8       0xb4 /opt/devkitpro/libctru/lib/libctru.a(gfx.o)
                0x0000000000106ba8                gfxExit
 .text.gfxGetFramebuffer
                0x0000000000106c5c       0xa0 /opt/devkitpro/libctru/lib/libctru.a(gfx.o)
                0x0000000000106c5c                gfxGetFramebuffer
 .text.gfxFlushBuffers
                0x0000000000106cfc      0x104 /opt/devkitpro/libctru/lib/libctru.a(gfx.o)
                0x0000000000106cfc                gfxFlushBuffers
 .text.gfxScreenSwapBuffers
                0x0000000000106e00       0x30 /opt/devkitpro/libctru/lib/libctru.a(gfx.o)
                0x0000000000106e00                gfxScreenSwapBuffers
 .text.gfxSwapBuffersGpu
                0x0000000000106e30       0x50 /opt/devkitpro/libctru/lib/libctru.a(gfx.o)
                0x0000000000106e30                gfxSwapBuffersGpu
 .text.shaderInstanceInit
                0x0000000000106e80      0x1d4 /opt/devkitpro/libctru/lib/libctru.a(shaderProgram.o)
                0x0000000000106e80                shaderInstanceInit
 .text.shaderInstanceGetUniformLocation
                0x0000000000107054       0x18 /opt/devkitpro/libctru/lib/libctru.a(shaderProgram.o)
                0x0000000000107054                shaderInstanceGetUniformLocation
 .text.shaderProgramInit
                0x000000000010706c       0x1c /opt/devkitpro/libctru/lib/libctru.a(shaderProgram.o)
                0x000000000010706c                shaderProgramInit
 .text.shaderProgramFree
                0x0000000000107088       0x64 /opt/devkitpro/libctru/lib/libctru.a(shaderProgram.o)
                0x0000000000107088                shaderProgramFree
 .text.shaderProgramSetVsh
                0x00000000001070ec       0x80 /opt/devkitpro/libctru/lib/libctru.a(shaderProgram.o)
                0x00000000001070ec                shaderProgramSetVsh
 .text.shaderProgramConfigure
                0x000000000010716c      0x8e0 /opt/devkitpro/libctru/lib/libctru.a(shaderProgram.o)
                0x000000000010716c                shaderProgramConfigure
 .text.DVLE_GenerateOutmap.part.0
                0x0000000000107a4c      0x1cc /opt/devkitpro/libctru/lib/libctru.a(shbin.o)
 .text.DVLB_ParseFile
                0x0000000000107c18      0x1b4 /opt/devkitpro/libctru/lib/libctru.a(shbin.o)
                0x0000000000107c18                DVLB_ParseFile
 .text.DVLB_Free
                0x0000000000107dcc       0x38 /opt/devkitpro/libctru/lib/libctru.a(shbin.o)
                0x0000000000107dcc                DVLB_Free
 .text.DVLE_GetUniformRegister
                0x0000000000107e04       0x74 /opt/devkitpro/libctru/lib/libctru.a(shbin.o)
                0x0000000000107e04                DVLE_GetUniformRegister
 .text.GX_BindQueue
                0x0000000000107e78       0x10 /opt/devkitpro/libctru/lib/libctru.a(gx.o)
                0x0000000000107e78                GX_BindQueue
 .text.GX_ProcessCommandList
                0x0000000000107e88       0x78 /opt/devkitpro/libctru/lib/libctru.a(gx.o)
                0x0000000000107e88                GX_ProcessCommandList
 .text.GX_MemoryFill
                0x0000000000107f00       0x74 /opt/devkitpro/libctru/lib/libctru.a(gx.o)
                0x0000000000107f00                GX_MemoryFill
 .text.GX_DisplayTransfer
                0x0000000000107f74       0x70 /opt/devkitpro/libctru/lib/libctru.a(gx.o)
                0x0000000000107f74                GX_DisplayTransfer
 .text.gxCmdQueueDoCommands.part.0
                0x0000000000107fe4       0x68 /opt/devkitpro/libctru/lib/libctru.a(gxqueue.o)
 .text.gxCmdQueueInterrupt
                0x000000000010804c       0xc8 /opt/devkitpro/libctru/lib/libctru.a(gxqueue.o)
                0x000000000010804c                gxCmdQueueInterrupt
 .text.gxCmdQueueClear
                0x0000000000108114       0x4c /opt/devkitpro/libctru/lib/libctru.a(gxqueue.o)
                0x0000000000108114                gxCmdQueueClear
 .text.gxCmdQueueAdd
                0x0000000000108160       0xf8 /opt/devkitpro/libctru/lib/libctru.a(gxqueue.o)
                0x0000000000108160                gxCmdQueueAdd
 .text.gxCmdQueueRun
                0x0000000000108258       0x80 /opt/devkitpro/libctru/lib/libctru.a(gxqueue.o)
                0x0000000000108258                gxCmdQueueRun
 .text.gxCmdQueueStop
                0x00000000001082d8       0x60 /opt/devkitpro/libctru/lib/libctru.a(gxqueue.o)
                0x00000000001082d8                gxCmdQueueStop
 .text.gxCmdQueueWait
                0x0000000000108338       0x74 /opt/devkitpro/libctru/lib/libctru.a(gxqueue.o)
                0x0000000000108338                gxCmdQueueWait
 .text.GPUCMD_Add
                0x00000000001083ac      0x13c /opt/devkitpro/libctru/lib/libctru.a(gpu.o)
                0x00000000001083ac                GPUCMD_Add
 .text.GPUCMD_Split
                0x00000000001084e8       0xb0 /opt/devkitpro/libctru/lib/libctru.a(gpu.o)
                0x00000000001084e8                GPUCMD_Split
 .text.f32tof16
                0x0000000000108598       0x34 /opt/devkitpro/libctru/lib/libctru.a(gpu.o)
                0x0000000000108598                f32tof16
 .text.f32tof24
                0x00000000001085cc       0x34 /opt/devkitpro/libctru/lib/libctru.a(gpu.o)
                0x00000000001085cc                f32tof24
 .text.f32tof31
                0x0000000000108600       0x38 /opt/devkitpro/libctru/lib/libctru.a(gpu.o)
                0x0000000000108600                f32tof31
 .text.gspHardwareInit
                0x0000000000108638      0xc58 /opt/devkitpro/libctru/lib/libctru.a(gspgpu.o)
 .text.gspInit  0x0000000000109290      0x248 /opt/devkitpro/libctru/lib/libctru.a(gspgpu.o)
                0x0000000000109290                gspInit
 .text.gspExit  0x00000000001094d8       0xf0 /opt/devkitpro/libctru/lib/libctru.a(gspgpu.o)
                0x00000000001094d8                gspExit
 .text.gspHasGpuRight
                0x00000000001095c8       0x10 /opt/devkitpro/libctru/lib/libctru.a(gspgpu.o)
                0x00000000001095c8                gspHasGpuRight
 .text.gspPresentBuffer
                0x00000000001095d8       0xa0 /opt/devkitpro/libctru/lib/libctru.a(gspgpu.o)
                0x00000000001095d8                gspPresentBuffer
 .text.gspSetEventCallback
                0x0000000000109678       0x30 /opt/devkitpro/libctru/lib/libctru.a(gspgpu.o)
                0x0000000000109678                gspSetEventCallback
 .text.gspWaitForEvent
                0x00000000001096a8       0x44 /opt/devkitpro/libctru/lib/libctru.a(gspgpu.o)
                0x00000000001096a8                gspWaitForEvent
 .text.gspWaitForAnyEvent
                0x00000000001096ec       0x4c /opt/devkitpro/libctru/lib/libctru.a(gspgpu.o)
                0x00000000001096ec                gspWaitForAnyEvent
 .text.gspEventThreadMain
                0x0000000000109738      0x158 /opt/devkitpro/libctru/lib/libctru.a(gspgpu.o)
 .text.gspSubmitGxCommand
                0x0000000000109890      0x130 /opt/devkitpro/libctru/lib/libctru.a(gspgpu.o)
                0x0000000000109890                gspSubmitGxCommand
 .text.GSPGPU_FlushDataCache
                0x00000000001099c0       0x50 /opt/devkitpro/libctru/lib/libctru.a(gspgpu.o)
                0x00000000001099c0                GSPGPU_FlushDataCache
 .text.GSPGPU_SetLcdForceBlack
                0x0000000000109a10       0x34 /opt/devkitpro/libctru/lib/libctru.a(gspgpu.o)
                0x0000000000109a10                GSPGPU_SetLcdForceBlack
 .text.GSPGPU_AcquireRight
                0x0000000000109a44       0x68 /opt/devkitpro/libctru/lib/libctru.a(gspgpu.o)
                0x0000000000109a44                GSPGPU_AcquireRight
 .text.GSPGPU_ReleaseRight
                0x0000000000109aac       0x48 /opt/devkitpro/libctru/lib/libctru.a(gspgpu.o)
                0x0000000000109aac                GSPGPU_ReleaseRight
 .text.GSPGPU_ImportDisplayCaptureInfo
                0x0000000000109af4       0x7c /opt/devkitpro/libctru/lib/libctru.a(gspgpu.o)
                0x0000000000109af4                GSPGPU_ImportDisplayCaptureInfo
 .text.GSPGPU_SaveVramSysArea
                0x0000000000109b70       0x2c /opt/devkitpro/libctru/lib/libctru.a(gspgpu.o)
                0x0000000000109b70                GSPGPU_SaveVramSysArea
 .text.GSPGPU_RestoreVramSysArea
                0x0000000000109b9c       0x2c /opt/devkitpro/libctru/lib/libctru.a(gspgpu.o)
                0x0000000000109b9c                GSPGPU_RestoreVramSysArea
 .text.aptConvertScreenForCapture
                0x0000000000109bc8      0x1a4 /opt/devkitpro/libctru/lib/libctru.a(apt.o)
 .text.aptDspSleep
                0x0000000000109d6c        0x8 /opt/devkitpro/libctru/lib/libctru.a(apt.o)
                0x0000000000109d6c                aptDspSleep
 .text.aptDspWakeup
                0x0000000000109d74        0x4 /opt/devkitpro/libctru/lib/libctru.a(apt.o)
                0x0000000000109d74                aptDspWakeup
 .text.aptDspCancel
                0x0000000000109d78        0x4 /opt/devkitpro/libctru/lib/libctru.a(apt.o)
                0x0000000000109d78                aptDspCancel
 .text.aptSendCommand
                0x0000000000109d7c      0x158 /opt/devkitpro/libctru/lib/libctru.a(apt.o)
                0x0000000000109d7c                aptSendCommand
 *fill*         0x0000000000109ed4        0x4 
 .text.aptExitProcess
                0x0000000000109ed8       0x44 /opt/devkitpro/libctru/lib/libctru.a(apt.o)
 .text.aptExit  0x0000000000109f1c      0x2f4 /opt/devkitpro/libctru/lib/libctru.a(apt.o)
                0x0000000000109f1c                aptExit
 .text.aptHandleSleep
                0x000000000010a210       0xe0 /opt/devkitpro/libctru/lib/libctru.a(apt.o)
                0x000000000010a210                aptHandleSleep
 .text.aptHook  0x000000000010a2f0       0x30 /opt/devkitpro/libctru/lib/libctru.a(apt.o)
                0x000000000010a2f0                aptHook
 .text.aptUnhook
                0x000000000010a320       0x30 /opt/devkitpro/libctru/lib/libctru.a(apt.o)
                0x000000000010a320                aptUnhook
 .text.APT_SleepIfShellClosed
                0x000000000010a350       0x84 /opt/devkitpro/libctru/lib/libctru.a(apt.o)
                0x000000000010a350                APT_SleepIfShellClosed
 .text.aptSetSleepAllowed
                0x000000000010a3d4       0x84 /opt/devkitpro/libctru/lib/libctru.a(apt.o)
                0x000000000010a3d4                aptSetSleepAllowed
 .text.APT_UnlockTransition
                0x000000000010a458       0x84 /opt/devkitpro/libctru/lib/libctru.a(apt.o)
                0x000000000010a458                APT_UnlockTransition
 *fill*         0x000000000010a4dc        0x4 
 .text.aptEventHandler
                0x000000000010a4e0      0x4a4 /opt/devkitpro/libctru/lib/libctru.a(apt.o)
 .text.APT_ReceiveParameter
                0x000000000010a984       0xb0 /opt/devkitpro/libctru/lib/libctru.a(apt.o)
                0x000000000010a984                APT_ReceiveParameter
 .text.aptReceiveParameter.constprop.0
                0x000000000010aa34       0xb0 /opt/devkitpro/libctru/lib/libctru.a(apt.o)
 *fill*         0x000000000010aae4        0x4 
 .text.aptScreenTransfer
                0x000000000010aae8      0x2ac /opt/devkitpro/libctru/lib/libctru.a(apt.o)
 .text.aptWaitForWakeUp.isra.0
                0x000000000010ad94      0x344 /opt/devkitpro/libctru/lib/libctru.a(apt.o)
 .text.aptJumpToHomeMenu
                0x000000000010b0d8      0x100 /opt/devkitpro/libctru/lib/libctru.a(apt.o)
                0x000000000010b0d8                aptJumpToHomeMenu
 .text.aptMainLoop
                0x000000000010b1d8       0x48 /opt/devkitpro/libctru/lib/libctru.a(apt.o)
                0x000000000010b1d8                aptMainLoop
 .text.aptInit  0x000000000010b220      0x22c /opt/devkitpro/libctru/lib/libctru.a(apt.o)
                0x000000000010b220                aptInit
 .text.APT_CheckNew3DS
                0x000000000010b44c       0x7c /opt/devkitpro/libctru/lib/libctru.a(apt.o)
                0x000000000010b44c                APT_CheckNew3DS
 .text.hidShouldUseIrrst
                0x000000000010b4c8       0x24 /opt/devkitpro/libctru/lib/libctru.a(hid.o)
                0x000000000010b4c8                hidShouldUseIrrst
 .text.hidInit  0x000000000010b4ec      0x18c /opt/devkitpro/libctru/lib/libctru.a(hid.o)
                0x000000000010b4ec                hidInit
 .text.hidExit  0x000000000010b678       0xe8 /opt/devkitpro/libctru/lib/libctru.a(hid.o)
                0x000000000010b678                hidExit
 .text.hidScanInput
                0x000000000010b760      0x2a4 /opt/devkitpro/libctru/lib/libctru.a(hid.o)
                0x000000000010b760                hidScanInput
 .text.hidKeysHeld
                0x000000000010ba04       0x10 /opt/devkitpro/libctru/lib/libctru.a(hid.o)
                0x000000000010ba04                hidKeysHeld
 .text.hidKeysDown
                0x000000000010ba14       0x10 /opt/devkitpro/libctru/lib/libctru.a(hid.o)
                0x000000000010ba14                hidKeysDown
 .text.hidCircleRead
                0x000000000010ba24       0x18 /opt/devkitpro/libctru/lib/libctru.a(hid.o)
                0x000000000010ba24                hidCircleRead
 .text.ptmSysmInit
                0x000000000010ba3c       0x74 /opt/devkitpro/libctru/lib/libctru.a(ptmsysm.o)
                0x000000000010ba3c                ptmSysmInit
 .text.ptmSysmExit
                0x000000000010bab0       0x3c /opt/devkitpro/libctru/lib/libctru.a(ptmsysm.o)
                0x000000000010bab0                ptmSysmExit
 .text.PTMSYSM_ConfigureNew3DSCPU
                0x000000000010baec       0x34 /opt/devkitpro/libctru/lib/libctru.a(ptmsysm.o)
                0x000000000010baec                PTMSYSM_ConfigureNew3DSCPU
 .text.rbtree_init
                0x000000000010bb20       0x10 /opt/devkitpro/libctru/lib/libctru.a(rbtree_init.o)
                0x000000000010bb20                rbtree_init
 .text.do_insert
                0x000000000010bb30      0x1b4 /opt/devkitpro/libctru/lib/libctru.a(rbtree_insert.o)
 .text.rbtree_insert
                0x000000000010bce4        0x8 /opt/devkitpro/libctru/lib/libctru.a(rbtree_insert.o)
                0x000000000010bce4                rbtree_insert
 .text.rbtree_rotate
                0x000000000010bcec       0x90 /opt/devkitpro/libctru/lib/libctru.a(rbtree_rotate.o)
                0x000000000010bcec                rbtree_rotate
 .text.rbtree_remove
                0x000000000010bd7c      0x318 /opt/devkitpro/libctru/lib/libctru.a(rbtree_remove.o)
                0x000000000010bd7c                rbtree_remove
 .text.rbtree_find
                0x000000000010c094       0x74 /opt/devkitpro/libctru/lib/libctru.a(rbtree_find.o)
                0x000000000010c094                rbtree_find
 .text.__system_allocateHeaps
                0x000000000010c108      0x1e0 /opt/devkitpro/libctru/lib/libctru.a(allocateHeaps.o)
                0x000000000010c108                __system_allocateHeaps
 .text.__libctru_init
                0x000000000010c2e8       0x38 /opt/devkitpro/libctru/lib/libctru.a(ctru_init.o)
                0x000000000010c2e8                __libctru_init
 .text.__system_initArgv
                0x000000000010c320      0x170 /opt/devkitpro/libctru/lib/libctru.a(initArgv.o)
                0x000000000010c320                __system_initArgv
 .text.svcControlMemory
                0x000000000010c490       0x20 /opt/devkitpro/libctru/lib/libctru.a(svc.o)
                0x000000000010c490                svcControlMemory
 .text.svcQueryMemory
                0x000000000010c4b0       0x30 /opt/devkitpro/libctru/lib/libctru.a(svc.o)
                0x000000000010c4b0                svcQueryMemory
 .text.svcExitProcess
                0x000000000010c4e0        0x8 /opt/devkitpro/libctru/lib/libctru.a(svc.o)
                0x000000000010c4e0                svcExitProcess
 .text.svcCreateThread
                0x000000000010c4e8       0x20 /opt/devkitpro/libctru/lib/libctru.a(svc.o)
                0x000000000010c4e8                svcCreateThread
 .text.svcExitThread
                0x000000000010c508        0x8 /opt/devkitpro/libctru/lib/libctru.a(svc.o)
                0x000000000010c508                svcExitThread
 .text.svcSleepThread
                0x000000000010c510        0x8 /opt/devkitpro/libctru/lib/libctru.a(svc.o)
                0x000000000010c510                svcSleepThread
 .text.svcReleaseMutex
                0x000000000010c518        0x8 /opt/devkitpro/libctru/lib/libctru.a(svc.o)
                0x000000000010c518                svcReleaseMutex
 .text.svcCreateEvent
                0x000000000010c520       0x14 /opt/devkitpro/libctru/lib/libctru.a(svc.o)
                0x000000000010c520                svcCreateEvent
 .text.svcSignalEvent
                0x000000000010c534        0x8 /opt/devkitpro/libctru/lib/libctru.a(svc.o)
                0x000000000010c534                svcSignalEvent
 .text.svcClearEvent
                0x000000000010c53c        0x8 /opt/devkitpro/libctru/lib/libctru.a(svc.o)
                0x000000000010c53c                svcClearEvent
 .text.svcMapMemoryBlock
                0x000000000010c544        0x8 /opt/devkitpro/libctru/lib/libctru.a(svc.o)
                0x000000000010c544                svcMapMemoryBlock
 .text.svcUnmapMemoryBlock
                0x000000000010c54c        0x8 /opt/devkitpro/libctru/lib/libctru.a(svc.o)
                0x000000000010c54c                svcUnmapMemoryBlock
 .text.svcCreateAddressArbiter
                0x000000000010c554       0x14 /opt/devkitpro/libctru/lib/libctru.a(svc.o)
                0x000000000010c554                svcCreateAddressArbiter
 .text.svcArbitrateAddressNoTimeout
                0x000000000010c568        0x8 /opt/devkitpro/libctru/lib/libctru.a(svc.o)
                0x000000000010c568                svcArbitrateAddressNoTimeout
 .text.svcCloseHandle
                0x000000000010c570        0x8 /opt/devkitpro/libctru/lib/libctru.a(svc.o)
                0x000000000010c570                svcCloseHandle
 .text.svcWaitSynchronization
                0x000000000010c578        0x8 /opt/devkitpro/libctru/lib/libctru.a(svc.o)
                0x000000000010c578                svcWaitSynchronization
 .text.svcWaitSynchronizationN
                0x000000000010c580       0x28 /opt/devkitpro/libctru/lib/libctru.a(svc.o)
                0x000000000010c580                svcWaitSynchronizationN
 .text.svcDuplicateHandle
                0x000000000010c5a8       0x14 /opt/devkitpro/libctru/lib/libctru.a(svc.o)
                0x000000000010c5a8                svcDuplicateHandle
 .text.svcGetSystemTick
                0x000000000010c5bc        0x8 /opt/devkitpro/libctru/lib/libctru.a(svc.o)
                0x000000000010c5bc                svcGetSystemTick
 .text.svcConnectToPort
                0x000000000010c5c4       0x14 /opt/devkitpro/libctru/lib/libctru.a(svc.o)
                0x000000000010c5c4                svcConnectToPort
 .text.svcSendSyncRequest
                0x000000000010c5d8        0x8 /opt/devkitpro/libctru/lib/libctru.a(svc.o)
                0x000000000010c5d8                svcSendSyncRequest
 .text.svcGetResourceLimit
                0x000000000010c5e0       0x14 /opt/devkitpro/libctru/lib/libctru.a(svc.o)
                0x000000000010c5e0                svcGetResourceLimit
 .text.svcGetResourceLimitLimitValues
                0x000000000010c5f4        0x8 /opt/devkitpro/libctru/lib/libctru.a(svc.o)
                0x000000000010c5f4                svcGetResourceLimitLimitValues
 .text.svcGetResourceLimitCurrentValues
                0x000000000010c5fc        0x8 /opt/devkitpro/libctru/lib/libctru.a(svc.o)
                0x000000000010c5fc                svcGetResourceLimitCurrentValues
 .text.svcBreak
                0x000000000010c604        0x8 /opt/devkitpro/libctru/lib/libctru.a(svc.o)
                0x000000000010c604                svcBreak
 .text.initSystem
                0x000000000010c60c       0x50 /opt/devkitpro/libctru/lib/libctru.a(stack_adjust.o)
                0x000000000010c60c                initSystem
 .text.__ctru_exit
                0x000000000010c65c       0x18 /opt/devkitpro/libctru/lib/libctru.a(stack_adjust.o)
                0x000000000010c65c                __ctru_exit
 .text.__sync_init
                0x000000000010c674        0xc /opt/devkitpro/libctru/lib/libctru.a(synchronization.o)
                0x000000000010c674                __sync_init
 .text.__sync_fini
                0x000000000010c680       0x18 /opt/devkitpro/libctru/lib/libctru.a(synchronization.o)
                0x000000000010c680                __sync_fini
 .text.syncArbitrateAddress
                0x000000000010c698       0x2c /opt/devkitpro/libctru/lib/libctru.a(synchronization.o)
                0x000000000010c698                syncArbitrateAddress
 .text.LightLock_Lock
                0x000000000010c6c4       0xb0 /opt/devkitpro/libctru/lib/libctru.a(synchronization.o)
                0x000000000010c6c4                LightLock_Lock
 .text.LightLock_Unlock
                0x000000000010c774       0x40 /opt/devkitpro/libctru/lib/libctru.a(synchronization.o)
                0x000000000010c774                LightLock_Unlock
 .text.RecursiveLock_Init
                0x000000000010c7b4       0x24 /opt/devkitpro/libctru/lib/libctru.a(synchronization.o)
                0x000000000010c7b4                RecursiveLock_Init
 .text.RecursiveLock_Lock
                0x000000000010c7d8       0x30 /opt/devkitpro/libctru/lib/libctru.a(synchronization.o)
                0x000000000010c7d8                RecursiveLock_Lock
 .text.RecursiveLock_Unlock
                0x000000000010c808       0x54 /opt/devkitpro/libctru/lib/libctru.a(synchronization.o)
                0x000000000010c808                RecursiveLock_Unlock
 .text.LightEvent_Init
                0x000000000010c85c       0x40 /opt/devkitpro/libctru/lib/libctru.a(synchronization.o)
                0x000000000010c85c                LightEvent_Init
 .text.LightEvent_Clear
                0x000000000010c89c       0xa4 /opt/devkitpro/libctru/lib/libctru.a(synchronization.o)
                0x000000000010c89c                LightEvent_Clear
 .text.LightEvent_Signal
                0x000000000010c940       0xc8 /opt/devkitpro/libctru/lib/libctru.a(synchronization.o)
                0x000000000010c940                LightEvent_Signal
 .text.LightEvent_TryWait
                0x000000000010ca08       0x50 /opt/devkitpro/libctru/lib/libctru.a(synchronization.o)
                0x000000000010ca08                LightEvent_TryWait
 .text.LightEvent_Wait
                0x000000000010ca58       0xb0 /opt/devkitpro/libctru/lib/libctru.a(synchronization.o)
                0x000000000010ca58                LightEvent_Wait
 .text.srvInit  0x000000000010cb08      0x130 /opt/devkitpro/libctru/lib/libctru.a(srv.o)
                0x000000000010cb08                srvInit
 .text.srvExit  0x000000000010cc38       0x58 /opt/devkitpro/libctru/lib/libctru.a(srv.o)
                0x000000000010cc38                srvExit
 .text.srvGetServiceHandleDirect
                0x000000000010cc90       0xa0 /opt/devkitpro/libctru/lib/libctru.a(srv.o)
                0x000000000010cc90                srvGetServiceHandleDirect
 .text.srvGetServiceHandle
                0x000000000010cd30       0x38 /opt/devkitpro/libctru/lib/libctru.a(srv.o)
                0x000000000010cd30                srvGetServiceHandle
 .text.srvPublishToSubscriber
                0x000000000010cd68       0x38 /opt/devkitpro/libctru/lib/libctru.a(srv.o)
                0x000000000010cd68                srvPublishToSubscriber
 .text.threadCreate
                0x000000000010cda0      0x178 /opt/devkitpro/libctru/lib/libctru.a(thread.o)
                0x000000000010cda0                threadCreate
 .text.threadFree
                0x000000000010cf18       0x2c /opt/devkitpro/libctru/lib/libctru.a(thread.o)
                0x000000000010cf18                threadFree
 .text.threadJoin
                0x000000000010cf44       0x24 /opt/devkitpro/libctru/lib/libctru.a(thread.o)
                0x000000000010cf44                threadJoin
 .text.threadGetCurrent
                0x000000000010cf68       0x30 /opt/devkitpro/libctru/lib/libctru.a(thread.o)
                0x000000000010cf68                threadGetCurrent
 .text.threadExit
                0x000000000010cf98       0x40 /opt/devkitpro/libctru/lib/libctru.a(thread.o)
                0x000000000010cf98                threadExit
 .text._thread_begin
                0x000000000010cfd8       0x20 /opt/devkitpro/libctru/lib/libctru.a(thread.o)
 .text.mappableFindAddressWithin
                0x000000000010cff8       0xb4 /opt/devkitpro/libctru/lib/libctru.a(mappable.o)
 .text.mappableInit
                0x000000000010d0ac       0x28 /opt/devkitpro/libctru/lib/libctru.a(mappable.o)
                0x000000000010d0ac                mappableInit
 .text.mappableAlloc
                0x000000000010d0d4       0x80 /opt/devkitpro/libctru/lib/libctru.a(mappable.o)
                0x000000000010d0d4                mappableAlloc
 .text.mappableFree
                0x000000000010d154        0x4 /opt/devkitpro/libctru/lib/libctru.a(mappable.o)
                0x000000000010d154                mappableFree
 .text.irrstInit
                0x000000000010d158      0x164 /opt/devkitpro/libctru/lib/libctru.a(irrst.o)
                0x000000000010d158                irrstInit
 .text.irrstExit
                0x000000000010d2bc       0xcc /opt/devkitpro/libctru/lib/libctru.a(irrst.o)
                0x000000000010d2bc                irrstExit
 .text.irrstScanInput
                0x000000000010d388       0xb4 /opt/devkitpro/libctru/lib/libctru.a(irrst.o)
                0x000000000010d388                irrstScanInput
 .text.irrstKeysHeld
                0x000000000010d43c       0x24 /opt/devkitpro/libctru/lib/libctru.a(irrst.o)
                0x000000000010d43c                irrstKeysHeld
 .text.srvPmGetSessionHandle
                0x000000000010d460        0xc /opt/devkitpro/libctru/lib/libctru.a(srvpm.o)
                0x000000000010d460                srvPmGetSessionHandle
 .text.rbtree_node_next
                0x000000000010d46c       0x5c /opt/devkitpro/libctru/lib/libctru.a(rbtree_iterator.o)
                0x000000000010d46c                rbtree_node_next
 .text.__appInit
                0x000000000010d4c8       0x30 /opt/devkitpro/libctru/lib/libctru.a(appInit.o)
                0x000000000010d4c8                __appInit
 .text.__syscall_getreent
                0x000000000010d4f8       0x30 /opt/devkitpro/libctru/lib/libctru.a(syscalls.o)
                0x000000000010d4f8                __syscall_getreent
 .text.__syscall_lock_acquire
                0x000000000010d528        0x4 /opt/devkitpro/libctru/lib/libctru.a(syscalls.o)
                0x000000000010d528                __syscall_lock_acquire
 .text.__syscall_lock_release
                0x000000000010d52c        0x4 /opt/devkitpro/libctru/lib/libctru.a(syscalls.o)
                0x000000000010d52c                __syscall_lock_release
 .text.__syscall_lock_init_recursive
                0x000000000010d530        0x4 /opt/devkitpro/libctru/lib/libctru.a(syscalls.o)
                0x000000000010d530                __syscall_lock_init_recursive
 .text.__syscall_lock_acquire_recursive
                0x000000000010d534        0x4 /opt/devkitpro/libctru/lib/libctru.a(syscalls.o)
                0x000000000010d534                __syscall_lock_acquire_recursive
 .text.__syscall_lock_release_recursive
                0x000000000010d538        0x4 /opt/devkitpro/libctru/lib/libctru.a(syscalls.o)
                0x000000000010d538                __syscall_lock_release_recursive
 .text.__syscall_exit
                0x000000000010d53c        0x4 /opt/devkitpro/libctru/lib/libctru.a(syscalls.o)
                0x000000000010d53c                __syscall_exit
 .text.initThreadVars
                0x000000000010d540       0x50 /opt/devkitpro/libctru/lib/libctru.a(syscalls.o)
                0x000000000010d540                initThreadVars
 .text.__system_initSyscalls
                0x000000000010d590       0x68 /opt/devkitpro/libctru/lib/libctru.a(syscalls.o)
                0x000000000010d590                __system_initSyscalls
 .text.__appExit
                0x000000000010d5f8       0x30 /opt/devkitpro/libctru/lib/libctru.a(appExit.o)
                0x000000000010d5f8                __appExit
 .text.__libctru_exit
                0x000000000010d628       0x90 /opt/devkitpro/libctru/lib/libctru.a(ctru_exit.o)
                0x000000000010d628                __libctru_exit
 .text.envGetHandle
                0x000000000010d6b8       0x84 /opt/devkitpro/libctru/lib/libctru.a(env.o)
                0x000000000010d6b8                envGetHandle
 .text.envDestroyHandles
                0x000000000010d73c       0x50 /opt/devkitpro/libctru/lib/libctru.a(env.o)
                0x000000000010d73c                envDestroyHandles
 .text.archive_link
                0x000000000010d78c       0x14 /opt/devkitpro/libctru/lib/libctru.a(archive_dev.o)
 .text.archive_dirreset
                0x000000000010d7a0       0x14 /opt/devkitpro/libctru/lib/libctru.a(archive_dev.o)
 .text.archive_chmod
                0x000000000010d7b4       0x14 /opt/devkitpro/libctru/lib/libctru.a(archive_dev.o)
 .text.error_cmp
                0x000000000010d7c8       0x24 /opt/devkitpro/libctru/lib/libctru.a(archive_dev.o)
 .text.archive_translate_error
                0x000000000010d7ec       0x50 /opt/devkitpro/libctru/lib/libctru.a(archive_dev.o)
 .text.archive_seek
                0x000000000010d83c       0xc8 /opt/devkitpro/libctru/lib/libctru.a(archive_dev.o)
 .text._archiveInit.part.0
                0x000000000010d904       0x7c /opt/devkitpro/libctru/lib/libctru.a(archive_dev.o)
 .text.archiveFindDevice.part.0
                0x000000000010d980       0xc4 /opt/devkitpro/libctru/lib/libctru.a(archive_dev.o)
 .text.archive_utf16path
                0x000000000010da44      0x25c /opt/devkitpro/libctru/lib/libctru.a(archive_dev.o)
 .text._archiveUnmountDeviceStruct.part.0
                0x000000000010dca0       0xa0 /opt/devkitpro/libctru/lib/libctru.a(archive_dev.o)
 .text.archive_fchmod
                0x000000000010dd40       0x14 /opt/devkitpro/libctru/lib/libctru.a(archive_dev.o)
 .text.archive_statvfs
                0x000000000010dd54       0x14 /opt/devkitpro/libctru/lib/libctru.a(archive_dev.o)
 .text._archiveMountDevice
                0x000000000010dd68      0x164 /opt/devkitpro/libctru/lib/libctru.a(archive_dev.o)
 .text.archive_diropen
                0x000000000010decc       0xe8 /opt/devkitpro/libctru/lib/libctru.a(archive_dev.o)
 .text.archive_fstat
                0x000000000010dfb4       0xa4 /opt/devkitpro/libctru/lib/libctru.a(archive_dev.o)
 .text.archive_close
                0x000000000010e058       0x6c /opt/devkitpro/libctru/lib/libctru.a(archive_dev.o)
 .text.archive_fsync
                0x000000000010e0c4       0x6c /opt/devkitpro/libctru/lib/libctru.a(archive_dev.o)
 .text.archive_dirclose
                0x000000000010e130       0x70 /opt/devkitpro/libctru/lib/libctru.a(archive_dev.o)
 .text.sdmc_statvfs
                0x000000000010e1a0       0xe8 /opt/devkitpro/libctru/lib/libctru.a(archive_dev.o)
 .text.archive_chdir
                0x000000000010e288       0xec /opt/devkitpro/libctru/lib/libctru.a(archive_dev.o)
 .text.archive_ftruncate
                0x000000000010e374       0x7c /opt/devkitpro/libctru/lib/libctru.a(archive_dev.o)
 .text.archive_read
                0x000000000010e3f0       0xac /opt/devkitpro/libctru/lib/libctru.a(archive_dev.o)
 .text.archive_unlink
                0x000000000010e49c       0xa4 /opt/devkitpro/libctru/lib/libctru.a(archive_dev.o)
 .text.archive_rmdir
                0x000000000010e540       0xbc /opt/devkitpro/libctru/lib/libctru.a(archive_dev.o)
 .text.archive_mkdir
                0x000000000010e5fc       0xdc /opt/devkitpro/libctru/lib/libctru.a(archive_dev.o)
 .text.archive_stat
                0x000000000010e6d8      0x19c /opt/devkitpro/libctru/lib/libctru.a(archive_dev.o)
 .text.archive_dirnext
                0x000000000010e874      0x15c /opt/devkitpro/libctru/lib/libctru.a(archive_dev.o)
 .text.archive_write
                0x000000000010e9d0       0xec /opt/devkitpro/libctru/lib/libctru.a(archive_dev.o)
 .text.archive_open
                0x000000000010eabc      0x1d4 /opt/devkitpro/libctru/lib/libctru.a(archive_dev.o)
 .text.archive_rename
                0x000000000010ec90      0x278 /opt/devkitpro/libctru/lib/libctru.a(archive_dev.o)
 .text.archiveMountSdmc
                0x000000000010ef08      0x19c /opt/devkitpro/libctru/lib/libctru.a(archive_dev.o)
                0x000000000010ef08                archiveMountSdmc
 .text.archiveUnmountAll
                0x000000000010f0a4       0x54 /opt/devkitpro/libctru/lib/libctru.a(archive_dev.o)
                0x000000000010f0a4                archiveUnmountAll
 .text.fsInit   0x000000000010f0f8       0xcc /opt/devkitpro/libctru/lib/libctru.a(fs.o)
                0x000000000010f0f8                fsInit
 .text.fsExit   0x000000000010f1c4       0x3c /opt/devkitpro/libctru/lib/libctru.a(fs.o)
                0x000000000010f1c4                fsExit
 .text.fsExemptFromSession
                0x000000000010f200       0x60 /opt/devkitpro/libctru/lib/libctru.a(fs.o)
                0x000000000010f200                fsExemptFromSession
 .text.fsUnexemptFromSession
                0x000000000010f260       0x50 /opt/devkitpro/libctru/lib/libctru.a(fs.o)
                0x000000000010f260                fsUnexemptFromSession
 .text.FSUSER_OpenFile
                0x000000000010f2b0       0xcc /opt/devkitpro/libctru/lib/libctru.a(fs.o)
                0x000000000010f2b0                FSUSER_OpenFile
 .text.FSUSER_DeleteFile
                0x000000000010f37c       0xbc /opt/devkitpro/libctru/lib/libctru.a(fs.o)
                0x000000000010f37c                FSUSER_DeleteFile
 .text.FSUSER_RenameFile
                0x000000000010f438       0xf8 /opt/devkitpro/libctru/lib/libctru.a(fs.o)
                0x000000000010f438                FSUSER_RenameFile
 .text.FSUSER_DeleteDirectory
                0x000000000010f530       0xbc /opt/devkitpro/libctru/lib/libctru.a(fs.o)
                0x000000000010f530                FSUSER_DeleteDirectory
 .text.FSUSER_CreateFile
                0x000000000010f5ec       0xd4 /opt/devkitpro/libctru/lib/libctru.a(fs.o)
                0x000000000010f5ec                FSUSER_CreateFile
 .text.FSUSER_CreateDirectory
                0x000000000010f6c0       0xc4 /opt/devkitpro/libctru/lib/libctru.a(fs.o)
                0x000000000010f6c0                FSUSER_CreateDirectory
 .text.FSUSER_RenameDirectory
                0x000000000010f784       0xf8 /opt/devkitpro/libctru/lib/libctru.a(fs.o)
                0x000000000010f784                FSUSER_RenameDirectory
 .text.FSUSER_OpenDirectory
                0x000000000010f87c       0xb4 /opt/devkitpro/libctru/lib/libctru.a(fs.o)
                0x000000000010f87c                FSUSER_OpenDirectory
 .text.FSUSER_OpenArchive
                0x000000000010f930       0x98 /opt/devkitpro/libctru/lib/libctru.a(fs.o)
                0x000000000010f930                FSUSER_OpenArchive
 .text.FSUSER_CloseArchive
                0x000000000010f9c8       0x8c /opt/devkitpro/libctru/lib/libctru.a(fs.o)
                0x000000000010f9c8                FSUSER_CloseArchive
 .text.FSUSER_GetSdmcArchiveResource
                0x000000000010fa54       0x74 /opt/devkitpro/libctru/lib/libctru.a(fs.o)
                0x000000000010fa54                FSUSER_GetSdmcArchiveResource
 .text.FSUSER_IsSdmcWritable
                0x000000000010fac8       0x64 /opt/devkitpro/libctru/lib/libctru.a(fs.o)
                0x000000000010fac8                FSUSER_IsSdmcWritable
 .text.FSFILE_Read
                0x000000000010fb2c       0x58 /opt/devkitpro/libctru/lib/libctru.a(fs.o)
                0x000000000010fb2c                FSFILE_Read
 .text.FSFILE_Write
                0x000000000010fb84       0x60 /opt/devkitpro/libctru/lib/libctru.a(fs.o)
                0x000000000010fb84                FSFILE_Write
 .text.FSFILE_GetSize
                0x000000000010fbe4       0x3c /opt/devkitpro/libctru/lib/libctru.a(fs.o)
                0x000000000010fbe4                FSFILE_GetSize
 .text.FSFILE_SetSize
                0x000000000010fc20       0x28 /opt/devkitpro/libctru/lib/libctru.a(fs.o)
                0x000000000010fc20                FSFILE_SetSize
 .text.FSFILE_Close
                0x000000000010fc48       0x3c /opt/devkitpro/libctru/lib/libctru.a(fs.o)
                0x000000000010fc48                FSFILE_Close
 .text.FSFILE_Flush
                0x000000000010fc84       0x24 /opt/devkitpro/libctru/lib/libctru.a(fs.o)
                0x000000000010fc84                FSFILE_Flush
 .text.FSDIR_Read
                0x000000000010fca8       0x50 /opt/devkitpro/libctru/lib/libctru.a(fs.o)
                0x000000000010fca8                FSDIR_Read
 .text.FSDIR_Close
                0x000000000010fcf8       0x3c /opt/devkitpro/libctru/lib/libctru.a(fs.o)
                0x000000000010fcf8                FSDIR_Close
 .text.utf16_to_utf8
                0x000000000010fd34       0xe8 /opt/devkitpro/libctru/lib/libctru.a(utf16_to_utf8.o)
                0x000000000010fd34                utf16_to_utf8
 .text.decode_utf16
                0x000000000010fe1c       0x64 /opt/devkitpro/libctru/lib/libctru.a(decode_utf16.o)
                0x000000000010fe1c                decode_utf16
 .text.decode_utf8
                0x000000000010fe80      0x13c /opt/devkitpro/libctru/lib/libctru.a(decode_utf8.o)
                0x000000000010fe80                decode_utf8
 .text.utf8_to_utf16
                0x000000000010ffbc       0xc0 /opt/devkitpro/libctru/lib/libctru.a(utf8_to_utf16.o)
                0x000000000010ffbc                utf8_to_utf16
 .text.__aeabi_read_tp
                0x000000000011007c        0xc /opt/devkitpro/libctru/lib/libctru.a(readtp.o)
                0x000000000011007c                __aeabi_read_tp
 .text.encode_utf16
                0x0000000000110088       0x54 /opt/devkitpro/libctru/lib/libctru.a(encode_utf16.o)
                0x0000000000110088                encode_utf16
 .text.encode_utf8
                0x00000000001100dc       0xe0 /opt/devkitpro/libctru/lib/libctru.a(encode_utf8.o)
                0x00000000001100dc                encode_utf8
 *fill*         0x00000000001101bc        0x4 
 .text.pow      0x00000000001101c0      0x720 /opt/devkitpro/devkitARM/bin/../lib/gcc/arm-none-eabi/12.2.0/../../../../arm-none-eabi/lib/armv6k/fpu/libm.a(lib_a-pow.o)
                0x00000000001101c0                pow
 .text.atan     0x00000000001108e0      0x284 /opt/devkitpro/devkitARM/bin/../lib/gcc/arm-none-eabi/12.2.0/../../../../arm-none-eabi/lib/armv6k/fpu/libm.a(lib_a-s_atan.o)
                0x00000000001108e0                atan
 *fill*         0x0000000000110b64        0x4 
 .text.cos      0x0000000000110b68       0xc0 /opt/devkitpro/devkitARM/bin/../lib/gcc/arm-none-eabi/12.2.0/../../../../arm-none-eabi/lib/armv6k/fpu/libm.a(lib_a-s_cos.o)
                0x0000000000110b68                cos
 .text.fabs     0x0000000000110c28       0x14 /opt/devkitpro/devkitARM/bin/../lib/gcc/arm-none-eabi/12.2.0/../../../../arm-none-eabi/lib/armv6k/fpu/libm.a(lib_a-s_fabs.o)
                0x0000000000110c28                fabs
 *fill*         0x0000000000110c3c        0x4 
 .text.sin      0x0000000000110c40       0xc8 /opt/devkitpro/devkitARM/bin/../lib/gcc/arm-none-eabi/12.2.0/../../../../arm-none-eabi/lib/armv6k/fpu/libm.a(lib_a-s_sin.o)
                0x0000000000110c40                sin
 .text.sqrt     0x0000000000110d08       0x58 /opt/devkitpro/devkitARM/bin/../lib/gcc/arm-none-eabi/12.2.0/../../../../arm-none-eabi/lib/armv6k/fpu/libm.a(lib_a-w_sqrt.o)
                0x0000000000110d08                sqrt
 .text.__ieee754_rem_pio2
                0x0000000000110d60      0x308 /opt/devkitpro/devkitARM/bin/../lib/gcc/arm-none-eabi/12.2.0/../../../../arm-none-eabi/lib/armv6k/fpu/libm.a(lib_a-e_rem_pio2.o)
                0x0000000000110d60                __ieee754_rem_pio2
 .text.__ieee754_sqrt
                0x0000000000111068        0x8 /opt/devkitpro/devkitARM/bin/../lib/gcc/arm-none-eabi/12.2.0/../../../../arm-none-eabi/lib/armv6k/fpu/libm.a(lib_a-e_sqrt.o)
                0x0000000000111068                __ieee754_sqrt
 .text.__kernel_cos
                0x0000000000111070      0x158 /opt/devkitpro/devkitARM/bin/../lib/gcc/arm-none-eabi/12.2.0/../../../../arm-none-eabi/lib/armv6k/fpu/libm.a(lib_a-k_cos.o)
                0x0000000000111070                __kernel_cos
 .text.__kernel_rem_pio2
                0x00000000001111c8      0x8c0 /opt/devkitpro/devkitARM/bin/../lib/gcc/arm-none-eabi/12.2.0/../../../../arm-none-eabi/lib/armv6k/fpu/libm.a(lib_a-k_rem_pio2.o)
                0x00000000001111c8                __kernel_rem_pio2
 .text.__kernel_sin
                0x0000000000111a88       0xc0 /opt/devkitpro/devkitARM/bin/../lib/gcc/arm-none-eabi/12.2.0/../../../../arm-none-eabi/lib/armv6k/fpu/libm.a(lib_a-k_sin.o)
                0x0000000000111a88                __kernel_sin
 .text.with_errno
                0x0000000000111b48       0x24 /opt/devkitpro/devkitARM/bin/../lib/gcc/arm-none-eabi/12.2.0/../../../../arm-none-eabi/lib/armv6k/fpu/libm.a(lib_a-math_err.o)
 .text.xflow    0x0000000000111b6c       0x28 /opt/devkitpro/devkitARM/bin/../lib/gcc/arm-none-eabi/12.2.0/../../../../arm-none-eabi/lib/armv6k/fpu/libm.a(lib_a-math_err.o)
 *fill*         0x0000000000111b94        0x4 
 .text.__math_uflow
                0x0000000000111b98       0x10 /opt/devkitpro/devkitARM/bin/../lib/gcc/arm-none-eabi/12.2.0/../../../../arm-none-eabi/lib/armv6k/fpu/libm.a(lib_a-math_err.o)
                0x0000000000111b98                __math_uflow
 .text.__math_oflow
                0x0000000000111ba8       0x10 /opt/devkitpro/devkitARM/bin/../lib/gcc/arm-none-eabi/12.2.0/../../../../arm-none-eabi/lib/armv6k/fpu/libm.a(lib_a-math_err.o)
                0x0000000000111ba8                __math_oflow
 .text.__math_divzero
                0x0000000000111bb8       0x50 /opt/devkitpro/devkitARM/bin/../lib/gcc/arm-none-eabi/12.2.0/../../../../arm-none-eabi/lib/armv6k/fpu/libm.a(lib_a-math_err.o)
                0x0000000000111bb8                __math_divzero
 .text.__math_invalid
                0x0000000000111c08       0x1c /opt/devkitpro/devkitARM/bin/../lib/gcc/arm-none-eabi/12.2.0/../../../../arm-none-eabi/lib/armv6k/fpu/libm.a(lib_a-math_err.o)
                0x0000000000111c08                __math_invalid
 .text.__math_check_uflow
                0x0000000000111c24       0x14 /opt/devkitpro/devkitARM/bin/../lib/gcc/arm-none-eabi/12.2.0/../../../../arm-none-eabi/lib/armv6k/fpu/libm.a(lib_a-math_err.o)
                0x0000000000111c24                __math_check_uflow
 .text.__math_check_oflow
                0x0000000000111c38       0x28 /opt/devkitpro/devkitARM/bin/../lib/gcc/arm-none-eabi/12.2.0/../../../../arm-none-eabi/lib/armv6k/fpu/libm.a(lib_a-math_err.o)
                0x0000000000111c38                __math_check_oflow
 .text.floor    0x0000000000111c60      0x144 /opt/devkitpro/devkitARM/bin/../lib/gcc/arm-none-eabi/12.2.0/../../../../arm-none-eabi/lib/armv6k/fpu/libm.a(lib_a-s_floor.o)
                0x0000000000111c60                floor
 *fill*         0x0000000000111da4        0x4 
 .text.scalbn   0x0000000000111da8      0x140 /opt/devkitpro/devkitARM/bin/../lib/gcc/arm-none-eabi/12.2.0/../../../../arm-none-eabi/lib/armv6k/fpu/libm.a(lib_a-s_scalbn.o)
                0x0000000000111da8                scalbn
 .text.__udivmoddi4
                0x0000000000111ee8      0x120 /opt/devkitpro/devkitARM/bin/../lib/gcc/arm-none-eabi/12.2.0/armv6k/fpu/libgcc.a(_udivmoddi4.o)
                0x0000000000111ee8                __udivmoddi4
 .text.bsearch  0x0000000000112008       0x78 /opt/devkitpro/devkitARM/bin/../lib/gcc/arm-none-eabi/12.2.0/../../../../arm-none-eabi/lib/armv6k/fpu/libg.a(lib_a-bsearch.o)
                0x0000000000112008                bsearch
 .text.calloc   0x0000000000112080       0x20 /opt/devkitpro/devkitARM/bin/../lib/gcc/arm-none-eabi/12.2.0/../../../../arm-none-eabi/lib/armv6k/fpu/libg.a(lib_a-calloc.o)
                0x0000000000112080                calloc
 .text._calloc_r
                0x00000000001120a0       0xc0 /opt/devkitpro/devkitARM/bin/../lib/gcc/arm-none-eabi/12.2.0/../../../../arm-none-eabi/lib/armv6k/fpu/libg.a(lib_a-callocr.o)
                0x00000000001120a0                _calloc_r
 .text.__errno  0x0000000000112160        0xc /opt/devkitpro/devkitARM/bin/../lib/gcc/arm-none-eabi/12.2.0/../../../../arm-none-eabi/lib/armv6k/fpu/libg.a(lib_a-errno.o)
                0x0000000000112160                __errno
 .text.exit     0x000000000011216c       0x34 /opt/devkitpro/devkitARM/bin/../lib/gcc/arm-none-eabi/12.2.0/../../../../arm-none-eabi/lib/armv6k/fpu/libg.a(lib_a-exit.o)
                0x000000000011216c                exit
 .text.__sflush_r
                0x00000000001121a0      0x234 /opt/devkitpro/devkitARM/bin/../lib/gcc/arm-none-eabi/12.2.0/../../../../arm-none-eabi/lib/armv6k/fpu/libg.a(lib_a-fflush.o)
                0x00000000001121a0                __sflush_r
 .text._fflush_r
                0x00000000001123d4       0x94 /opt/devkitpro/devkitARM/bin/../lib/gcc/arm-none-eabi/12.2.0/../../../../arm-none-eabi/lib/armv6k/fpu/libg.a(lib_a-fflush.o)
                0x00000000001123d4                _fflush_r
 .text._cleanup_r
                0x0000000000112468        0xc /opt/devkitpro/devkitARM/bin/../lib/gcc/arm-none-eabi/12.2.0/../../../../arm-none-eabi/lib/armv6k/fpu/libg.a(lib_a-findfp.o)
                0x0000000000112468                _cleanup_r
 .text.__sinit  0x0000000000112474      0x184 /opt/devkitpro/devkitARM/bin/../lib/gcc/arm-none-eabi/12.2.0/../../../../arm-none-eabi/lib/armv6k/fpu/libg.a(lib_a-findfp.o)
                0x0000000000112474                __sinit
 .text.__sfp_lock_acquire
                0x00000000001125f8        0xc /opt/devkitpro/devkitARM/bin/../lib/gcc/arm-none-eabi/12.2.0/../../../../arm-none-eabi/lib/armv6k/fpu/libg.a(lib_a-findfp.o)
                0x00000000001125f8                __sfp_lock_acquire
 .text.__sfp_lock_release
                0x0000000000112604        0xc /opt/devkitpro/devkitARM/bin/../lib/gcc/arm-none-eabi/12.2.0/../../../../arm-none-eabi/lib/armv6k/fpu/libg.a(lib_a-findfp.o)
                0x0000000000112604                __sfp_lock_release
 .text.__libc_fini_array
                0x0000000000112610       0x3c /opt/devkitpro/devkitARM/bin/../lib/gcc/arm-none-eabi/12.2.0/../../../../arm-none-eabi/lib/armv6k/fpu/libg.a(lib_a-fini.o)
                0x0000000000112610                __libc_fini_array
 .text._malloc_trim_r
                0x000000000011264c       0xf8 /opt/devkitpro/devkitARM/bin/../lib/gcc/arm-none-eabi/12.2.0/../../../../arm-none-eabi/lib/armv6k/fpu/libg.a(lib_a-freer.o)
                0x000000000011264c                _malloc_trim_r
 .text._free_r  0x0000000000112744      0x2e8 /opt/devkitpro/devkitARM/bin/../lib/gcc/arm-none-eabi/12.2.0/../../../../arm-none-eabi/lib/armv6k/fpu/libg.a(lib_a-freer.o)
                0x0000000000112744                _free_r
 .text._fwalk_reent
                0x0000000000112a2c       0x70 /opt/devkitpro/devkitARM/bin/../lib/gcc/arm-none-eabi/12.2.0/../../../../arm-none-eabi/lib/armv6k/fpu/libg.a(lib_a-fwalk.o)
                0x0000000000112a2c                _fwalk_reent
 .text.__libc_init_array
                0x0000000000112a9c       0x84 /opt/devkitpro/devkitARM/bin/../lib/gcc/arm-none-eabi/12.2.0/../../../../arm-none-eabi/lib/armv6k/fpu/libg.a(lib_a-init.o)
                0x0000000000112a9c                __libc_init_array
 .text.memalign
                0x0000000000112b20       0x20 /opt/devkitpro/devkitARM/bin/../lib/gcc/arm-none-eabi/12.2.0/../../../../arm-none-eabi/lib/armv6k/fpu/libg.a(lib_a-malign.o)
                0x0000000000112b20                memalign
 .text._memalign_r
                0x0000000000112b40      0x14c /opt/devkitpro/devkitARM/bin/../lib/gcc/arm-none-eabi/12.2.0/../../../../arm-none-eabi/lib/armv6k/fpu/libg.a(lib_a-malignr.o)
                0x0000000000112b40                _memalign_r
 .text.malloc   0x0000000000112c8c       0x18 /opt/devkitpro/devkitARM/bin/../lib/gcc/arm-none-eabi/12.2.0/../../../../arm-none-eabi/lib/armv6k/fpu/libg.a(lib_a-malloc.o)
                0x0000000000112c8c                malloc
 .text.free     0x0000000000112ca4       0x18 /opt/devkitpro/devkitARM/bin/../lib/gcc/arm-none-eabi/12.2.0/../../../../arm-none-eabi/lib/armv6k/fpu/libg.a(lib_a-malloc.o)
                0x0000000000112ca4                free
 .text._malloc_r
                0x0000000000112cbc      0x7e4 /opt/devkitpro/devkitARM/bin/../lib/gcc/arm-none-eabi/12.2.0/../../../../arm-none-eabi/lib/armv6k/fpu/libg.a(lib_a-mallocr.o)
                0x0000000000112cbc                _malloc_r
 .text.memchr   0x00000000001134a0       0xe4 /opt/devkitpro/devkitARM/bin/../lib/gcc/arm-none-eabi/12.2.0/../../../../arm-none-eabi/lib/armv6k/fpu/libg.a(lib_a-memchr-stub.o)
                0x00000000001134a0                memchr
 .text.memcpy   0x0000000000113584      0x118 /opt/devkitpro/devkitARM/bin/../lib/gcc/arm-none-eabi/12.2.0/../../../../arm-none-eabi/lib/armv6k/fpu/libg.a(lib_a-memcpy-stub.o)
                0x0000000000113584                memcpy
 .text.memset   0x000000000011369c       0xf4 /opt/devkitpro/devkitARM/bin/../lib/gcc/arm-none-eabi/12.2.0/../../../../arm-none-eabi/lib/armv6k/fpu/libg.a(lib_a-memset.o)
                0x000000000011369c                memset
 .text.__malloc_lock
                0x0000000000113790        0xc /opt/devkitpro/devkitARM/bin/../lib/gcc/arm-none-eabi/12.2.0/../../../../arm-none-eabi/lib/armv6k/fpu/libg.a(lib_a-mlock.o)
                0x0000000000113790                __malloc_lock
 .text.__malloc_unlock
                0x000000000011379c        0xc /opt/devkitpro/devkitARM/bin/../lib/gcc/arm-none-eabi/12.2.0/../../../../arm-none-eabi/lib/armv6k/fpu/libg.a(lib_a-mlock.o)
                0x000000000011379c                __malloc_unlock
 .text.printf   0x00000000001137a8       0x34 /opt/devkitpro/devkitARM/bin/../lib/gcc/arm-none-eabi/12.2.0/../../../../arm-none-eabi/lib/armv6k/fpu/libg.a(lib_a-printf.o)
                0x00000000001137a8                printf
 .text.setvbuf  0x00000000001137dc      0x25c /opt/devkitpro/devkitARM/bin/../lib/gcc/arm-none-eabi/12.2.0/../../../../arm-none-eabi/lib/armv6k/fpu/libg.a(lib_a-setvbuf.o)
                0x00000000001137dc                setvbuf
 .text.sscanf   0x0000000000113a38       0x74 /opt/devkitpro/devkitARM/bin/../lib/gcc/arm-none-eabi/12.2.0/../../../../arm-none-eabi/lib/armv6k/fpu/libg.a(lib_a-sscanf.o)
                0x0000000000113a38                sscanf
 .text.__sread  0x0000000000113aac       0x44 /opt/devkitpro/devkitARM/bin/../lib/gcc/arm-none-eabi/12.2.0/../../../../arm-none-eabi/lib/armv6k/fpu/libg.a(lib_a-stdio.o)
                0x0000000000113aac                __sread
 .text.__seofread
                0x0000000000113af0        0x8 /opt/devkitpro/devkitARM/bin/../lib/gcc/arm-none-eabi/12.2.0/../../../../arm-none-eabi/lib/armv6k/fpu/libg.a(lib_a-stdio.o)
                0x0000000000113af0                __seofread
 .text.__swrite
                0x0000000000113af8       0x68 /opt/devkitpro/devkitARM/bin/../lib/gcc/arm-none-eabi/12.2.0/../../../../arm-none-eabi/lib/armv6k/fpu/libg.a(lib_a-stdio.o)
                0x0000000000113af8                __swrite
 .text.__sseek  0x0000000000113b60       0x44 /opt/devkitpro/devkitARM/bin/../lib/gcc/arm-none-eabi/12.2.0/../../../../arm-none-eabi/lib/armv6k/fpu/libg.a(lib_a-stdio.o)
                0x0000000000113b60                __sseek
 .text.__sclose
                0x0000000000113ba4        0x8 /opt/devkitpro/devkitARM/bin/../lib/gcc/arm-none-eabi/12.2.0/../../../../arm-none-eabi/lib/armv6k/fpu/libg.a(lib_a-stdio.o)
                0x0000000000113ba4                __sclose
 .text.strlen   0x0000000000113bac       0x5c /opt/devkitpro/devkitARM/bin/../lib/gcc/arm-none-eabi/12.2.0/../../../../arm-none-eabi/lib/armv6k/fpu/libg.a(lib_a-strlen-stub.o)
                0x0000000000113bac                strlen
 .text.strncat  0x0000000000113c08       0xe4 /opt/devkitpro/devkitARM/bin/../lib/gcc/arm-none-eabi/12.2.0/../../../../arm-none-eabi/lib/armv6k/fpu/libg.a(lib_a-strncat.o)
                0x0000000000113c08                strncat
 .text.strncmp  0x0000000000113cec       0xe4 /opt/devkitpro/devkitARM/bin/../lib/gcc/arm-none-eabi/12.2.0/../../../../arm-none-eabi/lib/armv6k/fpu/libg.a(lib_a-strncmp.o)
                0x0000000000113cec                strncmp
 .text.strncpy  0x0000000000113dd0       0xc4 /opt/devkitpro/devkitARM/bin/../lib/gcc/arm-none-eabi/12.2.0/../../../../arm-none-eabi/lib/armv6k/fpu/libg.a(lib_a-strncpy.o)
                0x0000000000113dd0                strncpy
 .text.strnlen  0x0000000000113e94       0x48 /opt/devkitpro/devkitARM/bin/../lib/gcc/arm-none-eabi/12.2.0/../../../../arm-none-eabi/lib/armv6k/fpu/libg.a(lib_a-strnlen.o)
                0x0000000000113e94                strnlen
 .text._strtoul_l.constprop.0
                0x0000000000113edc      0x1c4 /opt/devkitpro/devkitARM/bin/../lib/gcc/arm-none-eabi/12.2.0/../../../../arm-none-eabi/lib/armv6k/fpu/libg.a(lib_a-strtoul.o)
 .text._strtoul_r
                0x00000000001140a0        0x4 /opt/devkitpro/devkitARM/bin/../lib/gcc/arm-none-eabi/12.2.0/../../../../arm-none-eabi/lib/armv6k/fpu/libg.a(lib_a-strtoul.o)
                0x00000000001140a0                _strtoul_r
 .text.strtoul  0x00000000001140a4       0x28 /opt/devkitpro/devkitARM/bin/../lib/gcc/arm-none-eabi/12.2.0/../../../../arm-none-eabi/lib/armv6k/fpu/libg.a(lib_a-strtoul.o)
                0x00000000001140a4                strtoul
 .text.get_arg  0x00000000001140cc       0x50 /opt/devkitpro/devkitARM/bin/../lib/gcc/arm-none-eabi/12.2.0/../../../../arm-none-eabi/lib/armv6k/fpu/libg.a(lib_a-svfscanf.o)
 .text.__ssvfscanf_r
                0x000000000011411c     0x2c38 /opt/devkitpro/devkitARM/bin/../lib/gcc/arm-none-eabi/12.2.0/../../../../arm-none-eabi/lib/armv6k/fpu/libg.a(lib_a-svfscanf.o)
                0x000000000011411c                __ssvfscanf_r
 .text.get_arg  0x0000000000116d54      0x66c /opt/devkitpro/devkitARM/bin/../lib/gcc/arm-none-eabi/12.2.0/../../../../arm-none-eabi/lib/armv6k/fpu/libg.a(lib_a-vfprintf.o)
 .text._vfprintf_r
                0x00000000001173c0     0x339c /opt/devkitpro/devkitARM/bin/../lib/gcc/arm-none-eabi/12.2.0/../../../../arm-none-eabi/lib/armv6k/fpu/libg.a(lib_a-vfprintf.o)
                0x00000000001173c0                _vfprintf_r
 .text.__sbprintf
                0x000000000011a75c       0xd0 /opt/devkitpro/devkitARM/bin/../lib/gcc/arm-none-eabi/12.2.0/../../../../arm-none-eabi/lib/armv6k/fpu/libg.a(lib_a-vfprintf.o)
 .text._wcrtomb_r
                0x000000000011a82c       0x54 /opt/devkitpro/devkitARM/bin/../lib/gcc/arm-none-eabi/12.2.0/../../../../arm-none-eabi/lib/armv6k/fpu/libg.a(lib_a-wcrtomb.o)
                0x000000000011a82c                _wcrtomb_r
 .text._wcsrtombs_r
                0x000000000011a880       0x28 /opt/devkitpro/devkitARM/bin/../lib/gcc/arm-none-eabi/12.2.0/../../../../arm-none-eabi/lib/armv6k/fpu/libg.a(lib_a-wcsrtombs.o)
                0x000000000011a880                _wcsrtombs_r
 .text.__swsetup_r
                0x000000000011a8a8      0x13c /opt/devkitpro/devkitARM/bin/../lib/gcc/arm-none-eabi/12.2.0/../../../../arm-none-eabi/lib/armv6k/fpu/libg.a(lib_a-wsetup.o)
                0x000000000011a8a8                __swsetup_r
 .text.__call_exitprocs
                0x000000000011a9e4      0x114 /opt/devkitpro/devkitARM/bin/../lib/gcc/arm-none-eabi/12.2.0/../../../../arm-none-eabi/lib/armv6k/fpu/libg.a(lib_a-__call_atexit.o)
                0x000000000011a9e4                __call_exitprocs
 .text.quorem   0x000000000011aaf8      0x1b0 /opt/devkitpro/devkitARM/bin/../lib/gcc/arm-none-eabi/12.2.0/../../../../arm-none-eabi/lib/armv6k/fpu/libg.a(lib_a-dtoa.o)
 .text._dtoa_r  0x000000000011aca8     0x11f8 /opt/devkitpro/devkitARM/bin/../lib/gcc/arm-none-eabi/12.2.0/../../../../arm-none-eabi/lib/armv6k/fpu/libg.a(lib_a-dtoa.o)
                0x000000000011aca8                _dtoa_r
 .text._fclose_r
                0x000000000011bea0      0x15c /opt/devkitpro/devkitARM/bin/../lib/gcc/arm-none-eabi/12.2.0/../../../../arm-none-eabi/lib/armv6k/fpu/libg.a(lib_a-fclose.o)
                0x000000000011bea0                _fclose_r
 .text.iswspace
                0x000000000011bffc        0x8 /opt/devkitpro/devkitARM/bin/../lib/gcc/arm-none-eabi/12.2.0/../../../../arm-none-eabi/lib/armv6k/fpu/libg.a(lib_a-iswspace.o)
                0x000000000011bffc                iswspace
 .text._localeconv_r
                0x000000000011c004        0xc /opt/devkitpro/devkitARM/bin/../lib/gcc/arm-none-eabi/12.2.0/../../../../arm-none-eabi/lib/armv6k/fpu/libg.a(lib_a-localeconv.o)
                0x000000000011c004                _localeconv_r
 .text.__locale_mb_cur_max
                0x000000000011c010       0x10 /opt/devkitpro/devkitARM/bin/../lib/gcc/arm-none-eabi/12.2.0/../../../../arm-none-eabi/lib/armv6k/fpu/libg.a(lib_a-locale.o)
                0x000000000011c010                __locale_mb_cur_max
 .text.__smakebuf_r
                0x000000000011c020      0x138 /opt/devkitpro/devkitARM/bin/../lib/gcc/arm-none-eabi/12.2.0/../../../../arm-none-eabi/lib/armv6k/fpu/libg.a(lib_a-makebuf.o)
                0x000000000011c020                __smakebuf_r
 .text.__swhatbuf_r
                0x000000000011c158       0x8c /opt/devkitpro/devkitARM/bin/../lib/gcc/arm-none-eabi/12.2.0/../../../../arm-none-eabi/lib/armv6k/fpu/libg.a(lib_a-makebuf.o)
                0x000000000011c158                __swhatbuf_r
 .text._mbrtowc_r
                0x000000000011c1e4       0x68 /opt/devkitpro/devkitARM/bin/../lib/gcc/arm-none-eabi/12.2.0/../../../../arm-none-eabi/lib/armv6k/fpu/libg.a(lib_a-mbrtowc.o)
                0x000000000011c1e4                _mbrtowc_r
 .text.__utf8_mbtowc
                0x000000000011c24c      0x2f8 /opt/devkitpro/devkitARM/bin/../lib/gcc/arm-none-eabi/12.2.0/../../../../arm-none-eabi/lib/armv6k/fpu/libg.a(lib_a-mbtowc_r.o)
                0x000000000011c24c                __utf8_mbtowc
 .text._Balloc  0x000000000011c544       0x88 /opt/devkitpro/devkitARM/bin/../lib/gcc/arm-none-eabi/12.2.0/../../../../arm-none-eabi/lib/armv6k/fpu/libg.a(lib_a-mprec.o)
                0x000000000011c544                _Balloc
 .text._Bfree   0x000000000011c5cc       0x1c /opt/devkitpro/devkitARM/bin/../lib/gcc/arm-none-eabi/12.2.0/../../../../arm-none-eabi/lib/armv6k/fpu/libg.a(lib_a-mprec.o)
                0x000000000011c5cc                _Bfree
 .text.__multadd
                0x000000000011c5e8       0xf4 /opt/devkitpro/devkitARM/bin/../lib/gcc/arm-none-eabi/12.2.0/../../../../arm-none-eabi/lib/armv6k/fpu/libg.a(lib_a-mprec.o)
                0x000000000011c5e8                __multadd
 .text.__s2b    0x000000000011c6dc      0x110 /opt/devkitpro/devkitARM/bin/../lib/gcc/arm-none-eabi/12.2.0/../../../../arm-none-eabi/lib/armv6k/fpu/libg.a(lib_a-mprec.o)
                0x000000000011c6dc                __s2b
 .text.__hi0bits
                0x000000000011c7ec       0x60 /opt/devkitpro/devkitARM/bin/../lib/gcc/arm-none-eabi/12.2.0/../../../../arm-none-eabi/lib/armv6k/fpu/libg.a(lib_a-mprec.o)
                0x000000000011c7ec                __hi0bits
 .text.__lo0bits
                0x000000000011c84c       0x9c /opt/devkitpro/devkitARM/bin/../lib/gcc/arm-none-eabi/12.2.0/../../../../arm-none-eabi/lib/armv6k/fpu/libg.a(lib_a-mprec.o)
                0x000000000011c84c                __lo0bits
 .text.__i2b    0x000000000011c8e8       0xa8 /opt/devkitpro/devkitARM/bin/../lib/gcc/arm-none-eabi/12.2.0/../../../../arm-none-eabi/lib/armv6k/fpu/libg.a(lib_a-mprec.o)
                0x000000000011c8e8                __i2b
 .text.__multiply
                0x000000000011c990      0x204 /opt/devkitpro/devkitARM/bin/../lib/gcc/arm-none-eabi/12.2.0/../../../../arm-none-eabi/lib/armv6k/fpu/libg.a(lib_a-mprec.o)
                0x000000000011c990                __multiply
 .text.__pow5mult
                0x000000000011cb94      0x124 /opt/devkitpro/devkitARM/bin/../lib/gcc/arm-none-eabi/12.2.0/../../../../arm-none-eabi/lib/armv6k/fpu/libg.a(lib_a-mprec.o)
                0x000000000011cb94                __pow5mult
 .text.__lshift
                0x000000000011ccb8      0x140 /opt/devkitpro/devkitARM/bin/../lib/gcc/arm-none-eabi/12.2.0/../../../../arm-none-eabi/lib/armv6k/fpu/libg.a(lib_a-mprec.o)
                0x000000000011ccb8                __lshift
 .text.__mcmp   0x000000000011cdf8       0x58 /opt/devkitpro/devkitARM/bin/../lib/gcc/arm-none-eabi/12.2.0/../../../../arm-none-eabi/lib/armv6k/fpu/libg.a(lib_a-mprec.o)
                0x000000000011cdf8                __mcmp
 .text.__mdiff  0x000000000011ce50      0x1ec /opt/devkitpro/devkitARM/bin/../lib/gcc/arm-none-eabi/12.2.0/../../../../arm-none-eabi/lib/armv6k/fpu/libg.a(lib_a-mprec.o)
                0x000000000011ce50                __mdiff
 .text.__ulp    0x000000000011d03c       0x68 /opt/devkitpro/devkitARM/bin/../lib/gcc/arm-none-eabi/12.2.0/../../../../arm-none-eabi/lib/armv6k/fpu/libg.a(lib_a-mprec.o)
                0x000000000011d03c                __ulp
 .text.__b2d    0x000000000011d0a4       0xd0 /opt/devkitpro/devkitARM/bin/../lib/gcc/arm-none-eabi/12.2.0/../../../../arm-none-eabi/lib/armv6k/fpu/libg.a(lib_a-mprec.o)
                0x000000000011d0a4                __b2d
 .text.__d2b    0x000000000011d174      0x120 /opt/devkitpro/devkitARM/bin/../lib/gcc/arm-none-eabi/12.2.0/../../../../arm-none-eabi/lib/armv6k/fpu/libg.a(lib_a-mprec.o)
                0x000000000011d174                __d2b
 .text.__ratio  0x000000000011d294       0x78 /opt/devkitpro/devkitARM/bin/../lib/gcc/arm-none-eabi/12.2.0/../../../../arm-none-eabi/lib/armv6k/fpu/libg.a(lib_a-mprec.o)
                0x000000000011d294                __ratio
 .text.__copybits
                0x000000000011d30c       0x88 /opt/devkitpro/devkitARM/bin/../lib/gcc/arm-none-eabi/12.2.0/../../../../arm-none-eabi/lib/armv6k/fpu/libg.a(lib_a-mprec.o)
                0x000000000011d30c                __copybits
 .text.__any_on
                0x000000000011d394       0x5c /opt/devkitpro/devkitARM/bin/../lib/gcc/arm-none-eabi/12.2.0/../../../../arm-none-eabi/lib/armv6k/fpu/libg.a(lib_a-mprec.o)
                0x000000000011d394                __any_on
 .text.realloc  0x000000000011d3f0       0x20 /opt/devkitpro/devkitARM/bin/../lib/gcc/arm-none-eabi/12.2.0/../../../../arm-none-eabi/lib/armv6k/fpu/libg.a(lib_a-realloc.o)
                0x000000000011d3f0                realloc
 .text._realloc_r
                0x000000000011d410      0x4a0 /opt/devkitpro/devkitARM/bin/../lib/gcc/arm-none-eabi/12.2.0/../../../../arm-none-eabi/lib/armv6k/fpu/libg.a(lib_a-reallocr.o)
                0x000000000011d410                _realloc_r
 .text.__sccl   0x000000000011d8b0       0xf4 /opt/devkitpro/devkitARM/bin/../lib/gcc/arm-none-eabi/12.2.0/../../../../arm-none-eabi/lib/armv6k/fpu/libg.a(lib_a-sccl.o)
                0x000000000011d8b0                __sccl
 .text.nanf     0x000000000011d9a4        0xc /opt/devkitpro/devkitARM/bin/../lib/gcc/arm-none-eabi/12.2.0/../../../../arm-none-eabi/lib/armv6k/fpu/libg.a(lib_a-sf_nan.o)
                0x000000000011d9a4                nanf
 .text.frexp    0x000000000011d9b0       0x88 /opt/devkitpro/devkitARM/bin/../lib/gcc/arm-none-eabi/12.2.0/../../../../arm-none-eabi/lib/armv6k/fpu/libg.a(lib_a-s_frexp.o)
                0x000000000011d9b0                frexp
 .text.sprintf  0x000000000011da38       0x64 /opt/devkitpro/devkitARM/bin/../lib/gcc/arm-none-eabi/12.2.0/../../../../arm-none-eabi/lib/armv6k/fpu/libg.a(lib_a-sprintf.o)
                0x000000000011da38                sprintf
 .text.stpncpy  0x000000000011da9c       0xcc /opt/devkitpro/devkitARM/bin/../lib/gcc/arm-none-eabi/12.2.0/../../../../arm-none-eabi/lib/armv6k/fpu/libg.a(lib_a-stpncpy.o)
                0x000000000011da9c                stpncpy
 .text.strchr   0x000000000011db68      0x130 /opt/devkitpro/devkitARM/bin/../lib/gcc/arm-none-eabi/12.2.0/../../../../arm-none-eabi/lib/armv6k/fpu/libg.a(lib_a-strchr.o)
                0x000000000011db68                strchr
 .text.sulp     0x000000000011dc98       0x64 /opt/devkitpro/devkitARM/bin/../lib/gcc/arm-none-eabi/12.2.0/../../../../arm-none-eabi/lib/armv6k/fpu/libg.a(lib_a-strtod.o)
 *fill*         0x000000000011dcfc        0x4 
 .text._strtod_l
                0x000000000011dd00     0x13a8 /opt/devkitpro/devkitARM/bin/../lib/gcc/arm-none-eabi/12.2.0/../../../../arm-none-eabi/lib/armv6k/fpu/libg.a(lib_a-strtod.o)
                0x000000000011dd00                _strtod_l
 .text._strtod_r
                0x000000000011f0a8        0xc /opt/devkitpro/devkitARM/bin/../lib/gcc/arm-none-eabi/12.2.0/../../../../arm-none-eabi/lib/armv6k/fpu/libg.a(lib_a-strtod.o)
                0x000000000011f0a8                _strtod_r
 .text._strtoll_l.constprop.0
                0x000000000011f0b4      0x22c /opt/devkitpro/devkitARM/bin/../lib/gcc/arm-none-eabi/12.2.0/../../../../arm-none-eabi/lib/armv6k/fpu/libg.a(lib_a-strtoll.o)
 .text._strtoll_r
                0x000000000011f2e0        0x4 /opt/devkitpro/devkitARM/bin/../lib/gcc/arm-none-eabi/12.2.0/../../../../arm-none-eabi/lib/armv6k/fpu/libg.a(lib_a-strtoll.o)
                0x000000000011f2e0                _strtoll_r
 .text._strtol_l.part.0
                0x000000000011f2e4      0x1a4 /opt/devkitpro/devkitARM/bin/../lib/gcc/arm-none-eabi/12.2.0/../../../../arm-none-eabi/lib/armv6k/fpu/libg.a(lib_a-strtol.o)
 .text._strtol_r
                0x000000000011f488       0x3c /opt/devkitpro/devkitARM/bin/../lib/gcc/arm-none-eabi/12.2.0/../../../../arm-none-eabi/lib/armv6k/fpu/libg.a(lib_a-strtol.o)
                0x000000000011f488                _strtol_r
 .text._strtoull_l.constprop.0
                0x000000000011f4c4      0x244 /opt/devkitpro/devkitARM/bin/../lib/gcc/arm-none-eabi/12.2.0/../../../../arm-none-eabi/lib/armv6k/fpu/libg.a(lib_a-strtoull.o)
 .text._strtoull_r
                0x000000000011f708        0x4 /opt/devkitpro/devkitARM/bin/../lib/gcc/arm-none-eabi/12.2.0/../../../../arm-none-eabi/lib/armv6k/fpu/libg.a(lib_a-strtoull.o)
                0x000000000011f708                _strtoull_r
 .text.__ssprint_r
                0x000000000011f70c      0x188 /opt/devkitpro/devkitARM/bin/../lib/gcc/arm-none-eabi/12.2.0/../../../../arm-none-eabi/lib/armv6k/fpu/libg.a(lib_a-svfiprintf.o)
                0x000000000011f70c                __ssprint_r
 .text._sungetc_r
                0x000000000011f894       0xd4 /opt/devkitpro/devkitARM/bin/../lib/gcc/arm-none-eabi/12.2.0/../../../../arm-none-eabi/lib/armv6k/fpu/libg.a(lib_a-svfiscanf.o)
                0x000000000011f894                _sungetc_r
 .text.__ssrefill_r
                0x000000000011f968       0x6c /opt/devkitpro/devkitARM/bin/../lib/gcc/arm-none-eabi/12.2.0/../../../../arm-none-eabi/lib/armv6k/fpu/libg.a(lib_a-svfiscanf.o)
                0x000000000011f968                __ssrefill_r
 .text._sfread_r
                0x000000000011f9d4       0xc4 /opt/devkitpro/devkitARM/bin/../lib/gcc/arm-none-eabi/12.2.0/../../../../arm-none-eabi/lib/armv6k/fpu/libg.a(lib_a-svfiscanf.o)
                0x000000000011f9d4                _sfread_r
 .text.get_arg  0x000000000011fa98      0x66c /opt/devkitpro/devkitARM/bin/../lib/gcc/arm-none-eabi/12.2.0/../../../../arm-none-eabi/lib/armv6k/fpu/libg.a(lib_a-svfprintf.o)
 *fill*         0x0000000000120104        0x4 
 .text._svfprintf_r
                0x0000000000120108     0x3334 /opt/devkitpro/devkitARM/bin/../lib/gcc/arm-none-eabi/12.2.0/../../../../arm-none-eabi/lib/armv6k/fpu/libg.a(lib_a-svfprintf.o)
                0x0000000000120108                _svfprintf_r
 .text.__submore
                0x000000000012343c       0xa8 /opt/devkitpro/devkitARM/bin/../lib/gcc/arm-none-eabi/12.2.0/../../../../arm-none-eabi/lib/armv6k/fpu/libg.a(lib_a-ungetc.o)
                0x000000000012343c                __submore
 .text.get_arg  0x00000000001234e4      0x66c /opt/devkitpro/devkitARM/bin/../lib/gcc/arm-none-eabi/12.2.0/../../../../arm-none-eabi/lib/armv6k/fpu/libg.a(lib_a-vfiprintf.o)
 .text.__sprint_r
                0x0000000000123b50       0x30 /opt/devkitpro/devkitARM/bin/../lib/gcc/arm-none-eabi/12.2.0/../../../../arm-none-eabi/lib/armv6k/fpu/libg.a(lib_a-vfiprintf.o)
                0x0000000000123b50                __sprint_r
 .text._vfiprintf_r
                0x0000000000123b80     0x22ec /opt/devkitpro/devkitARM/bin/../lib/gcc/arm-none-eabi/12.2.0/../../../../arm-none-eabi/lib/armv6k/fpu/libg.a(lib_a-vfiprintf.o)
                0x0000000000123b80                _vfiprintf_r
 .text.__sbprintf
                0x0000000000125e6c       0xd0 /opt/devkitpro/devkitARM/bin/../lib/gcc/arm-none-eabi/12.2.0/../../../../arm-none-eabi/lib/armv6k/fpu/libg.a(lib_a-vfiprintf.o)
 .text._wcsnrtombs_l
                0x0000000000125f3c      0x188 /opt/devkitpro/devkitARM/bin/../lib/gcc/arm-none-eabi/12.2.0/../../../../arm-none-eabi/lib/armv6k/fpu/libg.a(lib_a-wcsnrtombs.o)
                0x0000000000125f3c                _wcsnrtombs_l