Archive member included to satisfy reference by file (symbol)

/opt/devkitpro/libctru/lib/libcitro2d.a(base.o)
                              main.o (C2D_Init)
/opt/devkitpro/libctru/lib/libcitro2d.a(render2d.shbin.o)
                              /opt/devkitpro/libctru/lib/libcitro2d.a(base.o) (render2d_shbin)
/opt/devkitpro/libctru/lib/libcitro3d.a(base.o)
                              main.o (C3D_Init)
/opt/devkitpro/libctru/lib/libcitro3d.a(renderqueue.o)
                              /opt/devkitpro/libctru/lib/libcitro3d.a(base.o) (C3Di_RenderQueueEnableVBlank)
/opt/devkitpro/libctru/lib/libcitro3d.a(texture.o)
                              /opt/devkitpro/libctru/lib/libcitro2d.a(base.o) (C3D_TexBind)
/opt/devkitpro/libctru/lib/libcitro3d.a(framebuffer.o)
                              /opt/devkitpro/libctru/lib/libcitro3d.a(renderqueue.o) (C3D_CalcColorBufSize)
/opt/devkitpro/libctru/lib/libcitro3d.a(texenv.o)
                              /opt/devkitpro/libctru/lib/libcitro2d.a(base.o) (C3D_GetTexEnv)
/opt/devkitpro/libctru/lib/libcitro3d.a(drawElements.o)
                              /opt/devkitpro/libctru/lib/libcitro2d.a(base.o) (C3D_DrawElements)
/opt/devkitpro/libctru/lib/libcitro3d.a(proctex.o)
                              /opt/devkitpro/libctru/lib/libcitro2d.a(base.o) (C3D_ProcTexInit)
/opt/devkitpro/libctru/lib/libcitro3d.a(buffers.o)
                              /opt/devkitpro/libctru/lib/libcitro2d.a(base.o) (BufInfo_Init)
/opt/devkitpro/libctru/lib/libcitro3d.a(effect.o)
                              /opt/devkitpro/libctru/lib/libcitro3d.a(base.o) (C3D_DepthMap)
/opt/devkitpro/libctru/lib/libcitro3d.a(attribs.o)
                              /opt/devkitpro/libctru/lib/libcitro2d.a(base.o) (AttrInfo_Init)
/opt/devkitpro/libctru/lib/libcitro3d.a(immediate.o)
                              /opt/devkitpro/libctru/lib/libcitro3d.a(base.o) (C3D_ImmSendAttrib)
/opt/devkitpro/libctru/lib/libcitro3d.a(uniforms.o)
                              /opt/devkitpro/libctru/lib/libcitro3d.a(base.o) (C3D_UpdateUniforms)
/opt/devkitpro/libctru/lib/libcitro3d.a(mtx_ortho.o)
                              /opt/devkitpro/libctru/lib/libcitro2d.a(base.o) (Mtx_Ortho)
/opt/devkitpro/libctru/lib/libcitro3d.a(mtx_scale.o)
                              /opt/devkitpro/libctru/lib/libcitro2d.a(base.o) (Mtx_Scale)
/opt/devkitpro/libctru/lib/libcitro3d.a(mtx_multiply.o)
                              /opt/devkitpro/libctru/lib/libcitro2d.a(base.o) (Mtx_Multiply)
/opt/devkitpro/libctru/lib/libcitro3d.a(mtx_orthotilt.o)
                              /opt/devkitpro/libctru/lib/libcitro2d.a(base.o) (Mtx_OrthoTilt)
/opt/devkitpro/libctru/lib/libcitro3d.a(mtx_translate.o)
                              /opt/devkitpro/libctru/lib/libcitro2d.a(base.o) (Mtx_Translate)
/opt/devkitpro/libctru/lib/libcitro3d.a(mtx_rotatez.o)
                              /opt/devkitpro/libctru/lib/libcitro2d.a(base.o) (Mtx_RotateZ)
/opt/devkitpro/libctru/lib/libctru.a(vram.o)
                              /opt/devkitpro/libctru/lib/libcitro3d.a(renderqueue.o) (vramAlloc)
/opt/devkitpro/libctru/lib/libctru.a(linear.o)
                              /opt/devkitpro/libctru/lib/libcitro2d.a(base.o) (linearAlloc)
/opt/devkitpro/libctru/lib/libctru.a(mem_pool.o)
                              /opt/devkitpro/libctru/lib/libctru.a(vram.o) (MemPool::Allocate(MemChunk&, unsigned long, int))
/opt/devkitpro/libctru/lib/libctru.a(os.o)
                              /opt/devkitpro/libctru/lib/libcitro3d.a(texture.o) (osConvertVirtToPhys)
/opt/devkitpro/libctru/lib/libctru.a(gfx.o)
                              main.o (gfxSet3D)
/opt/devkitpro/libctru/lib/libctru.a(shaderProgram.o)
                              /opt/devkitpro/libctru/lib/libcitro2d.a(base.o) (shaderInstanceGetUniformLocation)
/opt/devkitpro/libctru/lib/libctru.a(shbin.o)
                              /opt/devkitpro/libctru/lib/libcitro2d.a(base.o) (DVLB_ParseFile)
/opt/devkitpro/libctru/lib/libctru.a(gx.o)
                              /opt/devkitpro/libctru/lib/libcitro3d.a(renderqueue.o) (GX_BindQueue)
/opt/devkitpro/libctru/lib/libctru.a(gxqueue.o)
                              /opt/devkitpro/libctru/lib/libcitro3d.a(renderqueue.o) (gxCmdQueueClear)
/opt/devkitpro/libctru/lib/libctru.a(gpu.o)
                              /opt/devkitpro/libctru/lib/libcitro3d.a(base.o) (gpuCmdBufOffset)
/opt/devkitpro/libctru/lib/libctru.a(gspgpu.o)
                              /opt/devkitpro/libctru/lib/libctru.a(gfx.o) (gspInit)
/opt/devkitpro/libctru/lib/libctru.a(apt.o)
                              /opt/devkitpro/libctru/lib/libcitro3d.a(base.o) (aptHook)
/opt/devkitpro/libctru/lib/libctru.a(hid.o)
                              main.o (hidScanInput)
/opt/devkitpro/libctru/lib/libctru.a(ptmsysm.o)
                              /opt/devkitpro/libctru/lib/libctru.a(os.o) (ptmSysmInit)
/opt/devkitpro/libctru/lib/libctru.a(rbtree_init.o)
[...]
Memory Configuration

Name             Origin             Length             Attributes
*default*        0x0000000000000000 0xffffffffffffffff

Linker script and memory map

                0x0000000000100000                PROVIDE (__start__ = 0x100000)
                0x0000000000100000                . = __start__

.text           0x0000000000100000    0x1dd3c
 *(.crt0)
 .crt0          0x0000000000100000       0x94 /opt/devkitpro/devkitARM/bin/../lib/gcc/arm-none-eabi/12.2.0/../../../../arm-none-eabi/lib/armv6k/fpu/3dsx_crt0.o
                0x0000000000100000                _start
                0x0000000000100008                __service_ptr
                0x000000000010000c                __apt_appid
                0x0000000000100010                __heap_size
                0x0000000000100014                __linear_heap_size
                0x0000000000100018                __system_arglist
                0x000000000010001c                __system_runflags
 *(.init)
 .init          0x0000000000100094        0xc /opt/devkitpro/devkitARM/bin/../lib/gcc/arm-none-eabi/12.2.0/armv6k/fpu/crti.o
                0x0000000000100094                _init
 .init          0x00000000001000a0        0xc /opt/devkitpro/devkitARM/bin/../lib/gcc/arm-none-eabi/12.2.0/armv6k/fpu/crtn.o
                0x00000000001000ac                . = ALIGN (0x4)
 *(.text)
 .text          0x00000000001000ac       0x3c /opt/devkitpro/devkitARM/bin/../lib/gcc/arm-none-eabi/12.2.0/armv6k/fpu/libgcc.a(_aeabi_uldivmod.o)
                0x00000000001000ac                __aeabi_uldivmod
 .text          0x00000000001000e8        0x4 /opt/devkitpro/devkitARM/bin/../lib/gcc/arm-none-eabi/12.2.0/armv6k/fpu/libgcc.a(_dvmd_tls.o)
                0x00000000001000e8                __aeabi_ldiv0
                0x00000000001000e8                __aeabi_idiv0
 *fill*         0x00000000001000ec       0x14 
 .text          0x0000000000100100      0x390 /opt/devkitpro/devkitARM/bin/../lib/gcc/arm-none-eabi/12.2.0/../../../../arm-none-eabi/lib/armv6k/fpu/libg.a(lib_a-strcmp.o)
                0x0000000000100108                strcmp
 .text          0x0000000000100490      0x20c /opt/devkitpro/devkitARM/bin/../lib/gcc/arm-none-eabi/12.2.0/armv6k/fpu/libgcc.a(_udivsi3.o)
                0x0000000000100490                __udivsi3
                0x0000000000100490                __aeabi_uidiv
                0x000000000010067c                __aeabi_uidivmod
 .text          0x000000000010069c      0x240 /opt/devkitpro/devkitARM/bin/../lib/gcc/arm-none-eabi/12.2.0/armv6k/fpu/libgcc.a(_divsi3.o)
                0x000000000010069c                __aeabi_idiv
                0x000000000010069c                __divsi3
                0x00000000001008bc                __aeabi_idivmod
 *(.text.*)
 .text.__do_global_dtors_aux
                0x00000000001008dc       0x40 /opt/devkitpro/devkitARM/bin/../lib/gcc/arm-none-eabi/12.2.0/armv6k/fpu/crtbegin.o
 .text.frame_dummy
                0x000000000010091c       0x2c /opt/devkitpro/devkitARM/bin/../lib/gcc/arm-none-eabi/12.2.0/armv6k/fpu/crtbegin.o
 .text.C2D_SceneTarget
                0x0000000000100948       0x18 main.o
 .text.C2D_SceneBegin
                0x0000000000100960       0x20 main.o
 .text.C2D_DrawRectSolid
                0x0000000000100980       0x18 main.o
 .text.exitTheGame
                0x0000000000100998       0x14 main.o
                0x0000000000100998                exitTheGame
 .text.setTheObjectScale
                0x00000000001009ac       0x58 main.o
                0x00000000001009ac                setTheObjectScale
 .text.cutANumber
                0x0000000000100a04       0x28 main.o
                0x0000000000100a04                cutANumber
 *fill*         0x0000000000100a2c        0x4 
 .text.handleInput
                0x0000000000100a30      0x27c main.o
                0x0000000000100a30                handleInput
 *fill*         0x0000000000100cac        0x4 
 .text.main     0x0000000000100cb0     0x1218 main.o
                0x0000000000100cb0                main
 .text.C2Di_FrameEndHook
                0x0000000000101ec8       0x44 /opt/devkitpro/libctru/lib/libcitro2d.a(base.o)
 *fill*         0x0000000000101f0c        0x4 
 .text.C2D_Init
                0x0000000000101f10      0x36c /opt/devkitpro/libctru/lib/libcitro2d.a(base.o)
                0x0000000000101f10                C2D_Init
 .text.C2D_Fini
                0x000000000010227c       0x4c /opt/devkitpro/libctru/lib/libcitro2d.a(base.o)
                0x000000000010227c                C2D_Fini
 .text.C2D_Prepare
                0x00000000001022c8       0xb8 /opt/devkitpro/libctru/lib/libcitro2d.a(base.o)
                0x00000000001022c8                C2D_Prepare
 .text.C2D_Flush
                0x0000000000102380       0x48 /opt/devkitpro/libctru/lib/libcitro2d.a(base.o)
                0x0000000000102380                C2D_Flush
 .text.C2D_SceneSize
                0x00000000001023c8      0x104 /opt/devkitpro/libctru/lib/libcitro2d.a(base.o)
                0x00000000001023c8                C2D_SceneSize
 .text.C2D_CreateScreenTarget
                0x00000000001024cc       0x58 /opt/devkitpro/libctru/lib/libcitro2d.a(base.o)
                0x00000000001024cc                C2D_CreateScreenTarget
 .text.C2D_TargetClear
                0x0000000000102524       0x64 /opt/devkitpro/libctru/lib/libcitro2d.a(base.o)
                0x0000000000102524                C2D_TargetClear
 .text.C2Di_AppendQuad
                0x0000000000102588       0x58 /opt/devkitpro/libctru/lib/libcitro2d.a(base.o)
                0x0000000000102588                C2Di_AppendQuad
 .text.C2Di_Update
                0x00000000001025e0      0x550 /opt/devkitpro/libctru/lib/libcitro2d.a(base.o)
                0x00000000001025e0                C2Di_Update
 .text.C2D_DrawLine
                0x0000000000102b30      0x1dc /opt/devkitpro/libctru/lib/libcitro2d.a(base.o)
                0x0000000000102b30                C2D_DrawLine
 .text.C2D_DrawRectangle
                0x0000000000102d0c      0x158 /opt/devkitpro/libctru/lib/libcitro2d.a(base.o)
                0x0000000000102d0c                C2D_DrawRectangle
 .text.C3Di_LightEnvUpdate
                0x0000000000102e64        0x4 /opt/devkitpro/libctru/lib/libcitro3d.a(base.o)
                0x0000000000102e64                C3Di_LightEnvUpdate
 .text.C3Di_LightEnvDirty
                0x0000000000102e68        0x4 /opt/devkitpro/libctru/lib/libcitro3d.a(base.o)
                0x0000000000102e68                C3Di_LightEnvDirty
 .text.C3Di_AptEventHook
                0x0000000000102e6c       0xb4 /opt/devkitpro/libctru/lib/libcitro3d.a(base.o)
 .text.C3Di_GasUpdate
                0x0000000000102f20        0x4 /opt/devkitpro/libctru/lib/libcitro3d.a(base.o)
                0x0000000000102f20                C3Di_GasUpdate
 .text.C3D_Init
                0x0000000000102f24      0x1e0 /opt/devkitpro/libctru/lib/libcitro3d.a(base.o)
                0x0000000000102f24                C3D_Init
 .text.C3D_SetViewport
                0x0000000000103104       0x98 /opt/devkitpro/libctru/lib/libcitro3d.a(base.o)
                0x0000000000103104                C3D_SetViewport
 .text.C3Di_UpdateContext
                0x000000000010319c      0x4e8 /opt/devkitpro/libctru/lib/libcitro3d.a(base.o)
                0x000000000010319c                C3Di_UpdateContext
 .text.C3Di_SplitFrame
                0x0000000000103684       0xe0 /opt/devkitpro/libctru/lib/libcitro3d.a(base.o)
                0x0000000000103684                C3Di_SplitFrame
 .text.C3D_Fini
                0x0000000000103764       0x44 /opt/devkitpro/libctru/lib/libcitro3d.a(base.o)
                0x0000000000103764                C3D_Fini
 .text.C3D_BindProgram
                0x00000000001037a8      0x114 /opt/devkitpro/libctru/lib/libcitro3d.a(base.o)
                0x00000000001037a8                C3D_BindProgram
 .text.onVBlank0
                0x00000000001038bc       0x4c /opt/devkitpro/libctru/lib/libcitro3d.a(renderqueue.o)
 .text.onVBlank1
                0x0000000000103908       0x4c /opt/devkitpro/libctru/lib/libcitro3d.a(renderqueue.o)
 .text.C3Di_RenderTargetDestroy
                0x0000000000103954       0x80 /opt/devkitpro/libctru/lib/libcitro3d.a(renderqueue.o)
 .text.onQueueFinish
                0x00000000001039d4       0xf4 /opt/devkitpro/libctru/lib/libcitro3d.a(renderqueue.o)
 .text.C3Di_RenderQueueEnableVBlank
                0x0000000000103ac8       0x38 /opt/devkitpro/libctru/lib/libcitro3d.a(renderqueue.o)
                0x0000000000103ac8                C3Di_RenderQueueEnableVBlank
 .text.C3Di_RenderQueueDisableVBlank
                0x0000000000103b00       0x30 /opt/devkitpro/libctru/lib/libcitro3d.a(renderqueue.o)
                0x0000000000103b00                C3Di_RenderQueueDisableVBlank
 .text.C3Di_RenderQueueInit
                0x0000000000103b30       0x60 /opt/devkitpro/libctru/lib/libcitro3d.a(renderqueue.o)
                0x0000000000103b30                C3Di_RenderQueueInit
 .text.C3Di_RenderQueueExit
                0x0000000000103b90       0xb0 /opt/devkitpro/libctru/lib/libcitro3d.a(renderqueue.o)
                0x0000000000103b90                C3Di_RenderQueueExit
 .text.C3Di_RenderQueueWaitDone
                0x0000000000103c40       0x34 /opt/devkitpro/libctru/lib/libcitro3d.a(renderqueue.o)
                0x0000000000103c40                C3Di_RenderQueueWaitDone
 .text.C3D_FrameBegin
                0x0000000000103c74       0xe4 /opt/devkitpro/libctru/lib/libcitro3d.a(renderqueue.o)
                0x0000000000103c74                C3D_FrameBegin
 .text.C3D_FrameDrawOn
                0x0000000000103d58       0x48 /opt/devkitpro/libctru/lib/libcitro3d.a(renderqueue.o)
                0x0000000000103d58                C3D_FrameDrawOn
 .text.C3D_FrameSplit
                0x0000000000103da0       0x58 /opt/devkitpro/libctru/lib/libcitro3d.a(renderqueue.o)
                0x0000000000103da0                C3D_FrameSplit
 .text.C3D_FrameEnd
                0x0000000000103df8      0x1d8 /opt/devkitpro/libctru/lib/libcitro3d.a(renderqueue.o)
                0x0000000000103df8                C3D_FrameEnd
 .text.C3D_FrameEndHook
                0x0000000000103fd0       0x1c /opt/devkitpro/libctru/lib/libcitro3d.a(renderqueue.o)
                0x0000000000103fd0                C3D_FrameEndHook
 .text.C3D_RenderTargetCreate
                0x0000000000103fec      0x184 /opt/devkitpro/libctru/lib/libcitro3d.a(renderqueue.o)
                0x0000000000103fec                C3D_RenderTargetCreate
 .text.C3D_RenderTargetSetOutput
                0x0000000000104170       0xa8 /opt/devkitpro/libctru/lib/libcitro3d.a(renderqueue.o)
                0x0000000000104170                C3D_RenderTargetSetOutput
 .text.C3D_TexBind
                0x0000000000104218       0x44 /opt/devkitpro/libctru/lib/libcitro3d.a(texture.o)
                0x0000000000104218                C3D_TexBind
 .text.C3Di_SetTex
                0x000000000010425c      0x16c /opt/devkitpro/libctru/lib/libcitro3d.a(texture.o)
                0x000000000010425c                C3Di_SetTex
 .text.C3D_CalcColorBufSize
                0x00000000001043c8       0x1c /opt/devkitpro/libctru/lib/libcitro3d.a(framebuffer.o)
                0x00000000001043c8                C3D_CalcColorBufSize
 .text.C3D_CalcDepthBufSize
                0x00000000001043e4       0x1c /opt/devkitpro/libctru/lib/libcitro3d.a(framebuffer.o)
                0x00000000001043e4                C3D_CalcDepthBufSize
 .text.C3D_SetFrameBuf
                0x0000000000104400       0x44 /opt/devkitpro/libctru/lib/libcitro3d.a(framebuffer.o)
                0x0000000000104400                C3D_SetFrameBuf
 .text.C3Di_FrameBufBind
                0x0000000000104444      0x16c /opt/devkitpro/libctru/lib/libcitro3d.a(framebuffer.o)
                0x0000000000104444                C3Di_FrameBufBind
 .text.C3D_FrameBufClear
                0x00000000001045b0       0xc8 /opt/devkitpro/libctru/lib/libcitro3d.a(framebuffer.o)
                0x00000000001045b0                C3D_FrameBufClear
 .text.C3D_FrameBufTransfer
                0x0000000000104678       0x44 /opt/devkitpro/libctru/lib/libcitro3d.a(framebuffer.o)
                0x0000000000104678                C3D_FrameBufTransfer
 .text.C3D_GetTexEnv
                0x00000000001046bc       0x34 /opt/devkitpro/libctru/lib/libcitro3d.a(texenv.o)
                0x00000000001046bc                C3D_GetTexEnv
 .text.C3Di_TexEnvBind
                0x00000000001046f0       0x24 /opt/devkitpro/libctru/lib/libcitro3d.a(texenv.o)
                0x00000000001046f0                C3Di_TexEnvBind
 .text.C3D_DrawElements
                0x0000000000104714      0x218 /opt/devkitpro/libctru/lib/libcitro3d.a(drawElements.o)
                0x0000000000104714                C3D_DrawElements
 .text.C3D_ProcTexInit
                0x000000000010492c       0x70 /opt/devkitpro/libctru/lib/libcitro3d.a(proctex.o)
                0x000000000010492c                C3D_ProcTexInit
 .text.C3D_ProcTexBind
                0x000000000010499c       0x54 /opt/devkitpro/libctru/lib/libcitro3d.a(proctex.o)
                0x000000000010499c                C3D_ProcTexBind
 .text.C3D_ProcTexLutBind
                0x00000000001049f0       0x5c /opt/devkitpro/libctru/lib/libcitro3d.a(proctex.o)
                0x00000000001049f0                C3D_ProcTexLutBind
 .text.ProcTexLut_FromArray
                0x0000000000104a4c       0xa4 /opt/devkitpro/libctru/lib/libcitro3d.a(proctex.o)
                0x0000000000104a4c                ProcTexLut_FromArray
 .text.C3Di_ProcTexUpdate
                0x0000000000104af0      0x17c /opt/devkitpro/libctru/lib/libcitro3d.a(proctex.o)
                0x0000000000104af0                C3Di_ProcTexUpdate
 .text.C3Di_ProcTexDirty
                0x0000000000104c6c       0x68 /opt/devkitpro/libctru/lib/libcitro3d.a(proctex.o)
                0x0000000000104c6c                C3Di_ProcTexDirty
 .text.BufInfo_Init
                0x0000000000104cd4       0x24 /opt/devkitpro/libctru/lib/libcitro3d.a(buffers.o)
                0x0000000000104cd4                BufInfo_Init
 .text.BufInfo_Add
                0x0000000000104cf8       0x80 /opt/devkitpro/libctru/lib/libcitro3d.a(buffers.o)
                0x0000000000104cf8                BufInfo_Add
 .text.C3D_SetBufInfo
                0x0000000000104d78       0x40 /opt/devkitpro/libctru/lib/libcitro3d.a(buffers.o)
                0x0000000000104d78                C3D_SetBufInfo
 .text.C3Di_BufInfoBind
                0x0000000000104db8       0x48 /opt/devkitpro/libctru/lib/libcitro3d.a(buffers.o)
                0x0000000000104db8                C3Di_BufInfoBind
 .text.C3D_DepthMap
                0x0000000000104e00       0x40 /opt/devkitpro/libctru/lib/libcitro3d.a(effect.o)
                0x0000000000104e00                C3D_DepthMap
 .text.C3D_CullFace
                0x0000000000104e40       0x1c /opt/devkitpro/libctru/lib/libcitro3d.a(effect.o)
                0x0000000000104e40                C3D_CullFace
 .text.C3D_StencilTest
                0x0000000000104e5c       0x40 /opt/devkitpro/libctru/lib/libcitro3d.a(effect.o)
                0x0000000000104e5c                C3D_StencilTest
 .text.C3D_StencilOp
                0x0000000000104e9c       0x24 /opt/devkitpro/libctru/lib/libcitro3d.a(effect.o)
                0x0000000000104e9c                C3D_StencilOp
 .text.C3D_BlendingColor
                0x0000000000104ec0       0x1c /opt/devkitpro/libctru/lib/libcitro3d.a(effect.o)
                0x0000000000104ec0                C3D_BlendingColor
 .text.C3D_EarlyDepthTest
                0x0000000000104edc       0x24 /opt/devkitpro/libctru/lib/libcitro3d.a(effect.o)
                0x0000000000104edc                C3D_EarlyDepthTest
 .text.C3D_DepthTest
                0x0000000000104f00       0x2c /opt/devkitpro/libctru/lib/libcitro3d.a(effect.o)
                0x0000000000104f00                C3D_DepthTest
 .text.C3D_AlphaTest
                0x0000000000104f2c       0x2c /opt/devkitpro/libctru/lib/libcitro3d.a(effect.o)
                0x0000000000104f2c                C3D_AlphaTest
 .text.C3D_AlphaBlend
                0x0000000000104f58       0x50 /opt/devkitpro/libctru/lib/libcitro3d.a(effect.o)
                0x0000000000104f58                C3D_AlphaBlend
 .text.C3D_FragOpMode
                0x0000000000104fa8       0x30 /opt/devkitpro/libctru/lib/libcitro3d.a(effect.o)
                0x0000000000104fa8                C3D_FragOpMode
 .text.C3D_FragOpShadow
                0x0000000000104fd8       0x44 /opt/devkitpro/libctru/lib/libcitro3d.a(effect.o)
                0x0000000000104fd8                C3D_FragOpShadow
 .text.C3Di_EffectBind
                0x000000000010501c      0x1ac /opt/devkitpro/libctru/lib/libcitro3d.a(effect.o)
                0x000000000010501c                C3Di_EffectBind
 .text.AttrInfo_Init
                0x00000000001051c8       0x28 /opt/devkitpro/libctru/lib/libcitro3d.a(attribs.o)
                0x00000000001051c8                AttrInfo_Init
 .text.AttrInfo_AddLoader
                0x00000000001051f0       0x94 /opt/devkitpro/libctru/lib/libcitro3d.a(attribs.o)
                0x00000000001051f0                AttrInfo_AddLoader
 .text.C3D_SetAttrInfo
                0x0000000000105284       0x54 /opt/devkitpro/libctru/lib/libcitro3d.a(attribs.o)
                0x0000000000105284                C3D_SetAttrInfo
 .text.C3Di_AttrInfoBind
                0x00000000001052d8       0x80 /opt/devkitpro/libctru/lib/libcitro3d.a(attribs.o)
                0x00000000001052d8                C3Di_AttrInfoBind
 .text.C3D_ImmSendAttrib
                0x0000000000105358       0xa8 /opt/devkitpro/libctru/lib/libcitro3d.a(immediate.o)
                0x0000000000105358                C3D_ImmSendAttrib
 .text.C3D_UpdateUniforms
                0x0000000000105400      0x280 /opt/devkitpro/libctru/lib/libcitro3d.a(uniforms.o)
                0x0000000000105400                C3D_UpdateUniforms
 .text.C3Di_DirtyUniforms
                0x0000000000105680       0xc0 /opt/devkitpro/libctru/lib/libcitro3d.a(uniforms.o)
                0x0000000000105680                C3Di_DirtyUniforms
 .text.C3Di_LoadShaderUniforms
                0x0000000000105740       0xd8 /opt/devkitpro/libctru/lib/libcitro3d.a(uniforms.o)
                0x0000000000105740                C3Di_LoadShaderUniforms
 .text.C3Di_ClearShaderUniforms
                0x0000000000105818       0x28 /opt/devkitpro/libctru/lib/libcitro3d.a(uniforms.o)
                0x0000000000105818                C3Di_ClearShaderUniforms
 .text.Mtx_Ortho
                0x0000000000105840       0xcc /opt/devkitpro/libctru/lib/libcitro3d.a(mtx_ortho.o)
                0x0000000000105840                Mtx_Ortho
 .text.Mtx_OrthoTilt
                0x000000000010590c       0xcc /opt/devkitpro/libctru/lib/libcitro3d.a(mtx_orthotilt.o)
                0x000000000010590c                Mtx_OrthoTilt
 .text._ZL21addrMapNodeComparatorPK11rbtree_nodeS1_
                0x00000000001059d8       0x24 /opt/devkitpro/libctru/lib/libctru.a(vram.o)
 .text._ZL21addrMapNodeDestructorP11rbtree_node
                0x00000000001059fc        0x4 /opt/devkitpro/libctru/lib/libctru.a(vram.o)
 .text.vramMemAlignAt
                0x0000000000105a00      0x250 /opt/devkitpro/libctru/lib/libctru.a(vram.o)
                0x0000000000105a00                vramMemAlignAt
 .text.vramAlloc
                0x0000000000105c50        0xc /opt/devkitpro/libctru/lib/libctru.a(vram.o)
                0x0000000000105c50                vramAlloc
 .text.vramAllocAt
                0x0000000000105c5c        0xc /opt/devkitpro/libctru/lib/libctru.a(vram.o)
                0x0000000000105c5c                vramAllocAt
 .text.vramFree
                0x0000000000105c68       0x90 /opt/devkitpro/libctru/lib/libctru.a(vram.o)
                0x0000000000105c68                vramFree
 .text._ZL21addrMapNodeComparatorPK11rbtree_nodeS1_
                0x0000000000105cf8       0x24 /opt/devkitpro/libctru/lib/libctru.a(linear.o)
 .text._ZL21addrMapNodeDestructorP11rbtree_node
                0x0000000000105d1c        0x4 /opt/devkitpro/libctru/lib/libctru.a(linear.o)
 .text.linearMemAlign
                0x0000000000105d20      0x120 /opt/devkitpro/libctru/lib/libctru.a(linear.o)
                0x0000000000105d20                linearMemAlign
 .text.linearAlloc
                0x0000000000105e40        0x8 /opt/devkitpro/libctru/lib/libctru.a(linear.o)
                0x0000000000105e40                linearAlloc
 .text.linearFree
                0x0000000000105e48       0x5c /opt/devkitpro/libctru/lib/libctru.a(linear.o)
                0x0000000000105e48                linearFree
 .text._ZN7MemPool13CoalesceRightEP8MemBlock
                0x0000000000105ea4       0x80 /opt/devkitpro/libctru/lib/libctru.a(mem_pool.o)
                0x0000000000105ea4                MemPool::CoalesceRight(MemBlock*)
 .text._ZN7MemPool8AllocateER8MemChunkmi
                0x0000000000105f24      0x16c /opt/devkitpro/libctru/lib/libctru.a(mem_pool.o)
                0x0000000000105f24                MemPool::Allocate(MemChunk&, unsigned long, int)
 .text._ZN7MemPool10DeallocateERK8MemChunk
                0x0000000000106090       0xfc /opt/devkitpro/libctru/lib/libctru.a(mem_pool.o)
                0x0000000000106090                MemPool::Deallocate(MemChunk const&)
 .text._ZN7MemPool12GetFreeSpaceEv
                0x000000000010618c       0x30 /opt/devkitpro/libctru/lib/libctru.a(mem_pool.o)
                0x000000000010618c                MemPool::GetFreeSpace()
 .text.osConvertVirtToPhys
                0x00000000001061bc       0x74 /opt/devkitpro/libctru/lib/libctru.a(os.o)
                0x00000000001061bc                osConvertVirtToPhys
 .text.__ctru_speedup_config
                0x0000000000106230       0x34 /opt/devkitpro/libctru/lib/libctru.a(os.o)
                0x0000000000106230                __ctru_speedup_config
 .text.gfxPresentFramebuffer
                0x0000000000106264       0xd0 /opt/devkitpro/libctru/lib/libctru.a(gfx.o)
 .text.gfxSet3D
                0x0000000000106334       0x10 /opt/devkitpro/libctru/lib/libctru.a(gfx.o)
                0x0000000000106334                gfxSet3D
 .text.gfxIsWide
                0x0000000000106344       0x1c /opt/devkitpro/libctru/lib/libctru.a(gfx.o)
                0x0000000000106344                gfxIsWide
 .text.gfxSetScreenFormat
                0x0000000000106360       0xec /opt/devkitpro/libctru/lib/libctru.a(gfx.o)
                0x0000000000106360                gfxSetScreenFormat
 .text.gfxInit  0x000000000010644c       0xe0 /opt/devkitpro/libctru/lib/libctru.a(gfx.o)
                0x000000000010644c                gfxInit
 .text.gfxInitDefault
                0x000000000010652c       0x10 /opt/devkitpro/libctru/lib/libctru.a(gfx.o)
                0x000000000010652c                gfxInitDefault
 .text.gfxExit  0x000000000010653c       0xb4 /opt/devkitpro/libctru/lib/libctru.a(gfx.o)
                0x000000000010653c                gfxExit
 .text.gfxGetFramebuffer
                0x00000000001065f0       0xa0 /opt/devkitpro/libctru/lib/libctru.a(gfx.o)
                0x00000000001065f0                gfxGetFramebuffer
 .text.gfxScreenSwapBuffers
                0x0000000000106690       0x30 /opt/devkitpro/libctru/lib/libctru.a(gfx.o)
                0x0000000000106690                gfxScreenSwapBuffers
 .text.shaderInstanceInit
                0x00000000001066c0      0x1d4 /opt/devkitpro/libctru/lib/libctru.a(shaderProgram.o)
                0x00000000001066c0                shaderInstanceInit
 .text.shaderInstanceGetUniformLocation
                0x0000000000106894       0x18 /opt/devkitpro/libctru/lib/libctru.a(shaderProgram.o)
                0x0000000000106894                shaderInstanceGetUniformLocation
 .text.shaderProgramInit
                0x00000000001068ac       0x1c /opt/devkitpro/libctru/lib/libctru.a(shaderProgram.o)
                0x00000000001068ac                shaderProgramInit
 .text.shaderProgramFree
                0x00000000001068c8       0x64 /opt/devkitpro/libctru/lib/libctru.a(shaderProgram.o)
                0x00000000001068c8                shaderProgramFree
 .text.shaderProgramSetVsh
                0x000000000010692c       0x80 /opt/devkitpro/libctru/lib/libctru.a(shaderProgram.o)
                0x000000000010692c                shaderProgramSetVsh
 .text.shaderProgramConfigure
                0x00000000001069ac      0x8e0 /opt/devkitpro/libctru/lib/libctru.a(shaderProgram.o)
                0x00000000001069ac                shaderProgramConfigure
 .text.DVLE_GenerateOutmap.part.0
                0x000000000010728c      0x1cc /opt/devkitpro/libctru/lib/libctru.a(shbin.o)
 .text.DVLB_ParseFile
                0x0000000000107458      0x1b4 /opt/devkitpro/libctru/lib/libctru.a(shbin.o)
                0x0000000000107458                DVLB_ParseFile
 .text.DVLB_Free
                0x000000000010760c       0x38 /opt/devkitpro/libctru/lib/libctru.a(shbin.o)
                0x000000000010760c                DVLB_Free
 .text.DVLE_GetUniformRegister
                0x0000000000107644       0x74 /opt/devkitpro/libctru/lib/libctru.a(shbin.o)
                0x0000000000107644                DVLE_GetUniformRegister
 .text.GX_BindQueue
                0x00000000001076b8       0x10 /opt/devkitpro/libctru/lib/libctru.a(gx.o)
                0x00000000001076b8                GX_BindQueue
 .text.GX_ProcessCommandList
                0x00000000001076c8       0x78 /opt/devkitpro/libctru/lib/libctru.a(gx.o)
                0x00000000001076c8                GX_ProcessCommandList
 .text.GX_MemoryFill
                0x0000000000107740       0x74 /opt/devkitpro/libctru/lib/libctru.a(gx.o)
                0x0000000000107740                GX_MemoryFill
 .text.GX_DisplayTransfer
                0x00000000001077b4       0x70 /opt/devkitpro/libctru/lib/libctru.a(gx.o)
                0x00000000001077b4                GX_DisplayTransfer
 .text.gxCmdQueueDoCommands.part.0
                0x0000000000107824       0x68 /opt/devkitpro/libctru/lib/libctru.a(gxqueue.o)
 .text.gxCmdQueueInterrupt
                0x000000000010788c       0xc8 /opt/devkitpro/libctru/lib/libctru.a(gxqueue.o)
                0x000000000010788c                gxCmdQueueInterrupt
 .text.gxCmdQueueClear
                0x0000000000107954       0x4c /opt/devkitpro/libctru/lib/libctru.a(gxqueue.o)
                0x0000000000107954                gxCmdQueueClear
 .text.gxCmdQueueAdd
                0x00000000001079a0       0xf8 /opt/devkitpro/libctru/lib/libctru.a(gxqueue.o)
                0x00000000001079a0                gxCmdQueueAdd
 .text.gxCmdQueueRun
                0x0000000000107a98       0x80 /opt/devkitpro/libctru/lib/libctru.a(gxqueue.o)
                0x0000000000107a98                gxCmdQueueRun
 .text.gxCmdQueueStop
                0x0000000000107b18       0x60 /opt/devkitpro/libctru/lib/libctru.a(gxqueue.o)
                0x0000000000107b18                gxCmdQueueStop
 .text.gxCmdQueueWait
                0x0000000000107b78       0x74 /opt/devkitpro/libctru/lib/libctru.a(gxqueue.o)
                0x0000000000107b78                gxCmdQueueWait
 .text.GPUCMD_Add
                0x0000000000107bec      0x13c /opt/devkitpro/libctru/lib/libctru.a(gpu.o)
                0x0000000000107bec                GPUCMD_Add
 .text.GPUCMD_Split
                0x0000000000107d28       0xb0 /opt/devkitpro/libctru/lib/libctru.a(gpu.o)
                0x0000000000107d28                GPUCMD_Split
 .text.f32tof16
                0x0000000000107dd8       0x34 /opt/devkitpro/libctru/lib/libctru.a(gpu.o)
                0x0000000000107dd8                f32tof16
 .text.f32tof24
                0x0000000000107e0c       0x34 /opt/devkitpro/libctru/lib/libctru.a(gpu.o)
                0x0000000000107e0c                f32tof24
 .text.f32tof31
                0x0000000000107e40       0x38 /opt/devkitpro/libctru/lib/libctru.a(gpu.o)
                0x0000000000107e40                f32tof31
 .text.gspHardwareInit
                0x0000000000107e78      0xc58 /opt/devkitpro/libctru/lib/libctru.a(gspgpu.o)
 .text.gspInit  0x0000000000108ad0      0x248 /opt/devkitpro/libctru/lib/libctru.a(gspgpu.o)
                0x0000000000108ad0                gspInit
 .text.gspExit  0x0000000000108d18       0xf0 /opt/devkitpro/libctru/lib/libctru.a(gspgpu.o)
                0x0000000000108d18                gspExit
 .text.gspHasGpuRight
                0x0000000000108e08       0x10 /opt/devkitpro/libctru/lib/libctru.a(gspgpu.o)
                0x0000000000108e08                gspHasGpuRight
 .text.gspPresentBuffer
                0x0000000000108e18       0xa0 /opt/devkitpro/libctru/lib/libctru.a(gspgpu.o)
                0x0000000000108e18                gspPresentBuffer
 .text.gspSetEventCallback
                0x0000000000108eb8       0x30 /opt/devkitpro/libctru/lib/libctru.a(gspgpu.o)
                0x0000000000108eb8                gspSetEventCallback
 .text.gspWaitForEvent
                0x0000000000108ee8       0x44 /opt/devkitpro/libctru/lib/libctru.a(gspgpu.o)
                0x0000000000108ee8                gspWaitForEvent
 .text.gspWaitForAnyEvent
                0x0000000000108f2c       0x4c /opt/devkitpro/libctru/lib/libctru.a(gspgpu.o)
                0x0000000000108f2c                gspWaitForAnyEvent
 .text.gspEventThreadMain
                0x0000000000108f78      0x158 /opt/devkitpro/libctru/lib/libctru.a(gspgpu.o)
 .text.gspSubmitGxCommand
                0x00000000001090d0      0x130 /opt/devkitpro/libctru/lib/libctru.a(gspgpu.o)
                0x00000000001090d0                gspSubmitGxCommand
 .text.GSPGPU_FlushDataCache
                0x0000000000109200       0x50 /opt/devkitpro/libctru/lib/libctru.a(gspgpu.o)
                0x0000000000109200                GSPGPU_FlushDataCache
 .text.GSPGPU_SetLcdForceBlack
                0x0000000000109250       0x34 /opt/devkitpro/libctru/lib/libctru.a(gspgpu.o)
                0x0000000000109250                GSPGPU_SetLcdForceBlack
 .text.GSPGPU_AcquireRight
                0x0000000000109284       0x68 /opt/devkitpro/libctru/lib/libctru.a(gspgpu.o)
                0x0000000000109284                GSPGPU_AcquireRight
 .text.GSPGPU_ReleaseRight
                0x00000000001092ec       0x48 /opt/devkitpro/libctru/lib/libctru.a(gspgpu.o)
                0x00000000001092ec                GSPGPU_ReleaseRight
 .text.GSPGPU_ImportDisplayCaptureInfo
                0x0000000000109334       0x7c /opt/devkitpro/libctru/lib/libctru.a(gspgpu.o)
                0x0000000000109334                GSPGPU_ImportDisplayCaptureInfo
 .text.GSPGPU_SaveVramSysArea
                0x00000000001093b0       0x2c /opt/devkitpro/libctru/lib/libctru.a(gspgpu.o)
                0x00000000001093b0                GSPGPU_SaveVramSysArea
 .text.GSPGPU_RestoreVramSysArea
                0x00000000001093dc       0x2c /opt/devkitpro/libctru/lib/libctru.a(gspgpu.o)
                0x00000000001093dc                GSPGPU_RestoreVramSysArea
 .text.aptConvertScreenForCapture
                0x0000000000109408      0x1a4 /opt/devkitpro/libctru/lib/libctru.a(apt.o)
 .text.aptDspSleep
                0x00000000001095ac        0x8 /opt/devkitpro/libctru/lib/libctru.a(apt.o)
                0x00000000001095ac                aptDspSleep
 .text.aptDspWakeup
                0x00000000001095b4        0x4 /opt/devkitpro/libctru/lib/libctru.a(apt.o)
                0x00000000001095b4                aptDspWakeup
 .text.aptDspCancel
                0x00000000001095b8        0x4 /opt/devkitpro/libctru/lib/libctru.a(apt.o)
                0x00000000001095b8                aptDspCancel
 .text.aptSendCommand
                0x00000000001095bc      0x158 /opt/devkitpro/libctru/lib/libctru.a(apt.o)
                0x00000000001095bc                aptSendCommand
 *fill*         0x0000000000109714        0x4 
 .text.aptExitProcess
                0x0000000000109718       0x44 /opt/devkitpro/libctru/lib/libctru.a(apt.o)
 .text.aptExit  0x000000000010975c      0x2f4 /opt/devkitpro/libctru/lib/libctru.a(apt.o)
                0x000000000010975c                aptExit
 .text.aptHandleSleep
                0x0000000000109a50       0xe0 /opt/devkitpro/libctru/lib/libctru.a(apt.o)
                0x0000000000109a50                aptHandleSleep
 .text.aptHook  0x0000000000109b30       0x30 /opt/devkitpro/libctru/lib/libctru.a(apt.o)
                0x0000000000109b30                aptHook
 .text.aptUnhook
                0x0000000000109b60       0x30 /opt/devkitpro/libctru/lib/libctru.a(apt.o)
                0x0000000000109b60                aptUnhook
 .text.APT_SleepIfShellClosed
                0x0000000000109b90       0x84 /opt/devkitpro/libctru/lib/libctru.a(apt.o)
                0x0000000000109b90                APT_SleepIfShellClosed
 .text.aptSetSleepAllowed
                0x0000000000109c14       0x84 /opt/devkitpro/libctru/lib/libctru.a(apt.o)
                0x0000000000109c14                aptSetSleepAllowed
 .text.APT_UnlockTransition
                0x0000000000109c98       0x84 /opt/devkitpro/libctru/lib/libctru.a(apt.o)
                0x0000000000109c98                APT_UnlockTransition
 *fill*         0x0000000000109d1c        0x4 
 .text.aptEventHandler
                0x0000000000109d20      0x4a4 /opt/devkitpro/libctru/lib/libctru.a(apt.o)
 .text.APT_ReceiveParameter
                0x000000000010a1c4       0xb0 /opt/devkitpro/libctru/lib/libctru.a(apt.o)
                0x000000000010a1c4                APT_ReceiveParameter
 .text.aptReceiveParameter.constprop.0
                0x000000000010a274       0xb0 /opt/devkitpro/libctru/lib/libctru.a(apt.o)
 *fill*         0x000000000010a324        0x4 
 .text.aptScreenTransfer
                0x000000000010a328      0x2ac /opt/devkitpro/libctru/lib/libctru.a(apt.o)
 .text.aptWaitForWakeUp.isra.0
                0x000000000010a5d4      0x344 /opt/devkitpro/libctru/lib/libctru.a(apt.o)
 .text.aptJumpToHomeMenu
                0x000000000010a918      0x100 /opt/devkitpro/libctru/lib/libctru.a(apt.o)
                0x000000000010a918                aptJumpToHomeMenu
 .text.aptMainLoop
                0x000000000010aa18       0x48 /opt/devkitpro/libctru/lib/libctru.a(apt.o)
                0x000000000010aa18                aptMainLoop
 .text.aptInit  0x000000000010aa60      0x22c /opt/devkitpro/libctru/lib/libctru.a(apt.o)
                0x000000000010aa60                aptInit
 .text.APT_CheckNew3DS
                0x000000000010ac8c       0x7c /opt/devkitpro/libctru/lib/libctru.a(apt.o)
                0x000000000010ac8c                APT_CheckNew3DS
 .text.hidShouldUseIrrst
                0x000000000010ad08       0x24 /opt/devkitpro/libctru/lib/libctru.a(hid.o)
                0x000000000010ad08                hidShouldUseIrrst
 .text.hidInit  0x000000000010ad2c      0x18c /opt/devkitpro/libctru/lib/libctru.a(hid.o)
                0x000000000010ad2c                hidInit
 .text.hidExit  0x000000000010aeb8       0xe8 /opt/devkitpro/libctru/lib/libctru.a(hid.o)
                0x000000000010aeb8                hidExit
 .text.hidScanInput
                0x000000000010afa0      0x2a4 /opt/devkitpro/libctru/lib/libctru.a(hid.o)
                0x000000000010afa0                hidScanInput
 .text.hidKeysHeld
                0x000000000010b244       0x10 /opt/devkitpro/libctru/lib/libctru.a(hid.o)
                0x000000000010b244                hidKeysHeld
 .text.hidKeysDown
                0x000000000010b254       0x10 /opt/devkitpro/libctru/lib/libctru.a(hid.o)
                0x000000000010b254                hidKeysDown
 .text.hidCircleRead
                0x000000000010b264       0x18 /opt/devkitpro/libctru/lib/libctru.a(hid.o)
                0x000000000010b264                hidCircleRead
 .text.ptmSysmInit
                0x000000000010b27c       0x74 /opt/devkitpro/libctru/lib/libctru.a(ptmsysm.o)
                0x000000000010b27c                ptmSysmInit
 .text.ptmSysmExit
                0x000000000010b2f0       0x3c /opt/devkitpro/libctru/lib/libctru.a(ptmsysm.o)
                0x000000000010b2f0                ptmSysmExit
 .text.PTMSYSM_ConfigureNew3DSCPU
                0x000000000010b32c       0x34 /opt/devkitpro/libctru/lib/libctru.a(ptmsysm.o)
                0x000000000010b32c                PTMSYSM_ConfigureNew3DSCPU
 .text.rbtree_init
                0x000000000010b360       0x10 /opt/devkitpro/libctru/lib/libctru.a(rbtree_init.o)
                0x000000000010b360                rbtree_init
 .text.do_insert
                0x000000000010b370      0x1b4 /opt/devkitpro/libctru/lib/libctru.a(rbtree_insert.o)
 .text.rbtree_insert
                0x000000000010b524        0x8 /opt/devkitpro/libctru/lib/libctru.a(rbtree_insert.o)
                0x000000000010b524                rbtree_insert
 .text.rbtree_rotate
                0x000000000010b52c       0x90 /opt/devkitpro/libctru/lib/libctru.a(rbtree_rotate.o)
                0x000000000010b52c                rbtree_rotate
 .text.rbtree_remove
                0x000000000010b5bc      0x318 /opt/devkitpro/libctru/lib/libctru.a(rbtree_remove.o)
                0x000000000010b5bc                rbtree_remove
 .text.rbtree_find
                0x000000000010b8d4       0x74 /opt/devkitpro/libctru/lib/libctru.a(rbtree_find.o)
                0x000000000010b8d4                rbtree_find
 .text.__system_allocateHeaps
                0x000000000010b948      0x1e0 /opt/devkitpro/libctru/lib/libctru.a(allocateHeaps.o)
                0x000000000010b948                __system_allocateHeaps
 .text.__libctru_init
                0x000000000010bb28       0x38 /opt/devkitpro/libctru/lib/libctru.a(ctru_init.o)
                0x000000000010bb28                __libctru_init
 .text.__system_initArgv
                0x000000000010bb60      0x170 /opt/devkitpro/libctru/lib/libctru.a(initArgv.o)
                0x000000000010bb60                __system_initArgv
 .text.svcControlMemory
                0x000000000010bcd0       0x20 /opt/devkitpro/libctru/lib/libctru.a(svc.o)
                0x000000000010bcd0                svcControlMemory
 .text.svcQueryMemory
                0x000000000010bcf0       0x30 /opt/devkitpro/libctru/lib/libctru.a(svc.o)
                0x000000000010bcf0                svcQueryMemory
 .text.svcExitProcess
                0x000000000010bd20        0x8 /opt/devkitpro/libctru/lib/libctru.a(svc.o)
                0x000000000010bd20                svcExitProcess
 .text.svcCreateThread
                0x000000000010bd28       0x20 /opt/devkitpro/libctru/lib/libctru.a(svc.o)
                0x000000000010bd28                svcCreateThread
 .text.svcExitThread
                0x000000000010bd48        0x8 /opt/devkitpro/libctru/lib/libctru.a(svc.o)
                0x000000000010bd48                svcExitThread
 .text.svcSleepThread
                0x000000000010bd50        0x8 /opt/devkitpro/libctru/lib/libctru.a(svc.o)
                0x000000000010bd50                svcSleepThread
 .text.svcReleaseMutex
                0x000000000010bd58        0x8 /opt/devkitpro/libctru/lib/libctru.a(svc.o)
                0x000000000010bd58                svcReleaseMutex
 .text.svcCreateEvent
                0x000000000010bd60       0x14 /opt/devkitpro/libctru/lib/libctru.a(svc.o)
                0x000000000010bd60                svcCreateEvent
 .text.svcSignalEvent
                0x000000000010bd74        0x8 /opt/devkitpro/libctru/lib/libctru.a(svc.o)
                0x000000000010bd74                svcSignalEvent
 .text.svcClearEvent
                0x000000000010bd7c        0x8 /opt/devkitpro/libctru/lib/libctru.a(svc.o)
                0x000000000010bd7c                svcClearEvent
 .text.svcMapMemoryBlock
                0x000000000010bd84        0x8 /opt/devkitpro/libctru/lib/libctru.a(svc.o)
                0x000000000010bd84                svcMapMemoryBlock
 .text.svcUnmapMemoryBlock
                0x000000000010bd8c        0x8 /opt/devkitpro/libctru/lib/libctru.a(svc.o)
                0x000000000010bd8c                svcUnmapMemoryBlock
 .text.svcCreateAddressArbiter
                0x000000000010bd94       0x14 /opt/devkitpro/libctru/lib/libctru.a(svc.o)
                0x000000000010bd94                svcCreateAddressArbiter
 .text.svcArbitrateAddressNoTimeout
                0x000000000010bda8        0x8 /opt/devkitpro/libctru/lib/libctru.a(svc.o)
                0x000000000010bda8                svcArbitrateAddressNoTimeout
 .text.svcCloseHandle
                0x000000000010bdb0        0x8 /opt/devkitpro/libctru/lib/libctru.a(svc.o)
                0x000000000010bdb0                svcCloseHandle
 .text.svcWaitSynchronization
                0x000000000010bdb8        0x8 /opt/devkitpro/libctru/lib/libctru.a(svc.o)
                0x000000000010bdb8                svcWaitSynchronization
 .text.svcWaitSynchronizationN
                0x000000000010bdc0       0x28 /opt/devkitpro/libctru/lib/libctru.a(svc.o)
                0x000000000010bdc0                svcWaitSynchronizationN
 .text.svcDuplicateHandle
                0x000000000010bde8       0x14 /opt/devkitpro/libctru/lib/libctru.a(svc.o)
                0x000000000010bde8                svcDuplicateHandle
 .text.svcGetSystemTick
                0x000000000010bdfc        0x8 /opt/devkitpro/libctru/lib/libctru.a(svc.o)
                0x000000000010bdfc                svcGetSystemTick
 .text.svcConnectToPort
                0x000000000010be04       0x14 /opt/devkitpro/libctru/lib/libctru.a(svc.o)
                0x000000000010be04                svcConnectToPort
 .text.svcSendSyncRequest
                0x000000000010be18        0x8 /opt/devkitpro/libctru/lib/libctru.a(svc.o)
                0x000000000010be18                svcSendSyncRequest
 .text.svcGetResourceLimit
                0x000000000010be20       0x14 /opt/devkitpro/libctru/lib/libctru.a(svc.o)
                0x000000000010be20                svcGetResourceLimit
 .text.svcGetResourceLimitLimitValues
                0x000000000010be34        0x8 /opt/devkitpro/libctru/lib/libctru.a(svc.o)
                0x000000000010be34                svcGetResourceLimitLimitValues
 .text.svcGetResourceLimitCurrentValues
                0x000000000010be3c        0x8 /opt/devkitpro/libctru/lib/libctru.a(svc.o)
                0x000000000010be3c                svcGetResourceLimitCurrentValues
 .text.svcBreak
                0x000000000010be44        0x8 /opt/devkitpro/libctru/lib/libctru.a(svc.o)
                0x000000000010be44                svcBreak
 .text.initSystem
                0x000000000010be4c       0x50 /opt/devkitpro/libctru/lib/libctru.a(stack_adjust.o)
                0x000000000010be4c                initSystem
 .text.__ctru_exit
                0x000000000010be9c       0x18 /opt/devkitpro/libctru/lib/libctru.a(stack_adjust.o)
                0x000000000010be9c                __ctru_exit
 .text.__sync_init
                0x000000000010beb4        0xc /opt/devkitpro/libctru/lib/libctru.a(synchronization.o)
                0x000000000010beb4                __sync_init
 .text.__sync_fini
                0x000000000010bec0       0x18 /opt/devkitpro/libctru/lib/libctru.a(synchronization.o)
                0x000000000010bec0                __sync_fini
 .text.syncArbitrateAddress
                0x000000000010bed8       0x2c /opt/devkitpro/libctru/lib/libctru.a(synchronization.o)
                0x000000000010bed8                syncArbitrateAddress
 .text.LightLock_Lock
                0x000000000010bf04       0xb0 /opt/devkitpro/libctru/lib/libctru.a(synchronization.o)
                0x000000000010bf04                LightLock_Lock
 .text.LightLock_Unlock
                0x000000000010bfb4       0x40 /opt/devkitpro/libctru/lib/libctru.a(synchronization.o)
                0x000000000010bfb4                LightLock_Unlock
 .text.RecursiveLock_Init
                0x000000000010bff4       0x24 /opt/devkitpro/libctru/lib/libctru.a(synchronization.o)
                0x000000000010bff4                RecursiveLock_Init
 .text.RecursiveLock_Lock
                0x000000000010c018       0x30 /opt/devkitpro/libctru/lib/libctru.a(synchronization.o)
                0x000000000010c018                RecursiveLock_Lock
 .text.RecursiveLock_Unlock
                0x000000000010c048       0x54 /opt/devkitpro/libctru/lib/libctru.a(synchronization.o)
                0x000000000010c048                RecursiveLock_Unlock
 .text.LightEvent_Init
                0x000000000010c09c       0x40 /opt/devkitpro/libctru/lib/libctru.a(synchronization.o)
                0x000000000010c09c                LightEvent_Init
 .text.LightEvent_Clear
                0x000000000010c0dc       0xa4 /opt/devkitpro/libctru/lib/libctru.a(synchronization.o)
                0x000000000010c0dc                LightEvent_Clear
 .text.LightEvent_Signal
                0x000000000010c180       0xc8 /opt/devkitpro/libctru/lib/libctru.a(synchronization.o)
                0x000000000010c180                LightEvent_Signal
 .text.LightEvent_TryWait
                0x000000000010c248       0x50 /opt/devkitpro/libctru/lib/libctru.a(synchronization.o)
                0x000000000010c248                LightEvent_TryWait
 .text.LightEvent_Wait
                0x000000000010c298       0xb0 /opt/devkitpro/libctru/lib/libctru.a(synchronization.o)
                0x000000000010c298                LightEvent_Wait
 .text.srvInit  0x000000000010c348      0x130 /opt/devkitpro/libctru/lib/libctru.a(srv.o)
                0x000000000010c348                srvInit
 .text.srvExit  0x000000000010c478       0x58 /opt/devkitpro/libctru/lib/libctru.a(srv.o)
                0x000000000010c478                srvExit
 .text.srvGetServiceHandleDirect
                0x000000000010c4d0       0xa0 /opt/devkitpro/libctru/lib/libctru.a(srv.o)
                0x000000000010c4d0                srvGetServiceHandleDirect
 .text.srvGetServiceHandle
                0x000000000010c570       0x38 /opt/devkitpro/libctru/lib/libctru.a(srv.o)
                0x000000000010c570                srvGetServiceHandle
 .text.srvPublishToSubscriber
                0x000000000010c5a8       0x38 /opt/devkitpro/libctru/lib/libctru.a(srv.o)
                0x000000000010c5a8                srvPublishToSubscriber
 .text.threadCreate
                0x000000000010c5e0      0x178 /opt/devkitpro/libctru/lib/libctru.a(thread.o)
                0x000000000010c5e0                threadCreate
 .text.threadFree
                0x000000000010c758       0x2c /opt/devkitpro/libctru/lib/libctru.a(thread.o)
                0x000000000010c758                threadFree
 .text.threadJoin
                0x000000000010c784       0x24 /opt/devkitpro/libctru/lib/libctru.a(thread.o)
                0x000000000010c784                threadJoin
 .text.threadGetCurrent
                0x000000000010c7a8       0x30 /opt/devkitpro/libctru/lib/libctru.a(thread.o)
                0x000000000010c7a8                threadGetCurrent
 .text.threadExit
                0x000000000010c7d8       0x40 /opt/devkitpro/libctru/lib/libctru.a(thread.o)
                0x000000000010c7d8                threadExit
 .text._thread_begin
                0x000000000010c818       0x20 /opt/devkitpro/libctru/lib/libctru.a(thread.o)
 .text.mappableFindAddressWithin
                0x000000000010c838       0xb4 /opt/devkitpro/libctru/lib/libctru.a(mappable.o)
 .text.mappableInit
                0x000000000010c8ec       0x28 /opt/devkitpro/libctru/lib/libctru.a(mappable.o)
                0x000000000010c8ec                mappableInit
 .text.mappableAlloc
                0x000000000010c914       0x80 /opt/devkitpro/libctru/lib/libctru.a(mappable.o)
                0x000000000010c914                mappableAlloc
 .text.mappableFree
                0x000000000010c994        0x4 /opt/devkitpro/libctru/lib/libctru.a(mappable.o)
                0x000000000010c994                mappableFree
 .text.irrstInit
                0x000000000010c998      0x164 /opt/devkitpro/libctru/lib/libctru.a(irrst.o)
                0x000000000010c998                irrstInit
 .text.irrstExit
                0x000000000010cafc       0xcc /opt/devkitpro/libctru/lib/libctru.a(irrst.o)
                0x000000000010cafc                irrstExit
 .text.irrstScanInput
                0x000000000010cbc8       0xb4 /opt/devkitpro/libctru/lib/libctru.a(irrst.o)
                0x000000000010cbc8                irrstScanInput
 .text.irrstKeysHeld
                0x000000000010cc7c       0x24 /opt/devkitpro/libctru/lib/libctru.a(irrst.o)
                0x000000000010cc7c                irrstKeysHeld
 .text.srvPmGetSessionHandle
                0x000000000010cca0        0xc /opt/devkitpro/libctru/lib/libctru.a(srvpm.o)
                0x000000000010cca0                srvPmGetSessionHandle
 .text.rbtree_node_next
                0x000000000010ccac       0x5c /opt/devkitpro/libctru/lib/libctru.a(rbtree_iterator.o)
                0x000000000010ccac                rbtree_node_next
 .text.__appInit
                0x000000000010cd08       0x30 /opt/devkitpro/libctru/lib/libctru.a(appInit.o)
                0x000000000010cd08                __appInit
 .text.__syscall_getreent
                0x000000000010cd38       0x30 /opt/devkitpro/libctru/lib/libctru.a(syscalls.o)
                0x000000000010cd38                __syscall_getreent
 .text.__syscall_lock_acquire
                0x000000000010cd68        0x4 /opt/devkitpro/libctru/lib/libctru.a(syscalls.o)
                0x000000000010cd68                __syscall_lock_acquire
 .text.__syscall_lock_release
                0x000000000010cd6c        0x4 /opt/devkitpro/libctru/lib/libctru.a(syscalls.o)
                0x000000000010cd6c                __syscall_lock_release
 .text.__syscall_lock_init_recursive
                0x000000000010cd70        0x4 /opt/devkitpro/libctru/lib/libctru.a(syscalls.o)
                0x000000000010cd70                __syscall_lock_init_recursive
 .text.__syscall_lock_acquire_recursive
                0x000000000010cd74        0x4 /opt/devkitpro/libctru/lib/libctru.a(syscalls.o)
                0x000000000010cd74                __syscall_lock_acquire_recursive
 .text.__syscall_lock_release_recursive
                0x000000000010cd78        0x4 /opt/devkitpro/libctru/lib/libctru.a(syscalls.o)
                0x000000000010cd78                __syscall_lock_release_recursive
 .text.__syscall_exit
                0x000000000010cd7c        0x4 /opt/devkitpro/libctru/lib/libctru.a(syscalls.o)
                0x000000000010cd7c                __syscall_exit
 .text.initThreadVars
                0x000000000010cd80       0x50 /opt/devkitpro/libctru/lib/libctru.a(syscalls.o)
                0x000000000010cd80                initThreadVars
 .text.__system_initSyscalls
                0x000000000010cdd0       0x68 /opt/devkitpro/libctru/lib/libctru.a(syscalls.o)
                0x000000000010cdd0                __system_initSyscalls
 .text.__appExit
                0x000000000010ce38       0x30 /opt/devkitpro/libctru/lib/libctru.a(appExit.o)
                0x000000000010ce38                __appExit
 .text.__libctru_exit
                0x000000000010ce68       0x90 /opt/devkitpro/libctru/lib/libctru.a(ctru_exit.o)
                0x000000000010ce68                __libctru_exit
 .text.envGetHandle
                0x000000000010cef8       0x84 /opt/devkitpro/libctru/lib/libctru.a(env.o)
                0x000000000010cef8                envGetHandle
 .text.envDestroyHandles
                0x000000000010cf7c       0x50 /opt/devkitpro/libctru/lib/libctru.a(env.o)
                0x000000000010cf7c                envDestroyHandles
 .text.archive_link
                0x000000000010cfcc       0x14 /opt/devkitpro/libctru/lib/libctru.a(archive_dev.o)
 .text.archive_dirreset
                0x000000000010cfe0       0x14 /opt/devkitpro/libctru/lib/libctru.a(archive_dev.o)
 .text.archive_chmod
                0x000000000010cff4       0x14 /opt/devkitpro/libctru/lib/libctru.a(archive_dev.o)
 .text.error_cmp
                0x000000000010d008       0x24 /opt/devkitpro/libctru/lib/libctru.a(archive_dev.o)
 .text.archive_translate_error
                0x000000000010d02c       0x50 /opt/devkitpro/libctru/lib/libctru.a(archive_dev.o)
 .text.archive_seek
                0x000000000010d07c       0xc8 /opt/devkitpro/libctru/lib/libctru.a(archive_dev.o)
 .text._archiveInit.part.0
                0x000000000010d144       0x7c /opt/devkitpro/libctru/lib/libctru.a(archive_dev.o)
 .text.archiveFindDevice.part.0
                0x000000000010d1c0       0xc4 /opt/devkitpro/libctru/lib/libctru.a(archive_dev.o)
 .text.archive_utf16path
                0x000000000010d284      0x25c /opt/devkitpro/libctru/lib/libctru.a(archive_dev.o)
 .text._archiveUnmountDeviceStruct.part.0
                0x000000000010d4e0       0xa0 /opt/devkitpro/libctru/lib/libctru.a(archive_dev.o)
 .text.archive_fchmod
                0x000000000010d580       0x14 /opt/devkitpro/libctru/lib/libctru.a(archive_dev.o)
 .text.archive_statvfs
                0x000000000010d594       0x14 /opt/devkitpro/libctru/lib/libctru.a(archive_dev.o)
 .text._archiveMountDevice
                0x000000000010d5a8      0x164 /opt/devkitpro/libctru/lib/libctru.a(archive_dev.o)
 .text.archive_diropen
                0x000000000010d70c       0xe8 /opt/devkitpro/libctru/lib/libctru.a(archive_dev.o)
 .text.archive_fstat
                0x000000000010d7f4       0xa4 /opt/devkitpro/libctru/lib/libctru.a(archive_dev.o)
 .text.archive_close
                0x000000000010d898       0x6c /opt/devkitpro/libctru/lib/libctru.a(archive_dev.o)
 .text.archive_fsync
                0x000000000010d904       0x6c /opt/devkitpro/libctru/lib/libctru.a(archive_dev.o)
 .text.archive_dirclose
                0x000000000010d970       0x70 /opt/devkitpro/libctru/lib/libctru.a(archive_dev.o)
 .text.sdmc_statvfs
                0x000000000010d9e0       0xe8 /opt/devkitpro/libctru/lib/libctru.a(archive_dev.o)
 .text.archive_chdir
                0x000000000010dac8       0xec /opt/devkitpro/libctru/lib/libctru.a(archive_dev.o)
 .text.archive_ftruncate
                0x000000000010dbb4       0x7c /opt/devkitpro/libctru/lib/libctru.a(archive_dev.o)
 .text.archive_read
                0x000000000010dc30       0xac /opt/devkitpro/libctru/lib/libctru.a(archive_dev.o)
 .text.archive_unlink
                0x000000000010dcdc       0xa4 /opt/devkitpro/libctru/lib/libctru.a(archive_dev.o)
 .text.archive_rmdir
                0x000000000010dd80       0xbc /opt/devkitpro/libctru/lib/libctru.a(archive_dev.o)
 .text.archive_mkdir
                0x000000000010de3c       0xdc /opt/devkitpro/libctru/lib/libctru.a(archive_dev.o)
 .text.archive_stat
                0x000000000010df18      0x19c /opt/devkitpro/libctru/lib/libctru.a(archive_dev.o)
 .text.archive_dirnext
                0x000000000010e0b4      0x15c /opt/devkitpro/libctru/lib/libctru.a(archive_dev.o)
 .text.archive_write
                0x000000000010e210       0xec /opt/devkitpro/libctru/lib/libctru.a(archive_dev.o)
 .text.archive_open
                0x000000000010e2fc      0x1d4 /opt/devkitpro/libctru/lib/libctru.a(archive_dev.o)
 .text.archive_rename
                0x000000000010e4d0      0x278 /opt/devkitpro/libctru/lib/libctru.a(archive_dev.o)
 .text.archiveMountSdmc
                0x000000000010e748      0x19c /opt/devkitpro/libctru/lib/libctru.a(archive_dev.o)
                0x000000000010e748                archiveMountSdmc
 .text.archiveUnmountAll
                0x000000000010e8e4       0x54 /opt/devkitpro/libctru/lib/libctru.a(archive_dev.o)
                0x000000000010e8e4                archiveUnmountAll
 .text.fsInit   0x000000000010e938       0xcc /opt/devkitpro/libctru/lib/libctru.a(fs.o)
                0x000000000010e938                fsInit
 .text.fsExit   0x000000000010ea04       0x3c /opt/devkitpro/libctru/lib/libctru.a(fs.o)
                0x000000000010ea04                fsExit
 .text.fsExemptFromSession
                0x000000000010ea40       0x60 /opt/devkitpro/libctru/lib/libctru.a(fs.o)
                0x000000000010ea40                fsExemptFromSession
 .text.fsUnexemptFromSession
                0x000000000010eaa0       0x50 /opt/devkitpro/libctru/lib/libctru.a(fs.o)
                0x000000000010eaa0                fsUnexemptFromSession
 .text.FSUSER_OpenFile
                0x000000000010eaf0       0xcc /opt/devkitpro/libctru/lib/libctru.a(fs.o)
                0x000000000010eaf0                FSUSER_OpenFile
 .text.FSUSER_DeleteFile
                0x000000000010ebbc       0xbc /opt/devkitpro/libctru/lib/libctru.a(fs.o)
                0x000000000010ebbc                FSUSER_DeleteFile
 .text.FSUSER_RenameFile
                0x000000000010ec78       0xf8 /opt/devkitpro/libctru/lib/libctru.a(fs.o)
                0x000000000010ec78                FSUSER_RenameFile
 .text.FSUSER_DeleteDirectory
                0x000000000010ed70       0xbc /opt/devkitpro/libctru/lib/libctru.a(fs.o)
                0x000000000010ed70                FSUSER_DeleteDirectory
 .text.FSUSER_CreateFile
                0x000000000010ee2c       0xd4 /opt/devkitpro/libctru/lib/libctru.a(fs.o)
                0x000000000010ee2c                FSUSER_CreateFile
 .text.FSUSER_CreateDirectory
                0x000000000010ef00       0xc4 /opt/devkitpro/libctru/lib/libctru.a(fs.o)
                0x000000000010ef00                FSUSER_CreateDirectory
 .text.FSUSER_RenameDirectory
                0x000000000010efc4       0xf8 /opt/devkitpro/libctru/lib/libctru.a(fs.o)
                0x000000000010efc4                FSUSER_RenameDirectory
 .text.FSUSER_OpenDirectory
                0x000000000010f0bc       0xb4 /opt/devkitpro/libctru/lib/libctru.a(fs.o)
                0x000000000010f0bc                FSUSER_OpenDirectory
 .text.FSUSER_OpenArchive
                0x000000000010f170       0x98 /opt/devkitpro/libctru/lib/libctru.a(fs.o)
                0x000000000010f170                FSUSER_OpenArchive
 .text.FSUSER_CloseArchive
                0x000000000010f208       0x8c /opt/devkitpro/libctru/lib/libctru.a(fs.o)
                0x000000000010f208                FSUSER_CloseArchive
 .text.FSUSER_GetSdmcArchiveResource
                0x000000000010f294       0x74 /opt/devkitpro/libctru/lib/libctru.a(fs.o)
                0x000000000010f294                FSUSER_GetSdmcArchiveResource
 .text.FSUSER_IsSdmcWritable
                0x000000000010f308       0x64 /opt/devkitpro/libctru/lib/libctru.a(fs.o)
                0x000000000010f308                FSUSER_IsSdmcWritable
 .text.FSFILE_Read
                0x000000000010f36c       0x58 /opt/devkitpro/libctru/lib/libctru.a(fs.o)
                0x000000000010f36c                FSFILE_Read
 .text.FSFILE_Write
                0x000000000010f3c4       0x60 /opt/devkitpro/libctru/lib/libctru.a(fs.o)
                0x000000000010f3c4                FSFILE_Write
 .text.FSFILE_GetSize
                0x000000000010f424       0x3c /opt/devkitpro/libctru/lib/libctru.a(fs.o)
                0x000000000010f424                FSFILE_GetSize
 .text.FSFILE_SetSize
                0x000000000010f460       0x28 /opt/devkitpro/libctru/lib/libctru.a(fs.o)
                0x000000000010f460                FSFILE_SetSize
 .text.FSFILE_Close
                0x000000000010f488       0x3c /opt/devkitpro/libctru/lib/libctru.a(fs.o)
                0x000000000010f488                FSFILE_Close
 .text.FSFILE_Flush
                0x000000000010f4c4       0x24 /opt/devkitpro/libctru/lib/libctru.a(fs.o)
                0x000000000010f4c4                FSFILE_Flush
 .text.FSDIR_Read
                0x000000000010f4e8       0x50 /opt/devkitpro/libctru/lib/libctru.a(fs.o)
                0x000000000010f4e8                FSDIR_Read
 .text.FSDIR_Close
                0x000000000010f538       0x3c /opt/devkitpro/libctru/lib/libctru.a(fs.o)
                0x000000000010f538                FSDIR_Close
 .text.utf16_to_utf8
                0x000000000010f574       0xe8 /opt/devkitpro/libctru/lib/libctru.a(utf16_to_utf8.o)
                0x000000000010f574                utf16_to_utf8
 .text.decode_utf16
                0x000000000010f65c       0x64 /opt/devkitpro/libctru/lib/libctru.a(decode_utf16.o)
                0x000000000010f65c                decode_utf16
 .text.decode_utf8
                0x000000000010f6c0      0x13c /opt/devkitpro/libctru/lib/libctru.a(decode_utf8.o)
                0x000000000010f6c0                decode_utf8
 .text.utf8_to_utf16
                0x000000000010f7fc       0xc0 /opt/devkitpro/libctru/lib/libctru.a(utf8_to_utf16.o)
                0x000000000010f7fc                utf8_to_utf16
 .text.__aeabi_read_tp
                0x000000000010f8bc        0xc /opt/devkitpro/libctru/lib/libctru.a(readtp.o)
                0x000000000010f8bc                __aeabi_read_tp
 .text.encode_utf16
                0x000000000010f8c8       0x54 /opt/devkitpro/libctru/lib/libctru.a(encode_utf16.o)
                0x000000000010f8c8                encode_utf16
 .text.encode_utf8
                0x000000000010f91c       0xe0 /opt/devkitpro/libctru/lib/libctru.a(encode_utf8.o)
                0x000000000010f91c                encode_utf8
 *fill*         0x000000000010f9fc        0x4 
 .text.pow      0x000000000010fa00      0x720 /opt/devkitpro/devkitARM/bin/../lib/gcc/arm-none-eabi/12.2.0/../../../../arm-none-eabi/lib/armv6k/fpu/libm.a(lib_a-pow.o)
                0x000000000010fa00                pow
 .text.atan     0x0000000000110120      0x284 /opt/devkitpro/devkitARM/bin/../lib/gcc/arm-none-eabi/12.2.0/../../../../arm-none-eabi/lib/armv6k/fpu/libm.a(lib_a-s_atan.o)
                0x0000000000110120                atan
 *fill*         0x00000000001103a4        0x4 
 .text.cos      0x00000000001103a8       0xc0 /opt/devkitpro/devkitARM/bin/../lib/gcc/arm-none-eabi/12.2.0/../../../../arm-none-eabi/lib/armv6k/fpu/libm.a(lib_a-s_cos.o)
                0x00000000001103a8                cos
 .text.fabs     0x0000000000110468       0x14 /opt/devkitpro/devkitARM/bin/../lib/gcc/arm-none-eabi/12.2.0/../../../../arm-none-eabi/lib/armv6k/fpu/libm.a(lib_a-s_fabs.o)
                0x0000000000110468                fabs
 *fill*         0x000000000011047c        0x4 
 .text.sin      0x0000000000110480       0xc8 /opt/devkitpro/devkitARM/bin/../lib/gcc/arm-none-eabi/12.2.0/../../../../arm-none-eabi/lib/armv6k/fpu/libm.a(lib_a-s_sin.o)
                0x0000000000110480                sin
 .text.sqrtf    0x0000000000110548       0x50 /opt/devkitpro/devkitARM/bin/../lib/gcc/arm-none-eabi/12.2.0/../../../../arm-none-eabi/lib/armv6k/fpu/libm.a(lib_a-wf_sqrt.o)
                0x0000000000110548                sqrtf
 .text.sqrt     0x0000000000110598       0x58 /opt/devkitpro/devkitARM/bin/../lib/gcc/arm-none-eabi/12.2.0/../../../../arm-none-eabi/lib/armv6k/fpu/libm.a(lib_a-w_sqrt.o)
                0x0000000000110598                sqrt
 .text.__ieee754_sqrtf
                0x00000000001105f0        0x8 /opt/devkitpro/devkitARM/bin/../lib/gcc/arm-none-eabi/12.2.0/../../../../arm-none-eabi/lib/armv6k/fpu/libm.a(lib_a-ef_sqrt.o)
                0x00000000001105f0                __ieee754_sqrtf
 .text.__ieee754_rem_pio2
                0x00000000001105f8      0x308 /opt/devkitpro/devkitARM/bin/../lib/gcc/arm-none-eabi/12.2.0/../../../../arm-none-eabi/lib/armv6k/fpu/libm.a(lib_a-e_rem_pio2.o)
                0x00000000001105f8                __ieee754_rem_pio2
 .text.__ieee754_sqrt
                0x0000000000110900        0x8 /opt/devkitpro/devkitARM/bin/../lib/gcc/arm-none-eabi/12.2.0/../../../../arm-none-eabi/lib/armv6k/fpu/libm.a(lib_a-e_sqrt.o)
                0x0000000000110900                __ieee754_sqrt
 .text.__kernel_cos
                0x0000000000110908      0x158 /opt/devkitpro/devkitARM/bin/../lib/gcc/arm-none-eabi/12.2.0/../../../../arm-none-eabi/lib/armv6k/fpu/libm.a(lib_a-k_cos.o)
                0x0000000000110908                __kernel_cos
 .text.__kernel_rem_pio2
                0x0000000000110a60      0x8c0 /opt/devkitpro/devkitARM/bin/../lib/gcc/arm-none-eabi/12.2.0/../../../../arm-none-eabi/lib/armv6k/fpu/libm.a(lib_a-k_rem_pio2.o)
                0x0000000000110a60                __kernel_rem_pio2
 .text.__kernel_sin
                0x0000000000111320       0xc0 /opt/devkitpro/devkitARM/bin/../lib/gcc/arm-none-eabi/12.2.0/../../../../arm-none-eabi/lib/armv6k/fpu/libm.a(lib_a-k_sin.o)
                0x0000000000111320                __kernel_sin
 .text.with_errno
                0x00000000001113e0       0x24 /opt/devkitpro/devkitARM/bin/../lib/gcc/arm-none-eabi/12.2.0/../../../../arm-none-eabi/lib/armv6k/fpu/libm.a(lib_a-math_err.o)
 .text.xflow    0x0000000000111404       0x28 /opt/devkitpro/devkitARM/bin/../lib/gcc/arm-none-eabi/12.2.0/../../../../arm-none-eabi/lib/armv6k/fpu/libm.a(lib_a-math_err.o)
 *fill*         0x000000000011142c        0x4 
 .text.__math_uflow
                0x0000000000111430       0x10 /opt/devkitpro/devkitARM/bin/../lib/gcc/arm-none-eabi/12.2.0/../../../../arm-none-eabi/lib/armv6k/fpu/libm.a(lib_a-math_err.o)
                0x0000000000111430                __math_uflow
 .text.__math_oflow
                0x0000000000111440       0x10 /opt/devkitpro/devkitARM/bin/../lib/gcc/arm-none-eabi/12.2.0/../../../../arm-none-eabi/lib/armv6k/fpu/libm.a(lib_a-math_err.o)
                0x0000000000111440                __math_oflow
 .text.__math_divzero
                0x0000000000111450       0x50 /opt/devkitpro/devkitARM/bin/../lib/gcc/arm-none-eabi/12.2.0/../../../../arm-none-eabi/lib/armv6k/fpu/libm.a(lib_a-math_err.o)
                0x0000000000111450                __math_divzero
 .text.__math_invalid
                0x00000000001114a0       0x1c /opt/devkitpro/devkitARM/bin/../lib/gcc/arm-none-eabi/12.2.0/../../../../arm-none-eabi/lib/armv6k/fpu/libm.a(lib_a-math_err.o)
                0x00000000001114a0                __math_invalid
 .text.__math_check_uflow
                0x00000000001114bc       0x14 /opt/devkitpro/devkitARM/bin/../lib/gcc/arm-none-eabi/12.2.0/../../../../arm-none-eabi/lib/armv6k/fpu/libm.a(lib_a-math_err.o)
                0x00000000001114bc                __math_check_uflow
 .text.__math_check_oflow
                0x00000000001114d0       0x28 /opt/devkitpro/devkitARM/bin/../lib/gcc/arm-none-eabi/12.2.0/../../../../arm-none-eabi/lib/armv6k/fpu/libm.a(lib_a-math_err.o)
                0x00000000001114d0                __math_check_oflow
 .text.floor    0x00000000001114f8      0x144 /opt/devkitpro/devkitARM/bin/../lib/gcc/arm-none-eabi/12.2.0/../../../../arm-none-eabi/lib/armv6k/fpu/libm.a(lib_a-s_floor.o)
                0x00000000001114f8                floor
 *fill*         0x000000000011163c        0x4 
 .text.scalbn   0x0000000000111640      0x140 /opt/devkitpro/devkitARM/bin/../lib/gcc/arm-none-eabi/12.2.0/../../../../arm-none-eabi/lib/armv6k/fpu/libm.a(lib_a-s_scalbn.o)
                0x0000000000111640                scalbn
 .text.__udivmoddi4
                0x0000000000111780      0x120 /opt/devkitpro/devkitARM/bin/../lib/gcc/arm-none-eabi/12.2.0/armv6k/fpu/libgcc.a(_udivmoddi4.o)
                0x0000000000111780                __udivmoddi4
 .text.bsearch  0x00000000001118a0       0x78 /opt/devkitpro/devkitARM/bin/../lib/gcc/arm-none-eabi/12.2.0/../../../../arm-none-eabi/lib/armv6k/fpu/libg.a(lib_a-bsearch.o)
                0x00000000001118a0                bsearch
 .text.calloc   0x0000000000111918       0x20 /opt/devkitpro/devkitARM/bin/../lib/gcc/arm-none-eabi/12.2.0/../../../../arm-none-eabi/lib/armv6k/fpu/libg.a(lib_a-calloc.o)
                0x0000000000111918                calloc
 .text._calloc_r
                0x0000000000111938       0xc0 /opt/devkitpro/devkitARM/bin/../lib/gcc/arm-none-eabi/12.2.0/../../../../arm-none-eabi/lib/armv6k/fpu/libg.a(lib_a-callocr.o)
                0x0000000000111938                _calloc_r
 .text.__errno  0x00000000001119f8        0xc /opt/devkitpro/devkitARM/bin/../lib/gcc/arm-none-eabi/12.2.0/../../../../arm-none-eabi/lib/armv6k/fpu/libg.a(lib_a-errno.o)
                0x00000000001119f8                __errno
 .text.exit     0x0000000000111a04       0x34 /opt/devkitpro/devkitARM/bin/../lib/gcc/arm-none-eabi/12.2.0/../../../../arm-none-eabi/lib/armv6k/fpu/libg.a(lib_a-exit.o)
                0x0000000000111a04                exit
 .text.__sflush_r
                0x0000000000111a38      0x234 /opt/devkitpro/devkitARM/bin/../lib/gcc/arm-none-eabi/12.2.0/../../../../arm-none-eabi/lib/armv6k/fpu/libg.a(lib_a-fflush.o)
                0x0000000000111a38                __sflush_r
 .text._fflush_r
                0x0000000000111c6c       0x94 /opt/devkitpro/devkitARM/bin/../lib/gcc/arm-none-eabi/12.2.0/../../../../arm-none-eabi/lib/armv6k/fpu/libg.a(lib_a-fflush.o)
                0x0000000000111c6c                _fflush_r
 .text._cleanup_r
                0x0000000000111d00        0xc /opt/devkitpro/devkitARM/bin/../lib/gcc/arm-none-eabi/12.2.0/../../../../arm-none-eabi/lib/armv6k/fpu/libg.a(lib_a-findfp.o)
                0x0000000000111d00                _cleanup_r
 .text.__sinit  0x0000000000111d0c      0x184 /opt/devkitpro/devkitARM/bin/../lib/gcc/arm-none-eabi/12.2.0/../../../../arm-none-eabi/lib/armv6k/fpu/libg.a(lib_a-findfp.o)
                0x0000000000111d0c                __sinit
 .text.__sfp_lock_acquire
                0x0000000000111e90        0xc /opt/devkitpro/devkitARM/bin/../lib/gcc/arm-none-eabi/12.2.0/../../../../arm-none-eabi/lib/armv6k/fpu/libg.a(lib_a-findfp.o)
                0x0000000000111e90                __sfp_lock_acquire
 .text.__sfp_lock_release
                0x0000000000111e9c        0xc /opt/devkitpro/devkitARM/bin/../lib/gcc/arm-none-eabi/12.2.0/../../../../arm-none-eabi/lib/armv6k/fpu/libg.a(lib_a-findfp.o)
                0x0000000000111e9c                __sfp_lock_release
 .text.__libc_fini_array
                0x0000000000111ea8       0x3c /opt/devkitpro/devkitARM/bin/../lib/gcc/arm-none-eabi/12.2.0/../../../../arm-none-eabi/lib/armv6k/fpu/libg.a(lib_a-fini.o)
                0x0000000000111ea8                __libc_fini_array
 .text._malloc_trim_r
                0x0000000000111ee4       0xf8 /opt/devkitpro/devkitARM/bin/../lib/gcc/arm-none-eabi/12.2.0/../../../../arm-none-eabi/lib/armv6k/fpu/libg.a(lib_a-freer.o)
                0x0000000000111ee4                _malloc_trim_r
 .text._free_r  0x0000000000111fdc      0x2e8 /opt/devkitpro/devkitARM/bin/../lib/gcc/arm-none-eabi/12.2.0/../../../../arm-none-eabi/lib/armv6k/fpu/libg.a(lib_a-freer.o)
                0x0000000000111fdc                _free_r
 .text._fwalk_reent
                0x00000000001122c4       0x70 /opt/devkitpro/devkitARM/bin/../lib/gcc/arm-none-eabi/12.2.0/../../../../arm-none-eabi/lib/armv6k/fpu/libg.a(lib_a-fwalk.o)
                0x00000000001122c4                _fwalk_reent
 .text.__libc_init_array
                0x0000000000112334       0x84 /opt/devkitpro/devkitARM/bin/../lib/gcc/arm-none-eabi/12.2.0/../../../../arm-none-eabi/lib/armv6k/fpu/libg.a(lib_a-init.o)
                0x0000000000112334                __libc_init_array
 .text.memalign
                0x00000000001123b8       0x20 /opt/devkitpro/devkitARM/bin/../lib/gcc/arm-none-eabi/12.2.0/../../../../arm-none-eabi/lib/armv6k/fpu/libg.a(lib_a-malign.o)
                0x00000000001123b8                memalign
 .text._memalign_r
                0x00000000001123d8      0x14c /opt/devkitpro/devkitARM/bin/../lib/gcc/arm-none-eabi/12.2.0/../../../../arm-none-eabi/lib/armv6k/fpu/libg.a(lib_a-malignr.o)
                0x00000000001123d8                _memalign_r
 .text.malloc   0x0000000000112524       0x18 /opt/devkitpro/devkitARM/bin/../lib/gcc/arm-none-eabi/12.2.0/../../../../arm-none-eabi/lib/armv6k/fpu/libg.a(lib_a-malloc.o)
                0x0000000000112524                malloc
 .text.free     0x000000000011253c       0x18 /opt/devkitpro/devkitARM/bin/../lib/gcc/arm-none-eabi/12.2.0/../../../../arm-none-eabi/lib/armv6k/fpu/libg.a(lib_a-malloc.o)
                0x000000000011253c                free
 .text._malloc_r
                0x0000000000112554      0x7e4 /opt/devkitpro/devkitARM/bin/../lib/gcc/arm-none-eabi/12.2.0/../../../../arm-none-eabi/lib/armv6k/fpu/libg.a(lib_a-mallocr.o)
                0x0000000000112554                _malloc_r
 .text.memcpy   0x0000000000112d38      0x118 /opt/devkitpro/devkitARM/bin/../lib/gcc/arm-none-eabi/12.2.0/../../../../arm-none-eabi/lib/armv6k/fpu/libg.a(lib_a-memcpy-stub.o)
                0x0000000000112d38                memcpy
 .text.memset   0x0000000000112e50       0xf4 /opt/devkitpro/devkitARM/bin/../lib/gcc/arm-none-eabi/12.2.0/../../../../arm-none-eabi/lib/armv6k/fpu/libg.a(lib_a-memset.o)
                0x0000000000112e50                memset
 .text.__malloc_lock
                0x0000000000112f44        0xc /opt/devkitpro/devkitARM/bin/../lib/gcc/arm-none-eabi/12.2.0/../../../../arm-none-eabi/lib/armv6k/fpu/libg.a(lib_a-mlock.o)
                0x0000000000112f44                __malloc_lock
 .text.__malloc_unlock
                0x0000000000112f50        0xc /opt/devkitpro/devkitARM/bin/../lib/gcc/arm-none-eabi/12.2.0/../../../../arm-none-eabi/lib/armv6k/fpu/libg.a(lib_a-mlock.o)
                0x0000000000112f50                __malloc_unlock
 .text.printf   0x0000000000112f5c       0x34 /opt/devkitpro/devkitARM/bin/../lib/gcc/arm-none-eabi/12.2.0/../../../../arm-none-eabi/lib/armv6k/fpu/libg.a(lib_a-printf.o)
                0x0000000000112f5c                printf
 .text.__sread  0x0000000000112f90       0x44 /opt/devkitpro/devkitARM/bin/../lib/gcc/arm-none-eabi/12.2.0/../../../../arm-none-eabi/lib/armv6k/fpu/libg.a(lib_a-stdio.o)
                0x0000000000112f90                __sread
 .text.__swrite
                0x0000000000112fd4       0x68 /opt/devkitpro/devkitARM/bin/../lib/gcc/arm-none-eabi/12.2.0/../../../../arm-none-eabi/lib/armv6k/fpu/libg.a(lib_a-stdio.o)
                0x0000000000112fd4                __swrite
 .text.__sseek  0x000000000011303c       0x44 /opt/devkitpro/devkitARM/bin/../lib/gcc/arm-none-eabi/12.2.0/../../../../arm-none-eabi/lib/armv6k/fpu/libg.a(lib_a-stdio.o)
                0x000000000011303c                __sseek
 .text.__sclose
                0x0000000000113080        0x8 /opt/devkitpro/devkitARM/bin/../lib/gcc/arm-none-eabi/12.2.0/../../../../arm-none-eabi/lib/armv6k/fpu/libg.a(lib_a-stdio.o)
                0x0000000000113080                __sclose
 .text.strlen   0x0000000000113088       0x5c /opt/devkitpro/devkitARM/bin/../lib/gcc/arm-none-eabi/12.2.0/../../../../arm-none-eabi/lib/armv6k/fpu/libg.a(lib_a-strlen-stub.o)
                0x0000000000113088                strlen
 .text.strncat  0x00000000001130e4       0xe4 /opt/devkitpro/devkitARM/bin/../lib/gcc/arm-none-eabi/12.2.0/../../../../arm-none-eabi/lib/armv6k/fpu/libg.a(lib_a-strncat.o)
                0x00000000001130e4                strncat
 .text.strncmp  0x00000000001131c8       0xe4 /opt/devkitpro/devkitARM/bin/../lib/gcc/arm-none-eabi/12.2.0/../../../../arm-none-eabi/lib/armv6k/fpu/libg.a(lib_a-strncmp.o)
                0x00000000001131c8                strncmp
 .text.strncpy  0x00000000001132ac       0xc4 /opt/devkitpro/devkitARM/bin/../lib/gcc/arm-none-eabi/12.2.0/../../../../arm-none-eabi/lib/armv6k/fpu/libg.a(lib_a-strncpy.o)
                0x00000000001132ac                strncpy
 .text.strnlen  0x0000000000113370       0x48 /opt/devkitpro/devkitARM/bin/../lib/gcc/arm-none-eabi/12.2.0/../../../../arm-none-eabi/lib/armv6k/fpu/libg.a(lib_a-strnlen.o)
                0x0000000000113370                strnlen
 .text._strtoul_l.constprop.0
                0x00000000001133b8      0x1c4 /opt/devkitpro/devkitARM/bin/../lib/gcc/arm-none-eabi/12.2.0/../../../../arm-none-eabi/lib/armv6k/fpu/libg.a(lib_a-strtoul.o)
 .text.strtoul  0x000000000011357c       0x28 /opt/devkitpro/devkitARM/bin/../lib/gcc/arm-none-eabi/12.2.0/../../../../arm-none-eabi/lib/armv6k/fpu/libg.a(lib_a-strtoul.o)
                0x000000000011357c                strtoul
 .text.get_arg  0x00000000001135a4      0x66c /opt/devkitpro/devkitARM/bin/../lib/gcc/arm-none-eabi/12.2.0/../../../../arm-none-eabi/lib/armv6k/fpu/libg.a(lib_a-vfprintf.o)
 .text._vfprintf_r
                0x0000000000113c10     0x339c /opt/devkitpro/devkitARM/bin/../lib/gcc/arm-none-eabi/12.2.0/../../../../arm-none-eabi/lib/armv6k/fpu/libg.a(lib_a-vfprintf.o)
                0x0000000000113c10                _vfprintf_r
 .text.__sbprintf
                0x0000000000116fac       0xd0 /opt/devkitpro/devkitARM/bin/../lib/gcc/arm-none-eabi/12.2.0/../../../../arm-none-eabi/lib/armv6k/fpu/libg.a(lib_a-vfprintf.o)
 .text._wcrtomb_r
                0x000000000011707c       0x54 /opt/devkitpro/devkitARM/bin/../lib/gcc/arm-none-eabi/12.2.0/../../../../arm-none-eabi/lib/armv6k/fpu/libg.a(lib_a-wcrtomb.o)
                0x000000000011707c                _wcrtomb_r
 .text._wcsrtombs_r
                0x00000000001170d0       0x28 /opt/devkitpro/devkitARM/bin/../lib/gcc/arm-none-eabi/12.2.0/../../../../arm-none-eabi/lib/armv6k/fpu/libg.a(lib_a-wcsrtombs.o)
                0x00000000001170d0                _wcsrtombs_r
 .text.__swsetup_r
                0x00000000001170f8      0x13c /opt/devkitpro/devkitARM/bin/../lib/gcc/arm-none-eabi/12.2.0/../../../../arm-none-eabi/lib/armv6k/fpu/libg.a(lib_a-wsetup.o)
                0x00000000001170f8                __swsetup_r
 .text.__call_exitprocs
                0x0000000000117234      0x114 /opt/devkitpro/devkitARM/bin/../lib/gcc/arm-none-eabi/12.2.0/../../../../arm-none-eabi/lib/armv6k/fpu/libg.a(lib_a-__call_atexit.o)
                0x0000000000117234                __call_exitprocs
 .text.quorem   0x0000000000117348      0x1b0 /opt/devkitpro/devkitARM/bin/../lib/gcc/arm-none-eabi/12.2.0/../../../../arm-none-eabi/lib/armv6k/fpu/libg.a(lib_a-dtoa.o)
 .text._dtoa_r  0x00000000001174f8     0x11f8 /opt/devkitpro/devkitARM/bin/../lib/gcc/arm-none-eabi/12.2.0/../../../../arm-none-eabi/lib/armv6k/fpu/libg.a(lib_a-dtoa.o)
                0x00000000001174f8                _dtoa_r
 .text._fclose_r
                0x00000000001186f0      0x15c /opt/devkitpro/devkitARM/bin/../lib/gcc/arm-none-eabi/12.2.0/../../../../arm-none-eabi/lib/armv6k/fpu/libg.a(lib_a-fclose.o)
                0x00000000001186f0                _fclose_r
 .text._localeconv_r
                0x000000000011884c        0xc /opt/devkitpro/devkitARM/bin/../lib/gcc/arm-none-eabi/12.2.0/../../../../arm-none-eabi/lib/armv6k/fpu/libg.a(lib_a-localeconv.o)
                0x000000000011884c                _localeconv_r
 .text.__locale_mb_cur_max
                0x0000000000118858       0x10 /opt/devkitpro/devkitARM/bin/../lib/gcc/arm-none-eabi/12.2.0/../../../../arm-none-eabi/lib/armv6k/fpu/libg.a(lib_a-locale.o)
                0x0000000000118858                __locale_mb_cur_max
 .text.__smakebuf_r
                0x0000000000118868      0x138 /opt/devkitpro/devkitARM/bin/../lib/gcc/arm-none-eabi/12.2.0/../../../../arm-none-eabi/lib/armv6k/fpu/libg.a(lib_a-makebuf.o)
                0x0000000000118868                __smakebuf_r
 .text.__utf8_mbtowc
                0x00000000001189a0      0x2f8 /opt/devkitpro/devkitARM/bin/../lib/gcc/arm-none-eabi/12.2.0/../../../../arm-none-eabi/lib/armv6k/fpu/libg.a(lib_a-mbtowc_r.o)
                0x00000000001189a0                __utf8_mbtowc
 .text.memchr   0x0000000000118c98       0xe4 /opt/devkitpro/devkitARM/bin/../lib/gcc/arm-none-eabi/12.2.0/../../../../arm-none-eabi/lib/armv6k/fpu/libg.a(lib_a-memchr-stub.o)
                0x0000000000118c98                memchr
 .text._Balloc  0x0000000000118d7c       0x88 /opt/devkitpro/devkitARM/bin/../lib/gcc/arm-none-eabi/12.2.0/../../../../arm-none-eabi/lib/armv6k/fpu/libg.a(lib_a-mprec.o)
                0x0000000000118d7c                _Balloc
 .text._Bfree   0x0000000000118e04       0x1c /opt/devkitpro/devkitARM/bin/../lib/gcc/arm-none-eabi/12.2.0/../../../../arm-none-eabi/lib/armv6k/fpu/libg.a(lib_a-mprec.o)
                0x0000000000118e04                _Bfree
 .text.__multadd
                0x0000000000118e20       0xf4 /opt/devkitpro/devkitARM/bin/../lib/gcc/arm-none-eabi/12.2.0/../../../../arm-none-eabi/lib/armv6k/fpu/libg.a(lib_a-mprec.o)
                0x0000000000118e20                __multadd
 .text.__hi0bits
                0x0000000000118f14       0x60 /opt/devkitpro/devkitARM/bin/../lib/gcc/arm-none-eabi/12.2.0/../../../../arm-none-eabi/lib/armv6k/fpu/libg.a(lib_a-mprec.o)
                0x0000000000118f14                __hi0bits
 .text.__lo0bits
                0x0000000000118f74       0x9c /opt/devkitpro/devkitARM/bin/../lib/gcc/arm-none-eabi/12.2.0/../../../../arm-none-eabi/lib/armv6k/fpu/libg.a(lib_a-mprec.o)
                0x0000000000118f74                __lo0bits
 .text.__i2b    0x0000000000119010       0xa8 /opt/devkitpro/devkitARM/bin/../lib/gcc/arm-none-eabi/12.2.0/../../../../arm-none-eabi/lib/armv6k/fpu/libg.a(lib_a-mprec.o)
                0x0000000000119010                __i2b
 .text.__multiply
                0x00000000001190b8      0x204 /opt/devkitpro/devkitARM/bin/../lib/gcc/arm-none-eabi/12.2.0/../../../../arm-none-eabi/lib/armv6k/fpu/libg.a(lib_a-mprec.o)
                0x00000000001190b8                __multiply
 .text.__pow5mult
                0x00000000001192bc      0x124 /opt/devkitpro/devkitARM/bin/../lib/gcc/arm-none-eabi/12.2.0/../../../../arm-none-eabi/lib/armv6k/fpu/libg.a(lib_a-mprec.o)
                0x00000000001192bc                __pow5mult
 .text.__lshift
                0x00000000001193e0      0x140 /opt/devkitpro/devkitARM/bin/../lib/gcc/arm-none-eabi/12.2.0/../../../../arm-none-eabi/lib/armv6k/fpu/libg.a(lib_a-mprec.o)
                0x00000000001193e0                __lshift
 .text.__mcmp   0x0000000000119520       0x58 /opt/devkitpro/devkitARM/bin/../lib/gcc/arm-none-eabi/12.2.0/../../../../arm-none-eabi/lib/armv6k/fpu/libg.a(lib_a-mprec.o)
                0x0000000000119520                __mcmp
 .text.__mdiff  0x0000000000119578      0x1ec /opt/devkitpro/devkitARM/bin/../lib/gcc/arm-none-eabi/12.2.0/../../../../arm-none-eabi/lib/armv6k/fpu/libg.a(lib_a-mprec.o)
                0x0000000000119578                __mdiff
 .text.__d2b    0x0000000000119764      0x120 /opt/devkitpro/devkitARM/bin/../lib/gcc/arm-none-eabi/12.2.0/../../../../arm-none-eabi/lib/armv6k/fpu/libg.a(lib_a-mprec.o)
                0x0000000000119764                __d2b
 *fill*         0x0000000000119884        0x4 
 .text.frexp    0x0000000000119888       0x88 /opt/devkitpro/devkitARM/bin/../lib/gcc/arm-none-eabi/12.2.0/../../../../arm-none-eabi/lib/armv6k/fpu/libg.a(lib_a-s_frexp.o)
                0x0000000000119888                frexp
 .text.strchr   0x0000000000119910      0x130 /opt/devkitpro/devkitARM/bin/../lib/gcc/arm-none-eabi/12.2.0/../../../../arm-none-eabi/lib/armv6k/fpu/libg.a(lib_a-strchr.o)
                0x0000000000119910                strchr
 .text.get_arg  0x0000000000119a40      0x66c /opt/devkitpro/devkitARM/bin/../lib/gcc/arm-none-eabi/12.2.0/../../../../arm-none-eabi/lib/armv6k/fpu/libg.a(lib_a-vfiprintf.o)
 .text.__sprint_r
                0x000000000011a0ac       0x30 /opt/devkitpro/devkitARM/bin/../lib/gcc/arm-none-eabi/12.2.0/../../../../arm-none-eabi/lib/armv6k/fpu/libg.a(lib_a-vfiprintf.o)
                0x000000000011a0ac                __sprint_r
 .text._vfiprintf_r
                0x000000000011a0dc     0x22ec /opt/devkitpro/devkitARM/bin/../lib/gcc/arm-none-eabi/12.2.0/../../../../arm-none-eabi/lib/armv6k/fpu/libg.a(lib_a-vfiprintf.o)
                0x000000000011a0dc                _vfiprintf_r
 .text.__sbprintf
                0x000000000011c3c8       0xd0 /opt/devkitpro/devkitARM/bin/../lib/gcc/arm-none-eabi/12.2.0/../../../../arm-none-eabi/lib/armv6k/fpu/libg.a(lib_a-vfiprintf.o)
 .text._wcsnrtombs_l
                0x000000000011c498      0x188 /opt/devkitpro/devkitARM/bin/../lib/gcc/arm-none-eabi/12.2.0/../../../../arm-none-eabi/lib/armv6k/fpu/libg.a(lib_a-wcsnrtombs.o)
                0x000000000011c498                _wcsnrtombs_l
 .text._wcsnrtombs_r
                0x000000000011c620       0x4c /opt/devkitpro/devkitARM/bin/../lib/gcc/arm-none-eabi/12.2.0/../../../../arm-none-eabi/lib/armv6k/fpu/libg.a(lib_a-wcsnrtombs.o)
                0x000000000011c620                _wcsnrtombs_r
 .text.__utf8_wctomb
                0x000000000011c66c       0xf0 /opt/devkitpro/devkitARM/bin/../lib/gcc/arm-none-eabi/12.2.0/../../../../arm-none-eabi/lib/armv6k/fpu/libg.a(lib_a-wctomb_r.o)
                0x000000000011c66c                __utf8_wctomb
 .text.__assert_func
                0x000000000011c75c       0x5c /opt/devkitpro/devkitARM/bin/../lib/gcc/arm-none-eabi/12.2.0/../../../../arm-none-eabi/lib/armv6k/fpu/libg.a(lib_a-assert.o)
                0x000000000011c75c                __assert_func
 .text.fiprintf
                0x000000000011c7b8       0x3c /opt/devkitpro/devkitARM/bin/../lib/gcc/arm-none-eabi/12.2.0/../../../../arm-none-eabi/lib/armv6k/fpu/libg.a(lib_a-fiprintf.o)
                0x000000000011c7b8                fiprintf
 .text.__sfvwrite_r
                0x000000000011c7f4      0x4b4 /opt/devkitpro/devkitARM/bin/../lib/gcc/arm-none-eabi/12.2.0/../../../../arm-none-eabi/lib/armv6k/fpu/libg.a(lib_a-fvwrite.o)
                0x000000000011c7f4                __sfvwrite_r
 .text.memmove  0x000000000011cca8      0x150 /opt/devkitpro/devkitARM/bin/../lib/gcc/arm-none-eabi/12.2.0/../../../../arm-none-eabi/lib/armv6k/fpu/libg.a(lib_a-memmove.o)
                0x000000000011cca8                memmove
 .text._realloc_r
                0x000000000011cdf8      0x4a0 /opt/devkitpro/devkitARM/bin/../lib/gcc/arm-none-eabi/12.2.0/../../../../arm-none-eabi/lib/armv6k/fpu/libg.a(lib_a-reallocr.o)
                0x000000000011cdf8                _realloc_r
 .text.abort    0x000000000011d298       0x14 /opt/devkitpro/devkitARM/bin/../lib/gcc/arm-none-eabi/12.2.0/../../../../arm-none-eabi/lib/armv6k/fpu/libg.a(lib_a-abort.o)
                0x000000000011d298                abort
 .text._raise_r
                0x000000000011d2ac       0x90 /opt/devkitpro/devkitARM/bin/../lib/gcc/arm-none-eabi/12.2.0/../../../../arm-none-eabi/lib/armv6k/fpu/libg.a(lib_a-signal.o)
                0x000000000011d2ac                _raise_r
 .text.raise    0x000000000011d33c       0x18 /opt/devkitpro/devkitARM/bin/../lib/gcc/arm-none-eabi/12.2.0/../../../../arm-none-eabi/lib/armv6k/fpu/libg.a(lib_a-signal.o)
                0x000000000011d33c                raise
 .text.null_write
                0x000000000011d354        0x8 /opt/devkitpro/devkitARM/bin/../lib/gcc/arm-none-eabi/12.2.0/../../../../arm-none-eabi/lib/armv6k/fpu/libsysbase.a(iosupport.o)
 .text.setDefaultDevice
                0x000000000011d35c       0x18 /opt/devkitpro/devkitARM/bin/../lib/gcc/arm-none-eabi/12.2.0/../../../../arm-none-eabi/lib/armv6k/fpu/libsysbase.a(iosupport.o)
                0x000000000011d35c                setDefaultDevice
 .text.FindDevice
                0x000000000011d374       0xc8 /opt/devkitpro/devkitARM/bin/../lib/gcc/arm-none-eabi/12.2.0/../../../../arm-none-eabi/lib/armv6k/fpu/libsysbase.a(iosupport.o)
                0x000000000011d374                FindDevice
 .text.RemoveDevice
                0x000000000011d43c       0x28 /opt/devkitpro/devkitARM/bin/../lib/gcc/arm-none-eabi/12.2.0/../../../../arm-none-eabi/lib/armv6k/fpu/libsysbase.a(iosupport.o)
                0x000000000011d43c                RemoveDevice
 .text.AddDevice
                0x000000000011d464       0x9c /opt/devkitpro/devkitARM/bin/../lib/gcc/arm-none-eabi/12.2.0/../../../../arm-none-eabi/lib/armv6k/fpu/libsysbase.a(iosupport.o)
                0x000000000011d464                AddDevice
 .text.GetDeviceOpTab
                0x000000000011d500       0x20 /opt/devkitpro/devkitARM/bin/../lib/gcc/arm-none-eabi/12.2.0/../../../../arm-none-eabi/lib/armv6k/fpu/libsysbase.a(iosupport.o)
                0x000000000011d500                GetDeviceOpTab
 .text._fstat_r
                0x000000000011d520       0x78 /opt/devkitpro/devkitARM/bin/../lib/gcc/arm-none-eabi/12.2.0/../../../../arm-none-eabi/lib/armv6k/fpu/libsysbase.a(fstat.o)
                0x000000000011d520                _fstat_r
 .text._getpid_r
                0x000000000011d598       0x14 /opt/devkitpro/devkitARM/bin/../lib/gcc/arm-none-eabi/12.2.0/../../../../arm-none-eabi/lib/armv6k/fpu/libsysbase.a(getpid.o)
                0x000000000011d598                _getpid_r
 .text._isatty_r
                0x000000000011d5ac        0x8 /opt/devkitpro/devkitARM/bin/../lib/gcc/arm-none-eabi/12.2.0/../../../../arm-none-eabi/lib/armv6k/fpu/libsysbase.a(isatty.o)
                0x000000000011d5ac                _isatty_r
 .text._kill_r  0x000000000011d5b4       0x14 /opt/devkitpro/devkitARM/bin/../lib/gcc/arm-none-eabi/12.2.0/../../../../arm-none-eabi/lib/armv6k/fpu/libsysbase.a(kill.o)
                0x000000000011d5b4                _kill_r
 .text._lseek_r
                0x000000000011d5c8       0x84 /opt/devkitpro/devkitARM/bin/../lib/gcc/arm-none-eabi/12.2.0/../../../../arm-none-eabi/lib/armv6k/fpu/libsysbase.a(lseek.o)
                0x000000000011d5c8                _lseek_r
 .text._read_r  0x000000000011d64c       0x80 /opt/devkitpro/devkitARM/bin/../lib/gcc/arm-none-eabi/12.2.0/../../../../arm-none-eabi/lib/armv6k/fpu/libsysbase.a(read.o)
                0x000000000011d64c                _read_r
 .text._sbrk_r  0x000000000011d6cc       0x78 /opt/devkitpro/devkitARM/bin/../lib/gcc/arm-none-eabi/12.2.0/../../../../arm-none-eabi/lib/armv6k/fpu/libsysbase.a(sbrk.o)
                0x000000000011d6cc                _sbrk_r
 .text._write_r
                0x000000000011d744       0x80 /opt/devkitpro/devkitARM/bin/../lib/gcc/arm-none-eabi/12.2.0/../../../../arm-none-eabi/lib/armv6k/fpu/libsysbase.a(write.o)
                0x000000000011d744                _write_r
 .text._exit    0x000000000011d7c4       0x20 /opt/devkitpro/devkitARM/bin/../lib/gcc/arm-none-eabi/12.2.0/../../../../arm-none-eabi/lib/armv6k/fpu/libsysbase.a(_exit.o)
                0x000000000011d7c4                _exit
 .text._concatenate_path
                0x000000000011d7e4      0x1a4 /opt/devkitpro/devkitARM/bin/../lib/gcc/arm-none-eabi/12.2.0/../../../../arm-none-eabi/lib/armv6k/fpu/libsysbase.a(chdir.o)
                0x000000000011d7e4                _concatenate_path
 .text.chdir    0x000000000011d988      0x140 /opt/devkitpro/devkitARM/bin/../lib/gcc/arm-none-eabi/12.2.0/../../../../arm-none-eabi/lib/armv6k/fpu/libsysbase.a(chdir.o)
                0x000000000011d988                chdir
 .text.__flockfile
                0x000000000011dac8        0x8 /opt/devkitpro/devkitARM/bin/../lib/gcc/arm-none-eabi/12.2.0/../../../../arm-none-eabi/lib/armv6k/fpu/libsysbase.a(flock.o)
                0x000000000011dac8                __flockfile
 .text.__funlockfile
                0x000000000011dad0        0x8 /opt/devkitpro/devkitARM/bin/../lib/gcc/arm-none-eabi/12.2.0/../../../../arm-none-eabi/lib/armv6k/fpu/libsysbase.a(flock.o)
                0x000000000011dad0                __funlockfile
 .text.__get_handle
                0x000000000011dad8       0x3c /opt/devkitpro/devkitARM/bin/../lib/gcc/arm-none-eabi/12.2.0/../../../../arm-none-eabi/lib/armv6k/fpu/libsysbase.a(handle_manager.o)
                0x000000000011dad8                __get_handle
 .text._close_r
                0x000000000011db14       0xf4 /opt/devkitpro/devkitARM/bin/../lib/gcc/arm-none-eabi/12.2.0/../../../../arm-none-eabi/lib/armv6k/fpu/libsysbase.a(handle_manager.o)
                0x000000000011db14                _close_r
 .text.__getreent
                0x000000000011dc08       0x2c /opt/devkitpro/devkitARM/bin/../lib/gcc/arm-none-eabi/12.2.0/../../../../arm-none-eabi/lib/armv6k/fpu/libsysbase.a(getreent.o)
                0x000000000011dc08                __getreent
 .text.__libc_lock_acquire
                0x000000000011dc34       0x1c /opt/devkitpro/devkitARM/bin/../lib/gcc/arm-none-eabi/12.2.0/../../../../arm-none-eabi/lib/armv6k/fpu/libsysbase.a(syscall_support.o)
                0x000000000011dc34                __libc_lock_acquire
 .text.__libc_lock_release
                0x000000000011dc50       0x1c /opt/devkitpro/devkitARM/bin/../lib/gcc/arm-none-eabi/12.2.0/../../../../arm-none-eabi/lib/armv6k/fpu/libsysbase.a(syscall_support.o)
                0x000000000011dc50                __libc_lock_release
 .text.__libc_lock_init_recursive
                0x000000000011dc6c       0x1c /opt/devkitpro/devkitARM/bin/../lib/gcc/arm-none-eabi/12.2.0/../../../../arm-none-eabi/lib/armv6k/fpu/libsysbase.a(syscall_support.o)
                0x000000000011dc6c                __libc_lock_init_recursive
 .text.__libc_lock_acquire_recursive
                0x000000000011dc88       0x1c /opt/devkitpro/devkitARM/bin/../lib/gcc/arm-none-eabi/12.2.0/../../../../arm-none-eabi/lib/armv6k/fpu/libsysbase.a(syscall_support.o)
                0x000000000011dc88                __libc_lock_acquire_recursive
 .text.__libc_lock_release_recursive
                0x000000000011dca4       0x1c /opt/devkitpro/devkitARM/bin/../lib/gcc/arm-none-eabi/12.2.0/../../../../arm-none-eabi/lib/armv6k/fpu/libsysbase.a(syscall_support.o)
                0x000000000011dca4                __libc_lock_release_recursive
 .text.__libc_lock_close_recursive
                0x000000000011dcc0       0x1c /opt/devkitpro/devkitARM/bin/../lib/gcc/arm-none-eabi/12.2.0/../../../../arm-none-eabi/lib/armv6k/fpu/libsysbase.a(syscall_support.o)
                0x000000000011dcc0                __libc_lock_close_recursive
 .text.strrchr  0x000000000011dcdc       0x48 /opt/devkitpro/devkitARM/bin/../lib/gcc/arm-none-eabi/12.2.0/../../../../arm-none-eabi/lib/armv6k/fpu/libg.a(lib_a-strrchr.o)
                0x000000000011dcdc                strrchr
 *(.glue_7)
 .glue_7        0x000000000011dd24        0x0 linker stubs
 *(.glue_7t)
 .glue_7t       0x000000000011dd24        0x0 linker stubs
 *(.stub)
 *(.gnu.warning)
 *(.gnu.linkonce.t*)
                0x000000000011dd24                . = ALIGN (0x4)
 *(.fini)
 .fini          0x000000000011dd24        0xc /opt/devkitpro/devkitARM/bin/../lib/gcc/arm-none-eabi/12.2.0/armv6k/fpu/crti.o
                0x000000000011dd24                _fini
 .fini          0x000000000011dd30        0xc /opt/devkitpro/devkitARM/bin/../lib/gcc/arm-none-eabi/12.2.0/armv6k/fpu/crtn.o
                0x000000000011dd3c                . = ALIGN (0x4)
