Archive member included to satisfy reference by file (symbol)

/opt/devkitpro/libctru/lib/libcitro2d.a(base.o)
                              main.o (C2D_Init)
/opt/devkitpro/libctru/lib/libcitro2d.a(render2d.shbin.o)
                              /opt/devkitpro/libctru/lib/libcitro2d.a(base.o) (render2d_shbin)
/opt/devkitpro/libctru/lib/libcitro3d.a(base.o)
                              main.o (C3D_Init)
/opt/devkitpro/libctru/lib/libcitro3d.a(renderqueue.o)
                              /opt/devkitpro/libctru/lib/libcitro3d.a(base.o) (C3Di_RenderQueueEnableVBlank)
/opt/devkitpro/libctru/lib/libcitro3d.a(texture.o)
                              /opt/devkitpro/libctru/lib/libcitro2d.a(base.o) (C3D_TexBind)
/opt/devkitpro/libctru/lib/libcitro3d.a(framebuffer.o)
                              /opt/devkitpro/libctru/lib/libcitro3d.a(renderqueue.o) (C3D_CalcColorBufSize)
/opt/devkitpro/libctru/lib/libcitro3d.a(texenv.o)
                              /opt/devkitpro/libctru/lib/libcitro2d.a(base.o) (C3D_GetTexEnv)
/opt/devkitpro/libctru/lib/libcitro3d.a(drawElements.o)
                              /opt/devkitpro/libctru/lib/libcitro2d.a(base.o) (C3D_DrawElements)
/opt/devkitpro/libctru/lib/libcitro3d.a(proctex.o)
                              /opt/devkitpro/libctru/lib/libcitro2d.a(base.o) (C3D_ProcTexInit)
/opt/devkitpro/libctru/lib/libcitro3d.a(buffers.o)
                              /opt/devkitpro/libctru/lib/libcitro2d.a(base.o) (BufInfo_Init)
/opt/devkitpro/libctru/lib/libcitro3d.a(effect.o)
                              /opt/devkitpro/libctru/lib/libcitro3d.a(base.o) (C3D_DepthMap)
/opt/devkitpro/libctru/lib/libcitro3d.a(attribs.o)
                              /opt/devkitpro/libctru/lib/libcitro2d.a(base.o) (AttrInfo_Init)
/opt/devkitpro/libctru/lib/libcitro3d.a(immediate.o)
                              /opt/devkitpro/libctru/lib/libcitro3d.a(base.o) (C3D_ImmSendAttrib)
/opt/devkitpro/libctru/lib/libcitro3d.a(uniforms.o)
                              /opt/devkitpro/libctru/lib/libcitro3d.a(base.o) (C3D_UpdateUniforms)
/opt/devkitpro/libctru/lib/libcitro3d.a(mtx_ortho.o)
                              /opt/devkitpro/libctru/lib/libcitro2d.a(base.o) (Mtx_Ortho)
/opt/devkitpro/libctru/lib/libcitro3d.a(mtx_scale.o)
                              /opt/devkitpro/libctru/lib/libcitro2d.a(base.o) (Mtx_Scale)
/opt/devkitpro/libctru/lib/libcitro3d.a(mtx_multiply.o)
                              /opt/devkitpro/libctru/lib/libcitro2d.a(base.o) (Mtx_Multiply)
/opt/devkitpro/libctru/lib/libcitro3d.a(mtx_orthotilt.o)
                              /opt/devkitpro/libctru/lib/libcitro2d.a(base.o) (Mtx_OrthoTilt)
/opt/devkitpro/libctru/lib/libcitro3d.a(mtx_translate.o)
                              /opt/devkitpro/libctru/lib/libcitro2d.a(base.o) (Mtx_Translate)
/opt/devkitpro/libctru/lib/libcitro3d.a(mtx_rotatez.o)
                              /opt/devkitpro/libctru/lib/libcitro2d.a(base.o) (Mtx_RotateZ)
/opt/devkitpro/libctru/lib/libctru.a(vram.o)
                              /opt/devkitpro/libctru/lib/libcitro3d.a(renderqueue.o) (vramAlloc)
/opt/devkitpro/libctru/lib/libctru.a(linear.o)
                              /opt/devkitpro/libctru/lib/libcitro2d.a(base.o) (linearAlloc)
/opt/devkitpro/libctru/lib/libctru.a(mem_pool.o)
                              /opt/devkitpro/libctru/lib/libctru.a(vram.o) (MemPool::Allocate(MemChunk&, unsigned long, int))
/opt/devkitpro/libctru/lib/libctru.a(os.o)
                              /opt/devkitpro/libctru/lib/libcitro3d.a(texture.o) (osConvertVirtToPhys)
/opt/devkitpro/libctru/lib/libctru.a(console.o)
                              main.o (consoleInit)
/opt/devkitpro/libctru/lib/libctru.a(gfx.o)
                              main.o (gfxSet3D)
/opt/devkitpro/libctru/lib/libctru.a(shaderProgram.o)
                              /opt/devkitpro/libctru/lib/libcitro2d.a(base.o) (shaderInstanceGetUniformLocation)
/opt/devkitpro/libctru/lib/libctru.a(shbin.o)
                              /opt/devkitpro/libctru/lib/libcitro2d.a(base.o) (DVLB_ParseFile)
/opt/devkitpro/libctru/lib/libctru.a(gx.o)
                              /opt/devkitpro/libctru/lib/libcitro3d.a(renderqueue.o) (GX_BindQueue)
/opt/devkitpro/libctru/lib/libctru.a(gxqueue.o)
                              /opt/devkitpro/libctru/lib/libcitro3d.a(renderqueue.o) (gxCmdQueueClear)
/opt/devkitpro/libctru/lib/libctru.a(gpu.o)
                              /opt/devkitpro/libctru/lib/libcitro3d.a(base.o) (gpuCmdBufOffset)
/opt/devkitpro/libctru/lib/libctru.a(gspgpu.o)
                              /opt/devkitpro/libctru/lib/libctru.a(gfx.o) (gspInit)
/opt/devkitpro/libctru/lib/libctru.a(apt.o)
                              /opt/devkitpro/libctru/lib/libcitro3d.a(base.o) (aptHook)
/opt/devkitpro/libctru/lib/libctru.a(hid.o)
                              main.o (hidScanInput)
/opt/devkitpro/libctru/lib/libctru.a(ptmsysm.o)
                              /opt/devkitpro/libctru/lib/libctru.a(os.o) (ptmSysmInit)
[...]
Memory Configuration

Name             Origin             Length             Attributes
*default*        0x0000000000000000 0xffffffffffffffff

Linker script and memory map

                0x0000000000100000                PROVIDE (__start__ = 0x100000)
                0x0000000000100000                . = __start__

.text           0x0000000000100000    0x285d8
 *(.crt0)
 .crt0          0x0000000000100000       0x94 /opt/devkitpro/devkitARM/bin/../lib/gcc/arm-none-eabi/12.2.0/../../../../arm-none-eabi/lib/armv6k/fpu/3dsx_crt0.o
                0x0000000000100000                _start
                0x0000000000100008                __service_ptr
                0x000000000010000c                __apt_appid
                0x0000000000100010                __heap_size
                0x0000000000100014                __linear_heap_size
                0x0000000000100018                __system_arglist
                0x000000000010001c                __system_runflags
 *(.init)
 .init          0x0000000000100094        0xc /opt/devkitpro/devkitARM/bin/../lib/gcc/arm-none-eabi/12.2.0/armv6k/fpu/crti.o
                0x0000000000100094                _init
 .init          0x00000000001000a0        0xc /opt/devkitpro/devkitARM/bin/../lib/gcc/arm-none-eabi/12.2.0/armv6k/fpu/crtn.o
                0x00000000001000ac                . = ALIGN (0x4)
 *(.text)
 .text          0x00000000001000ac      0x240 /opt/devkitpro/devkitARM/bin/../lib/gcc/arm-none-eabi/12.2.0/armv6k/fpu/libgcc.a(_divsi3.o)
                0x00000000001000ac                __aeabi_idiv
                0x00000000001000ac                __divsi3
                0x00000000001002cc                __aeabi_idivmod
 .text          0x00000000001002ec        0x4 /opt/devkitpro/devkitARM/bin/../lib/gcc/arm-none-eabi/12.2.0/armv6k/fpu/libgcc.a(_dvmd_tls.o)
                0x00000000001002ec                __aeabi_ldiv0
                0x00000000001002ec                __aeabi_idiv0
 .text          0x00000000001002f0      0x3c0 /opt/devkitpro/devkitARM/bin/../lib/gcc/arm-none-eabi/12.2.0/armv6k/fpu/libgcc.a(_arm_addsubdf3.o)
                0x00000000001002f0                __aeabi_drsub
                0x00000000001002f8                __aeabi_dsub
                0x00000000001002f8                __subdf3
                0x00000000001002fc                __adddf3
                0x00000000001002fc                __aeabi_dadd
                0x00000000001005a8                __aeabi_ui2d
                0x00000000001005a8                __floatunsidf
                0x00000000001005cc                __floatsidf
                0x00000000001005cc                __aeabi_i2d
                0x00000000001005f4                __extendsfdf2
                0x00000000001005f4                __aeabi_f2d
                0x000000000010063c                __aeabi_ul2d
                0x000000000010063c                __floatundidf
                0x0000000000100650                __floatdidf
                0x0000000000100650                __aeabi_l2d
 .text          0x00000000001006b0       0xd4 /opt/devkitpro/devkitARM/bin/../lib/gcc/arm-none-eabi/12.2.0/armv6k/fpu/libgcc.a(_aeabi_ldivmod.o)
                0x00000000001006b0                __aeabi_ldivmod
 .text          0x0000000000100784       0x3c /opt/devkitpro/devkitARM/bin/../lib/gcc/arm-none-eabi/12.2.0/armv6k/fpu/libgcc.a(_aeabi_uldivmod.o)
                0x0000000000100784                __aeabi_uldivmod
 .text          0x00000000001007c0      0x390 /opt/devkitpro/devkitARM/bin/../lib/gcc/arm-none-eabi/12.2.0/../../../../arm-none-eabi/lib/armv6k/fpu/libg.a(lib_a-strcmp.o)
                0x00000000001007c8                strcmp
 .text          0x0000000000100b50      0x20c /opt/devkitpro/devkitARM/bin/../lib/gcc/arm-none-eabi/12.2.0/armv6k/fpu/libgcc.a(_udivsi3.o)
                0x0000000000100b50                __udivsi3
                0x0000000000100b50                __aeabi_uidiv
                0x0000000000100d3c                __aeabi_uidivmod
 *(.text.*)
 .text.__do_global_dtors_aux
                0x0000000000100d5c       0x40 /opt/devkitpro/devkitARM/bin/../lib/gcc/arm-none-eabi/12.2.0/armv6k/fpu/crtbegin.o
 .text.frame_dummy
                0x0000000000100d9c       0x2c /opt/devkitpro/devkitARM/bin/../lib/gcc/arm-none-eabi/12.2.0/armv6k/fpu/crtbegin.o
 .text.C2D_SceneTarget
                0x0000000000100dc8       0x18 main.o
 .text.C2D_SceneBegin
                0x0000000000100de0       0x20 main.o
 .text.C2D_DrawRectSolid
                0x0000000000100e00       0x18 main.o
 .text.exitTheGame
                0x0000000000100e18       0x14 main.o
                0x0000000000100e18                exitTheGame
 .text.cutANumber
                0x0000000000100e2c       0x28 main.o
                0x0000000000100e2c                cutANumber
 .text.handleInput
                0x0000000000100e54      0x158 main.o
                0x0000000000100e54                handleInput
 *fill*         0x0000000000100fac        0x4 
 .text.main     0x0000000000100fb0      0x588 main.o
                0x0000000000100fb0                main
 .text.C2Di_FrameEndHook
                0x0000000000101538       0x44 /opt/devkitpro/libctru/lib/libcitro2d.a(base.o)
 *fill*         0x000000000010157c        0x4 
 .text.C2D_Init
                0x0000000000101580      0x36c /opt/devkitpro/libctru/lib/libcitro2d.a(base.o)
                0x0000000000101580                C2D_Init
 .text.C2D_Fini
                0x00000000001018ec       0x4c /opt/devkitpro/libctru/lib/libcitro2d.a(base.o)
                0x00000000001018ec                C2D_Fini
 .text.C2D_Prepare
                0x0000000000101938       0xb8 /opt/devkitpro/libctru/lib/libcitro2d.a(base.o)
                0x0000000000101938                C2D_Prepare
 .text.C2D_Flush
                0x00000000001019f0       0x48 /opt/devkitpro/libctru/lib/libcitro2d.a(base.o)
                0x00000000001019f0                C2D_Flush
 .text.C2D_SceneSize
                0x0000000000101a38      0x104 /opt/devkitpro/libctru/lib/libcitro2d.a(base.o)
                0x0000000000101a38                C2D_SceneSize
 .text.C2D_CreateScreenTarget
                0x0000000000101b3c       0x58 /opt/devkitpro/libctru/lib/libcitro2d.a(base.o)
                0x0000000000101b3c                C2D_CreateScreenTarget
 .text.C2D_TargetClear
                0x0000000000101b94       0x64 /opt/devkitpro/libctru/lib/libcitro2d.a(base.o)
                0x0000000000101b94                C2D_TargetClear
 .text.C2Di_AppendQuad
                0x0000000000101bf8       0x58 /opt/devkitpro/libctru/lib/libcitro2d.a(base.o)
                0x0000000000101bf8                C2Di_AppendQuad
 .text.C2Di_Update
                0x0000000000101c50      0x550 /opt/devkitpro/libctru/lib/libcitro2d.a(base.o)
                0x0000000000101c50                C2Di_Update
 .text.C2D_DrawRectangle
                0x00000000001021a0      0x158 /opt/devkitpro/libctru/lib/libcitro2d.a(base.o)
                0x00000000001021a0                C2D_DrawRectangle
 .text.C3Di_LightEnvUpdate
                0x00000000001022f8        0x4 /opt/devkitpro/libctru/lib/libcitro3d.a(base.o)
                0x00000000001022f8                C3Di_LightEnvUpdate
 .text.C3Di_LightEnvDirty
                0x00000000001022fc        0x4 /opt/devkitpro/libctru/lib/libcitro3d.a(base.o)
                0x00000000001022fc                C3Di_LightEnvDirty
 .text.C3Di_AptEventHook
                0x0000000000102300       0xb4 /opt/devkitpro/libctru/lib/libcitro3d.a(base.o)
 .text.C3Di_GasUpdate
                0x00000000001023b4        0x4 /opt/devkitpro/libctru/lib/libcitro3d.a(base.o)
                0x00000000001023b4                C3Di_GasUpdate
 .text.C3D_Init
                0x00000000001023b8      0x1e0 /opt/devkitpro/libctru/lib/libcitro3d.a(base.o)
                0x00000000001023b8                C3D_Init
 .text.C3D_SetViewport
                0x0000000000102598       0x98 /opt/devkitpro/libctru/lib/libcitro3d.a(base.o)
                0x0000000000102598                C3D_SetViewport
 .text.C3Di_UpdateContext
                0x0000000000102630      0x4e8 /opt/devkitpro/libctru/lib/libcitro3d.a(base.o)
                0x0000000000102630                C3Di_UpdateContext
 .text.C3Di_SplitFrame
                0x0000000000102b18       0xe0 /opt/devkitpro/libctru/lib/libcitro3d.a(base.o)
                0x0000000000102b18                C3Di_SplitFrame
 .text.C3D_Fini
                0x0000000000102bf8       0x44 /opt/devkitpro/libctru/lib/libcitro3d.a(base.o)
                0x0000000000102bf8                C3D_Fini
 .text.C3D_BindProgram
                0x0000000000102c3c      0x114 /opt/devkitpro/libctru/lib/libcitro3d.a(base.o)
                0x0000000000102c3c                C3D_BindProgram
 .text.onVBlank0
                0x0000000000102d50       0x4c /opt/devkitpro/libctru/lib/libcitro3d.a(renderqueue.o)
 .text.onVBlank1
                0x0000000000102d9c       0x4c /opt/devkitpro/libctru/lib/libcitro3d.a(renderqueue.o)
 .text.C3Di_RenderTargetDestroy
                0x0000000000102de8       0x80 /opt/devkitpro/libctru/lib/libcitro3d.a(renderqueue.o)
 .text.onQueueFinish
                0x0000000000102e68       0xf4 /opt/devkitpro/libctru/lib/libcitro3d.a(renderqueue.o)
 .text.C3Di_RenderQueueEnableVBlank
                0x0000000000102f5c       0x38 /opt/devkitpro/libctru/lib/libcitro3d.a(renderqueue.o)
                0x0000000000102f5c                C3Di_RenderQueueEnableVBlank
 .text.C3Di_RenderQueueDisableVBlank
                0x0000000000102f94       0x30 /opt/devkitpro/libctru/lib/libcitro3d.a(renderqueue.o)
                0x0000000000102f94                C3Di_RenderQueueDisableVBlank
 .text.C3Di_RenderQueueInit
                0x0000000000102fc4       0x60 /opt/devkitpro/libctru/lib/libcitro3d.a(renderqueue.o)
                0x0000000000102fc4                C3Di_RenderQueueInit
 .text.C3Di_RenderQueueExit
                0x0000000000103024       0xb0 /opt/devkitpro/libctru/lib/libcitro3d.a(renderqueue.o)
                0x0000000000103024                C3Di_RenderQueueExit
 .text.C3Di_RenderQueueWaitDone
                0x00000000001030d4       0x34 /opt/devkitpro/libctru/lib/libcitro3d.a(renderqueue.o)
                0x00000000001030d4                C3Di_RenderQueueWaitDone
 .text.C3D_FrameBegin
                0x0000000000103108       0xe4 /opt/devkitpro/libctru/lib/libcitro3d.a(renderqueue.o)
                0x0000000000103108                C3D_FrameBegin
 .text.C3D_FrameDrawOn
                0x00000000001031ec       0x48 /opt/devkitpro/libctru/lib/libcitro3d.a(renderqueue.o)
                0x00000000001031ec                C3D_FrameDrawOn
 .text.C3D_FrameSplit
                0x0000000000103234       0x58 /opt/devkitpro/libctru/lib/libcitro3d.a(renderqueue.o)
                0x0000000000103234                C3D_FrameSplit
 .text.C3D_FrameEnd
                0x000000000010328c      0x1d8 /opt/devkitpro/libctru/lib/libcitro3d.a(renderqueue.o)
                0x000000000010328c                C3D_FrameEnd
 .text.C3D_FrameEndHook
                0x0000000000103464       0x1c /opt/devkitpro/libctru/lib/libcitro3d.a(renderqueue.o)
                0x0000000000103464                C3D_FrameEndHook
 .text.C3D_RenderTargetCreate
                0x0000000000103480      0x184 /opt/devkitpro/libctru/lib/libcitro3d.a(renderqueue.o)
                0x0000000000103480                C3D_RenderTargetCreate
 .text.C3D_RenderTargetSetOutput
                0x0000000000103604       0xa8 /opt/devkitpro/libctru/lib/libcitro3d.a(renderqueue.o)
                0x0000000000103604                C3D_RenderTargetSetOutput
 .text.C3D_TexBind
                0x00000000001036ac       0x44 /opt/devkitpro/libctru/lib/libcitro3d.a(texture.o)
                0x00000000001036ac                C3D_TexBind
 .text.C3Di_SetTex
                0x00000000001036f0      0x16c /opt/devkitpro/libctru/lib/libcitro3d.a(texture.o)
                0x00000000001036f0                C3Di_SetTex
 .text.C3D_CalcColorBufSize
                0x000000000010385c       0x1c /opt/devkitpro/libctru/lib/libcitro3d.a(framebuffer.o)
                0x000000000010385c                C3D_CalcColorBufSize
 .text.C3D_CalcDepthBufSize
                0x0000000000103878       0x1c /opt/devkitpro/libctru/lib/libcitro3d.a(framebuffer.o)
                0x0000000000103878                C3D_CalcDepthBufSize
 .text.C3D_SetFrameBuf
                0x0000000000103894       0x44 /opt/devkitpro/libctru/lib/libcitro3d.a(framebuffer.o)
                0x0000000000103894                C3D_SetFrameBuf
 .text.C3Di_FrameBufBind
                0x00000000001038d8      0x16c /opt/devkitpro/libctru/lib/libcitro3d.a(framebuffer.o)
                0x00000000001038d8                C3Di_FrameBufBind
 .text.C3D_FrameBufClear
                0x0000000000103a44       0xc8 /opt/devkitpro/libctru/lib/libcitro3d.a(framebuffer.o)
                0x0000000000103a44                C3D_FrameBufClear
 .text.C3D_FrameBufTransfer
                0x0000000000103b0c       0x44 /opt/devkitpro/libctru/lib/libcitro3d.a(framebuffer.o)
                0x0000000000103b0c                C3D_FrameBufTransfer
 .text.C3D_GetTexEnv
                0x0000000000103b50       0x34 /opt/devkitpro/libctru/lib/libcitro3d.a(texenv.o)
                0x0000000000103b50                C3D_GetTexEnv
 .text.C3Di_TexEnvBind
                0x0000000000103b84       0x24 /opt/devkitpro/libctru/lib/libcitro3d.a(texenv.o)
                0x0000000000103b84                C3Di_TexEnvBind
 .text.C3D_DrawElements
                0x0000000000103ba8      0x218 /opt/devkitpro/libctru/lib/libcitro3d.a(drawElements.o)
                0x0000000000103ba8                C3D_DrawElements
 .text.C3D_ProcTexInit
                0x0000000000103dc0       0x70 /opt/devkitpro/libctru/lib/libcitro3d.a(proctex.o)
                0x0000000000103dc0                C3D_ProcTexInit
 .text.C3D_ProcTexBind
                0x0000000000103e30       0x54 /opt/devkitpro/libctru/lib/libcitro3d.a(proctex.o)
                0x0000000000103e30                C3D_ProcTexBind
 .text.C3D_ProcTexLutBind
                0x0000000000103e84       0x5c /opt/devkitpro/libctru/lib/libcitro3d.a(proctex.o)
                0x0000000000103e84                C3D_ProcTexLutBind
 .text.ProcTexLut_FromArray
                0x0000000000103ee0       0xa4 /opt/devkitpro/libctru/lib/libcitro3d.a(proctex.o)
                0x0000000000103ee0                ProcTexLut_FromArray
 .text.C3Di_ProcTexUpdate
                0x0000000000103f84      0x17c /opt/devkitpro/libctru/lib/libcitro3d.a(proctex.o)
                0x0000000000103f84                C3Di_ProcTexUpdate
 .text.C3Di_ProcTexDirty
                0x0000000000104100       0x68 /opt/devkitpro/libctru/lib/libcitro3d.a(proctex.o)
                0x0000000000104100                C3Di_ProcTexDirty
 .text.BufInfo_Init
                0x0000000000104168       0x24 /opt/devkitpro/libctru/lib/libcitro3d.a(buffers.o)
                0x0000000000104168                BufInfo_Init
 .text.BufInfo_Add
                0x000000000010418c       0x80 /opt/devkitpro/libctru/lib/libcitro3d.a(buffers.o)
                0x000000000010418c                BufInfo_Add
 .text.C3D_SetBufInfo
                0x000000000010420c       0x40 /opt/devkitpro/libctru/lib/libcitro3d.a(buffers.o)
                0x000000000010420c                C3D_SetBufInfo
 .text.C3Di_BufInfoBind
                0x000000000010424c       0x48 /opt/devkitpro/libctru/lib/libcitro3d.a(buffers.o)
                0x000000000010424c                C3Di_BufInfoBind
 .text.C3D_DepthMap
                0x0000000000104294       0x40 /opt/devkitpro/libctru/lib/libcitro3d.a(effect.o)
                0x0000000000104294                C3D_DepthMap
 .text.C3D_CullFace
                0x00000000001042d4       0x1c /opt/devkitpro/libctru/lib/libcitro3d.a(effect.o)
                0x00000000001042d4                C3D_CullFace
 .text.C3D_StencilTest
                0x00000000001042f0       0x40 /opt/devkitpro/libctru/lib/libcitro3d.a(effect.o)
                0x00000000001042f0                C3D_StencilTest
 .text.C3D_StencilOp
                0x0000000000104330       0x24 /opt/devkitpro/libctru/lib/libcitro3d.a(effect.o)
                0x0000000000104330                C3D_StencilOp
 .text.C3D_BlendingColor
                0x0000000000104354       0x1c /opt/devkitpro/libctru/lib/libcitro3d.a(effect.o)
                0x0000000000104354                C3D_BlendingColor
 .text.C3D_EarlyDepthTest
                0x0000000000104370       0x24 /opt/devkitpro/libctru/lib/libcitro3d.a(effect.o)
                0x0000000000104370                C3D_EarlyDepthTest
 .text.C3D_DepthTest
                0x0000000000104394       0x2c /opt/devkitpro/libctru/lib/libcitro3d.a(effect.o)
                0x0000000000104394                C3D_DepthTest
 .text.C3D_AlphaTest
                0x00000000001043c0       0x2c /opt/devkitpro/libctru/lib/libcitro3d.a(effect.o)
                0x00000000001043c0                C3D_AlphaTest
 .text.C3D_AlphaBlend
                0x00000000001043ec       0x50 /opt/devkitpro/libctru/lib/libcitro3d.a(effect.o)
                0x00000000001043ec                C3D_AlphaBlend
 .text.C3D_FragOpMode
                0x000000000010443c       0x30 /opt/devkitpro/libctru/lib/libcitro3d.a(effect.o)
                0x000000000010443c                C3D_FragOpMode
 .text.C3D_FragOpShadow
                0x000000000010446c       0x44 /opt/devkitpro/libctru/lib/libcitro3d.a(effect.o)
                0x000000000010446c                C3D_FragOpShadow
 .text.C3Di_EffectBind
                0x00000000001044b0      0x1ac /opt/devkitpro/libctru/lib/libcitro3d.a(effect.o)
                0x00000000001044b0                C3Di_EffectBind
 .text.AttrInfo_Init
                0x000000000010465c       0x28 /opt/devkitpro/libctru/lib/libcitro3d.a(attribs.o)
                0x000000000010465c                AttrInfo_Init
 .text.AttrInfo_AddLoader
                0x0000000000104684       0x94 /opt/devkitpro/libctru/lib/libcitro3d.a(attribs.o)
                0x0000000000104684                AttrInfo_AddLoader
 .text.C3D_SetAttrInfo
                0x0000000000104718       0x54 /opt/devkitpro/libctru/lib/libcitro3d.a(attribs.o)
                0x0000000000104718                C3D_SetAttrInfo
 .text.C3Di_AttrInfoBind
                0x000000000010476c       0x80 /opt/devkitpro/libctru/lib/libcitro3d.a(attribs.o)
                0x000000000010476c                C3Di_AttrInfoBind
 .text.C3D_ImmSendAttrib
                0x00000000001047ec       0xa8 /opt/devkitpro/libctru/lib/libcitro3d.a(immediate.o)
                0x00000000001047ec                C3D_ImmSendAttrib
 .text.C3D_UpdateUniforms
                0x0000000000104894      0x280 /opt/devkitpro/libctru/lib/libcitro3d.a(uniforms.o)
                0x0000000000104894                C3D_UpdateUniforms
 .text.C3Di_DirtyUniforms
                0x0000000000104b14       0xc0 /opt/devkitpro/libctru/lib/libcitro3d.a(uniforms.o)
                0x0000000000104b14                C3Di_DirtyUniforms
 .text.C3Di_LoadShaderUniforms
                0x0000000000104bd4       0xd8 /opt/devkitpro/libctru/lib/libcitro3d.a(uniforms.o)
                0x0000000000104bd4                C3Di_LoadShaderUniforms
 .text.C3Di_ClearShaderUniforms
                0x0000000000104cac       0x28 /opt/devkitpro/libctru/lib/libcitro3d.a(uniforms.o)
                0x0000000000104cac                C3Di_ClearShaderUniforms
 .text.Mtx_Ortho
                0x0000000000104cd4       0xcc /opt/devkitpro/libctru/lib/libcitro3d.a(mtx_ortho.o)
                0x0000000000104cd4                Mtx_Ortho
 .text.Mtx_OrthoTilt
                0x0000000000104da0       0xcc /opt/devkitpro/libctru/lib/libcitro3d.a(mtx_orthotilt.o)
                0x0000000000104da0                Mtx_OrthoTilt
 .text._ZL21addrMapNodeComparatorPK11rbtree_nodeS1_
                0x0000000000104e6c       0x24 /opt/devkitpro/libctru/lib/libctru.a(vram.o)
 .text._ZL21addrMapNodeDestructorP11rbtree_node
                0x0000000000104e90        0x4 /opt/devkitpro/libctru/lib/libctru.a(vram.o)
 .text.vramMemAlignAt
                0x0000000000104e94      0x250 /opt/devkitpro/libctru/lib/libctru.a(vram.o)
                0x0000000000104e94                vramMemAlignAt
 .text.vramAlloc
                0x00000000001050e4        0xc /opt/devkitpro/libctru/lib/libctru.a(vram.o)
                0x00000000001050e4                vramAlloc
 .text.vramAllocAt
                0x00000000001050f0        0xc /opt/devkitpro/libctru/lib/libctru.a(vram.o)
                0x00000000001050f0                vramAllocAt
 .text.vramFree
                0x00000000001050fc       0x90 /opt/devkitpro/libctru/lib/libctru.a(vram.o)
                0x00000000001050fc                vramFree
 .text._ZL21addrMapNodeComparatorPK11rbtree_nodeS1_
                0x000000000010518c       0x24 /opt/devkitpro/libctru/lib/libctru.a(linear.o)
 .text._ZL21addrMapNodeDestructorP11rbtree_node
                0x00000000001051b0        0x4 /opt/devkitpro/libctru/lib/libctru.a(linear.o)
 .text.linearMemAlign
                0x00000000001051b4      0x120 /opt/devkitpro/libctru/lib/libctru.a(linear.o)
                0x00000000001051b4                linearMemAlign
 .text.linearAlloc
                0x00000000001052d4        0x8 /opt/devkitpro/libctru/lib/libctru.a(linear.o)
                0x00000000001052d4                linearAlloc
 .text.linearFree
                0x00000000001052dc       0x5c /opt/devkitpro/libctru/lib/libctru.a(linear.o)
                0x00000000001052dc                linearFree
 .text._ZN7MemPool13CoalesceRightEP8MemBlock
                0x0000000000105338       0x80 /opt/devkitpro/libctru/lib/libctru.a(mem_pool.o)
                0x0000000000105338                MemPool::CoalesceRight(MemBlock*)
 .text._ZN7MemPool8AllocateER8MemChunkmi
                0x00000000001053b8      0x16c /opt/devkitpro/libctru/lib/libctru.a(mem_pool.o)
                0x00000000001053b8                MemPool::Allocate(MemChunk&, unsigned long, int)
 .text._ZN7MemPool10DeallocateERK8MemChunk
                0x0000000000105524       0xfc /opt/devkitpro/libctru/lib/libctru.a(mem_pool.o)
                0x0000000000105524                MemPool::Deallocate(MemChunk const&)
 .text._ZN7MemPool12GetFreeSpaceEv
                0x0000000000105620       0x30 /opt/devkitpro/libctru/lib/libctru.a(mem_pool.o)
                0x0000000000105620                MemPool::GetFreeSpace()
 .text.osConvertVirtToPhys
                0x0000000000105650       0x74 /opt/devkitpro/libctru/lib/libctru.a(os.o)
                0x0000000000105650                osConvertVirtToPhys
 .text.osGetTimeRef
                0x00000000001056c4       0x54 /opt/devkitpro/libctru/lib/libctru.a(os.o)
                0x00000000001056c4                osGetTimeRef
 .text.osGetTime
                0x0000000000105718       0xec /opt/devkitpro/libctru/lib/libctru.a(os.o)
                0x0000000000105718                osGetTime
 .text.__ctru_speedup_config
                0x0000000000105804       0x34 /opt/devkitpro/libctru/lib/libctru.a(os.o)
                0x0000000000105804                __ctru_speedup_config
 .text.parseColor
                0x0000000000105838      0x1e8 /opt/devkitpro/libctru/lib/libctru.a(console.o)
 .text.consoleDrawChar
                0x0000000000105a20      0x1ac /opt/devkitpro/libctru/lib/libctru.a(console.o)
                0x0000000000105a20                consoleDrawChar
 .text.consolePrintChar
                0x0000000000105bcc      0x124 /opt/devkitpro/libctru/lib/libctru.a(console.o)
                0x0000000000105bcc                consolePrintChar
 .text.con_write
                0x0000000000105cf0      0xb94 /opt/devkitpro/libctru/lib/libctru.a(console.o)
                0x0000000000105cf0                con_write
 .text.newRow   0x0000000000106884       0xfc /opt/devkitpro/libctru/lib/libctru.a(console.o)
 .text.consoleInit
                0x0000000000106980      0x168 /opt/devkitpro/libctru/lib/libctru.a(console.o)
                0x0000000000106980                consoleInit
 .text.gfxPresentFramebuffer
                0x0000000000106ae8       0xd0 /opt/devkitpro/libctru/lib/libctru.a(gfx.o)
 .text.gfxSet3D
                0x0000000000106bb8       0x10 /opt/devkitpro/libctru/lib/libctru.a(gfx.o)
                0x0000000000106bb8                gfxSet3D
 .text.gfxIsWide
                0x0000000000106bc8       0x1c /opt/devkitpro/libctru/lib/libctru.a(gfx.o)
                0x0000000000106bc8                gfxIsWide
 .text.gfxSetScreenFormat
                0x0000000000106be4       0xec /opt/devkitpro/libctru/lib/libctru.a(gfx.o)
                0x0000000000106be4                gfxSetScreenFormat
 .text.gfxSetDoubleBuffering
                0x0000000000106cd0       0x10 /opt/devkitpro/libctru/lib/libctru.a(gfx.o)
                0x0000000000106cd0                gfxSetDoubleBuffering
 .text.gfxInit  0x0000000000106ce0       0xe0 /opt/devkitpro/libctru/lib/libctru.a(gfx.o)
                0x0000000000106ce0                gfxInit
 .text.gfxInitDefault
                0x0000000000106dc0       0x10 /opt/devkitpro/libctru/lib/libctru.a(gfx.o)
                0x0000000000106dc0                gfxInitDefault
 .text.gfxExit  0x0000000000106dd0       0xb4 /opt/devkitpro/libctru/lib/libctru.a(gfx.o)
                0x0000000000106dd0                gfxExit
 .text.gfxGetFramebuffer
                0x0000000000106e84       0xa0 /opt/devkitpro/libctru/lib/libctru.a(gfx.o)
                0x0000000000106e84                gfxGetFramebuffer
 .text.gfxFlushBuffers
                0x0000000000106f24      0x104 /opt/devkitpro/libctru/lib/libctru.a(gfx.o)
                0x0000000000106f24                gfxFlushBuffers
 .text.gfxScreenSwapBuffers
                0x0000000000107028       0x30 /opt/devkitpro/libctru/lib/libctru.a(gfx.o)
                0x0000000000107028                gfxScreenSwapBuffers
 .text.gfxSwapBuffersGpu
                0x0000000000107058       0x50 /opt/devkitpro/libctru/lib/libctru.a(gfx.o)
                0x0000000000107058                gfxSwapBuffersGpu
 .text.shaderInstanceInit
                0x00000000001070a8      0x1d4 /opt/devkitpro/libctru/lib/libctru.a(shaderProgram.o)
                0x00000000001070a8                shaderInstanceInit
 .text.shaderInstanceGetUniformLocation
                0x000000000010727c       0x18 /opt/devkitpro/libctru/lib/libctru.a(shaderProgram.o)
                0x000000000010727c                shaderInstanceGetUniformLocation
 .text.shaderProgramInit
                0x0000000000107294       0x1c /opt/devkitpro/libctru/lib/libctru.a(shaderProgram.o)
                0x0000000000107294                shaderProgramInit
 .text.shaderProgramFree
                0x00000000001072b0       0x64 /opt/devkitpro/libctru/lib/libctru.a(shaderProgram.o)
                0x00000000001072b0                shaderProgramFree
 .text.shaderProgramSetVsh
                0x0000000000107314       0x80 /opt/devkitpro/libctru/lib/libctru.a(shaderProgram.o)
                0x0000000000107314                shaderProgramSetVsh
 .text.shaderProgramConfigure
                0x0000000000107394      0x8e0 /opt/devkitpro/libctru/lib/libctru.a(shaderProgram.o)
                0x0000000000107394                shaderProgramConfigure
 .text.DVLE_GenerateOutmap.part.0
                0x0000000000107c74      0x1cc /opt/devkitpro/libctru/lib/libctru.a(shbin.o)
 .text.DVLB_ParseFile
                0x0000000000107e40      0x1b4 /opt/devkitpro/libctru/lib/libctru.a(shbin.o)
                0x0000000000107e40                DVLB_ParseFile
 .text.DVLB_Free
                0x0000000000107ff4       0x38 /opt/devkitpro/libctru/lib/libctru.a(shbin.o)
                0x0000000000107ff4                DVLB_Free
 .text.DVLE_GetUniformRegister
                0x000000000010802c       0x74 /opt/devkitpro/libctru/lib/libctru.a(shbin.o)
                0x000000000010802c                DVLE_GetUniformRegister
 .text.GX_BindQueue
                0x00000000001080a0       0x10 /opt/devkitpro/libctru/lib/libctru.a(gx.o)
                0x00000000001080a0                GX_BindQueue
 .text.GX_ProcessCommandList
                0x00000000001080b0       0x78 /opt/devkitpro/libctru/lib/libctru.a(gx.o)
                0x00000000001080b0                GX_ProcessCommandList
 .text.GX_MemoryFill
                0x0000000000108128       0x74 /opt/devkitpro/libctru/lib/libctru.a(gx.o)
                0x0000000000108128                GX_MemoryFill
 .text.GX_DisplayTransfer
                0x000000000010819c       0x70 /opt/devkitpro/libctru/lib/libctru.a(gx.o)
                0x000000000010819c                GX_DisplayTransfer
 .text.gxCmdQueueDoCommands.part.0
                0x000000000010820c       0x68 /opt/devkitpro/libctru/lib/libctru.a(gxqueue.o)
 .text.gxCmdQueueInterrupt
                0x0000000000108274       0xc8 /opt/devkitpro/libctru/lib/libctru.a(gxqueue.o)
                0x0000000000108274                gxCmdQueueInterrupt
 .text.gxCmdQueueClear
                0x000000000010833c       0x4c /opt/devkitpro/libctru/lib/libctru.a(gxqueue.o)
                0x000000000010833c                gxCmdQueueClear
 .text.gxCmdQueueAdd
                0x0000000000108388       0xf8 /opt/devkitpro/libctru/lib/libctru.a(gxqueue.o)
                0x0000000000108388                gxCmdQueueAdd
 .text.gxCmdQueueRun
                0x0000000000108480       0x80 /opt/devkitpro/libctru/lib/libctru.a(gxqueue.o)
                0x0000000000108480                gxCmdQueueRun
 .text.gxCmdQueueStop
                0x0000000000108500       0x60 /opt/devkitpro/libctru/lib/libctru.a(gxqueue.o)
                0x0000000000108500                gxCmdQueueStop
 .text.gxCmdQueueWait
                0x0000000000108560       0x74 /opt/devkitpro/libctru/lib/libctru.a(gxqueue.o)
                0x0000000000108560                gxCmdQueueWait
 .text.GPUCMD_Add
                0x00000000001085d4      0x13c /opt/devkitpro/libctru/lib/libctru.a(gpu.o)
                0x00000000001085d4                GPUCMD_Add
 .text.GPUCMD_Split
                0x0000000000108710       0xb0 /opt/devkitpro/libctru/lib/libctru.a(gpu.o)
                0x0000000000108710                GPUCMD_Split
 .text.f32tof16
                0x00000000001087c0       0x34 /opt/devkitpro/libctru/lib/libctru.a(gpu.o)
                0x00000000001087c0                f32tof16
 .text.f32tof24
                0x00000000001087f4       0x34 /opt/devkitpro/libctru/lib/libctru.a(gpu.o)
                0x00000000001087f4                f32tof24
 .text.f32tof31
                0x0000000000108828       0x38 /opt/devkitpro/libctru/lib/libctru.a(gpu.o)
                0x0000000000108828                f32tof31
 .text.gspHardwareInit
                0x0000000000108860      0xc58 /opt/devkitpro/libctru/lib/libctru.a(gspgpu.o)
 .text.gspInit  0x00000000001094b8      0x248 /opt/devkitpro/libctru/lib/libctru.a(gspgpu.o)
                0x00000000001094b8                gspInit
 .text.gspExit  0x0000000000109700       0xf0 /opt/devkitpro/libctru/lib/libctru.a(gspgpu.o)
                0x0000000000109700                gspExit
 .text.gspHasGpuRight
                0x00000000001097f0       0x10 /opt/devkitpro/libctru/lib/libctru.a(gspgpu.o)
                0x00000000001097f0                gspHasGpuRight
 .text.gspPresentBuffer
                0x0000000000109800       0xa0 /opt/devkitpro/libctru/lib/libctru.a(gspgpu.o)
                0x0000000000109800                gspPresentBuffer
 .text.gspSetEventCallback
                0x00000000001098a0       0x30 /opt/devkitpro/libctru/lib/libctru.a(gspgpu.o)
                0x00000000001098a0                gspSetEventCallback
 .text.gspWaitForEvent
                0x00000000001098d0       0x44 /opt/devkitpro/libctru/lib/libctru.a(gspgpu.o)
                0x00000000001098d0                gspWaitForEvent
 .text.gspWaitForAnyEvent
                0x0000000000109914       0x4c /opt/devkitpro/libctru/lib/libctru.a(gspgpu.o)
                0x0000000000109914                gspWaitForAnyEvent
 .text.gspEventThreadMain
                0x0000000000109960      0x158 /opt/devkitpro/libctru/lib/libctru.a(gspgpu.o)
 .text.gspSubmitGxCommand
                0x0000000000109ab8      0x130 /opt/devkitpro/libctru/lib/libctru.a(gspgpu.o)
                0x0000000000109ab8                gspSubmitGxCommand
 .text.GSPGPU_FlushDataCache
                0x0000000000109be8       0x50 /opt/devkitpro/libctru/lib/libctru.a(gspgpu.o)
                0x0000000000109be8                GSPGPU_FlushDataCache
 .text.GSPGPU_SetLcdForceBlack
                0x0000000000109c38       0x34 /opt/devkitpro/libctru/lib/libctru.a(gspgpu.o)
                0x0000000000109c38                GSPGPU_SetLcdForceBlack
 .text.GSPGPU_AcquireRight
                0x0000000000109c6c       0x68 /opt/devkitpro/libctru/lib/libctru.a(gspgpu.o)
                0x0000000000109c6c                GSPGPU_AcquireRight
 .text.GSPGPU_ReleaseRight
                0x0000000000109cd4       0x48 /opt/devkitpro/libctru/lib/libctru.a(gspgpu.o)
                0x0000000000109cd4                GSPGPU_ReleaseRight
 .text.GSPGPU_ImportDisplayCaptureInfo
                0x0000000000109d1c       0x7c /opt/devkitpro/libctru/lib/libctru.a(gspgpu.o)
                0x0000000000109d1c                GSPGPU_ImportDisplayCaptureInfo
 .text.GSPGPU_SaveVramSysArea
                0x0000000000109d98       0x2c /opt/devkitpro/libctru/lib/libctru.a(gspgpu.o)
                0x0000000000109d98                GSPGPU_SaveVramSysArea
 .text.GSPGPU_RestoreVramSysArea
                0x0000000000109dc4       0x2c /opt/devkitpro/libctru/lib/libctru.a(gspgpu.o)
                0x0000000000109dc4                GSPGPU_RestoreVramSysArea
 .text.aptConvertScreenForCapture
                0x0000000000109df0      0x1a4 /opt/devkitpro/libctru/lib/libctru.a(apt.o)
 .text.aptDspSleep
                0x0000000000109f94        0x8 /opt/devkitpro/libctru/lib/libctru.a(apt.o)
                0x0000000000109f94                aptDspSleep
 .text.aptDspWakeup
                0x0000000000109f9c        0x4 /opt/devkitpro/libctru/lib/libctru.a(apt.o)
                0x0000000000109f9c                aptDspWakeup
 .text.aptDspCancel
                0x0000000000109fa0        0x4 /opt/devkitpro/libctru/lib/libctru.a(apt.o)
                0x0000000000109fa0                aptDspCancel
 .text.aptSendCommand
                0x0000000000109fa4      0x158 /opt/devkitpro/libctru/lib/libctru.a(apt.o)
                0x0000000000109fa4                aptSendCommand
 *fill*         0x000000000010a0fc        0x4 
 .text.aptExitProcess
                0x000000000010a100       0x44 /opt/devkitpro/libctru/lib/libctru.a(apt.o)
 .text.aptExit  0x000000000010a144      0x2f4 /opt/devkitpro/libctru/lib/libctru.a(apt.o)
                0x000000000010a144                aptExit
 .text.aptHandleSleep
                0x000000000010a438       0xe0 /opt/devkitpro/libctru/lib/libctru.a(apt.o)
                0x000000000010a438                aptHandleSleep
 .text.aptHook  0x000000000010a518       0x30 /opt/devkitpro/libctru/lib/libctru.a(apt.o)
                0x000000000010a518                aptHook
 .text.aptUnhook
                0x000000000010a548       0x30 /opt/devkitpro/libctru/lib/libctru.a(apt.o)
                0x000000000010a548                aptUnhook
 .text.APT_SleepIfShellClosed
                0x000000000010a578       0x84 /opt/devkitpro/libctru/lib/libctru.a(apt.o)
                0x000000000010a578                APT_SleepIfShellClosed
 .text.aptSetSleepAllowed
                0x000000000010a5fc       0x84 /opt/devkitpro/libctru/lib/libctru.a(apt.o)
                0x000000000010a5fc                aptSetSleepAllowed
 .text.APT_UnlockTransition
                0x000000000010a680       0x84 /opt/devkitpro/libctru/lib/libctru.a(apt.o)
                0x000000000010a680                APT_UnlockTransition
 *fill*         0x000000000010a704        0x4 
 .text.aptEventHandler
                0x000000000010a708      0x4a4 /opt/devkitpro/libctru/lib/libctru.a(apt.o)
 .text.APT_ReceiveParameter
                0x000000000010abac       0xb0 /opt/devkitpro/libctru/lib/libctru.a(apt.o)
                0x000000000010abac                APT_ReceiveParameter
 .text.aptReceiveParameter.constprop.0
                0x000000000010ac5c       0xb0 /opt/devkitpro/libctru/lib/libctru.a(apt.o)
 *fill*         0x000000000010ad0c        0x4 
 .text.aptScreenTransfer
                0x000000000010ad10      0x2ac /opt/devkitpro/libctru/lib/libctru.a(apt.o)
 .text.aptWaitForWakeUp.isra.0
                0x000000000010afbc      0x344 /opt/devkitpro/libctru/lib/libctru.a(apt.o)
 .text.aptJumpToHomeMenu
                0x000000000010b300      0x100 /opt/devkitpro/libctru/lib/libctru.a(apt.o)
                0x000000000010b300                aptJumpToHomeMenu
 .text.aptMainLoop
                0x000000000010b400       0x48 /opt/devkitpro/libctru/lib/libctru.a(apt.o)
                0x000000000010b400                aptMainLoop
 .text.aptInit  0x000000000010b448      0x22c /opt/devkitpro/libctru/lib/libctru.a(apt.o)
                0x000000000010b448                aptInit
 .text.APT_CheckNew3DS
                0x000000000010b674       0x7c /opt/devkitpro/libctru/lib/libctru.a(apt.o)
                0x000000000010b674                APT_CheckNew3DS
 .text.hidShouldUseIrrst
                0x000000000010b6f0       0x24 /opt/devkitpro/libctru/lib/libctru.a(hid.o)
                0x000000000010b6f0                hidShouldUseIrrst
 .text.hidInit  0x000000000010b714      0x18c /opt/devkitpro/libctru/lib/libctru.a(hid.o)
                0x000000000010b714                hidInit
 .text.hidExit  0x000000000010b8a0       0xe8 /opt/devkitpro/libctru/lib/libctru.a(hid.o)
                0x000000000010b8a0                hidExit
 .text.hidScanInput
                0x000000000010b988      0x2a4 /opt/devkitpro/libctru/lib/libctru.a(hid.o)
                0x000000000010b988                hidScanInput
 .text.hidKeysHeld
                0x000000000010bc2c       0x10 /opt/devkitpro/libctru/lib/libctru.a(hid.o)
                0x000000000010bc2c                hidKeysHeld
 .text.hidKeysDown
                0x000000000010bc3c       0x10 /opt/devkitpro/libctru/lib/libctru.a(hid.o)
                0x000000000010bc3c                hidKeysDown
 .text.hidCircleRead
                0x000000000010bc4c       0x18 /opt/devkitpro/libctru/lib/libctru.a(hid.o)
                0x000000000010bc4c                hidCircleRead
 .text.ptmSysmInit
                0x000000000010bc64       0x74 /opt/devkitpro/libctru/lib/libctru.a(ptmsysm.o)
                0x000000000010bc64                ptmSysmInit
 .text.ptmSysmExit
                0x000000000010bcd8       0x3c /opt/devkitpro/libctru/lib/libctru.a(ptmsysm.o)
                0x000000000010bcd8                ptmSysmExit
 .text.PTMSYSM_ConfigureNew3DSCPU
                0x000000000010bd14       0x34 /opt/devkitpro/libctru/lib/libctru.a(ptmsysm.o)
                0x000000000010bd14                PTMSYSM_ConfigureNew3DSCPU
 .text.rbtree_init
                0x000000000010bd48       0x10 /opt/devkitpro/libctru/lib/libctru.a(rbtree_init.o)
                0x000000000010bd48                rbtree_init
 .text.do_insert
                0x000000000010bd58      0x1b4 /opt/devkitpro/libctru/lib/libctru.a(rbtree_insert.o)
 .text.rbtree_insert
                0x000000000010bf0c        0x8 /opt/devkitpro/libctru/lib/libctru.a(rbtree_insert.o)
                0x000000000010bf0c                rbtree_insert
 .text.rbtree_rotate
                0x000000000010bf14       0x90 /opt/devkitpro/libctru/lib/libctru.a(rbtree_rotate.o)
                0x000000000010bf14                rbtree_rotate
 .text.rbtree_remove
                0x000000000010bfa4      0x318 /opt/devkitpro/libctru/lib/libctru.a(rbtree_remove.o)
                0x000000000010bfa4                rbtree_remove
 .text.rbtree_find
                0x000000000010c2bc       0x74 /opt/devkitpro/libctru/lib/libctru.a(rbtree_find.o)
                0x000000000010c2bc                rbtree_find
 .text.__system_allocateHeaps
                0x000000000010c330      0x1e0 /opt/devkitpro/libctru/lib/libctru.a(allocateHeaps.o)
                0x000000000010c330                __system_allocateHeaps
 .text.__libctru_init
                0x000000000010c510       0x38 /opt/devkitpro/libctru/lib/libctru.a(ctru_init.o)
                0x000000000010c510                __libctru_init
 .text.__system_initArgv
                0x000000000010c548      0x170 /opt/devkitpro/libctru/lib/libctru.a(initArgv.o)
                0x000000000010c548                __system_initArgv
 .text.svcControlMemory
                0x000000000010c6b8       0x20 /opt/devkitpro/libctru/lib/libctru.a(svc.o)
                0x000000000010c6b8                svcControlMemory
 .text.svcQueryMemory
                0x000000000010c6d8       0x30 /opt/devkitpro/libctru/lib/libctru.a(svc.o)
                0x000000000010c6d8                svcQueryMemory
 .text.svcExitProcess
                0x000000000010c708        0x8 /opt/devkitpro/libctru/lib/libctru.a(svc.o)
                0x000000000010c708                svcExitProcess
 .text.svcCreateThread
                0x000000000010c710       0x20 /opt/devkitpro/libctru/lib/libctru.a(svc.o)
                0x000000000010c710                svcCreateThread
 .text.svcExitThread
                0x000000000010c730        0x8 /opt/devkitpro/libctru/lib/libctru.a(svc.o)
                0x000000000010c730                svcExitThread
 .text.svcSleepThread
                0x000000000010c738        0x8 /opt/devkitpro/libctru/lib/libctru.a(svc.o)
                0x000000000010c738                svcSleepThread
 .text.svcReleaseMutex
                0x000000000010c740        0x8 /opt/devkitpro/libctru/lib/libctru.a(svc.o)
                0x000000000010c740                svcReleaseMutex
 .text.svcCreateEvent
                0x000000000010c748       0x14 /opt/devkitpro/libctru/lib/libctru.a(svc.o)
                0x000000000010c748                svcCreateEvent
 .text.svcSignalEvent
                0x000000000010c75c        0x8 /opt/devkitpro/libctru/lib/libctru.a(svc.o)
                0x000000000010c75c                svcSignalEvent
 .text.svcClearEvent
                0x000000000010c764        0x8 /opt/devkitpro/libctru/lib/libctru.a(svc.o)
                0x000000000010c764                svcClearEvent
 .text.svcMapMemoryBlock
                0x000000000010c76c        0x8 /opt/devkitpro/libctru/lib/libctru.a(svc.o)
                0x000000000010c76c                svcMapMemoryBlock
 .text.svcUnmapMemoryBlock
                0x000000000010c774        0x8 /opt/devkitpro/libctru/lib/libctru.a(svc.o)
                0x000000000010c774                svcUnmapMemoryBlock
 .text.svcCreateAddressArbiter
                0x000000000010c77c       0x14 /opt/devkitpro/libctru/lib/libctru.a(svc.o)
                0x000000000010c77c                svcCreateAddressArbiter
 .text.svcArbitrateAddressNoTimeout
                0x000000000010c790        0x8 /opt/devkitpro/libctru/lib/libctru.a(svc.o)
                0x000000000010c790                svcArbitrateAddressNoTimeout
 .text.svcCloseHandle
                0x000000000010c798        0x8 /opt/devkitpro/libctru/lib/libctru.a(svc.o)
                0x000000000010c798                svcCloseHandle
 .text.svcWaitSynchronization
                0x000000000010c7a0        0x8 /opt/devkitpro/libctru/lib/libctru.a(svc.o)
                0x000000000010c7a0                svcWaitSynchronization
 .text.svcWaitSynchronizationN
                0x000000000010c7a8       0x28 /opt/devkitpro/libctru/lib/libctru.a(svc.o)
                0x000000000010c7a8                svcWaitSynchronizationN
 .text.svcDuplicateHandle
                0x000000000010c7d0       0x14 /opt/devkitpro/libctru/lib/libctru.a(svc.o)
                0x000000000010c7d0                svcDuplicateHandle
 .text.svcGetSystemTick
                0x000000000010c7e4        0x8 /opt/devkitpro/libctru/lib/libctru.a(svc.o)
                0x000000000010c7e4                svcGetSystemTick
 .text.svcConnectToPort
                0x000000000010c7ec       0x14 /opt/devkitpro/libctru/lib/libctru.a(svc.o)
                0x000000000010c7ec                svcConnectToPort
 .text.svcSendSyncRequest
                0x000000000010c800        0x8 /opt/devkitpro/libctru/lib/libctru.a(svc.o)
                0x000000000010c800                svcSendSyncRequest
 .text.svcGetResourceLimit
                0x000000000010c808       0x14 /opt/devkitpro/libctru/lib/libctru.a(svc.o)
                0x000000000010c808                svcGetResourceLimit
 .text.svcGetResourceLimitLimitValues
                0x000000000010c81c        0x8 /opt/devkitpro/libctru/lib/libctru.a(svc.o)
                0x000000000010c81c                svcGetResourceLimitLimitValues
 .text.svcGetResourceLimitCurrentValues
                0x000000000010c824        0x8 /opt/devkitpro/libctru/lib/libctru.a(svc.o)
                0x000000000010c824                svcGetResourceLimitCurrentValues
 .text.svcBreak
                0x000000000010c82c        0x8 /opt/devkitpro/libctru/lib/libctru.a(svc.o)
                0x000000000010c82c                svcBreak
 .text.initSystem
                0x000000000010c834       0x50 /opt/devkitpro/libctru/lib/libctru.a(stack_adjust.o)
                0x000000000010c834                initSystem
 .text.__ctru_exit
                0x000000000010c884       0x18 /opt/devkitpro/libctru/lib/libctru.a(stack_adjust.o)
                0x000000000010c884                __ctru_exit
 .text.__sync_init
                0x000000000010c89c        0xc /opt/devkitpro/libctru/lib/libctru.a(synchronization.o)
                0x000000000010c89c                __sync_init
 .text.__sync_fini
                0x000000000010c8a8       0x18 /opt/devkitpro/libctru/lib/libctru.a(synchronization.o)
                0x000000000010c8a8                __sync_fini
 .text.syncArbitrateAddress
                0x000000000010c8c0       0x2c /opt/devkitpro/libctru/lib/libctru.a(synchronization.o)
                0x000000000010c8c0                syncArbitrateAddress
 .text.LightLock_Lock
                0x000000000010c8ec       0xb0 /opt/devkitpro/libctru/lib/libctru.a(synchronization.o)
                0x000000000010c8ec                LightLock_Lock
 .text.LightLock_Unlock
                0x000000000010c99c       0x40 /opt/devkitpro/libctru/lib/libctru.a(synchronization.o)
                0x000000000010c99c                LightLock_Unlock
 .text.RecursiveLock_Init
                0x000000000010c9dc       0x24 /opt/devkitpro/libctru/lib/libctru.a(synchronization.o)
                0x000000000010c9dc                RecursiveLock_Init
 .text.RecursiveLock_Lock
                0x000000000010ca00       0x30 /opt/devkitpro/libctru/lib/libctru.a(synchronization.o)
                0x000000000010ca00                RecursiveLock_Lock
 .text.RecursiveLock_Unlock
                0x000000000010ca30       0x54 /opt/devkitpro/libctru/lib/libctru.a(synchronization.o)
                0x000000000010ca30                RecursiveLock_Unlock
 .text.LightEvent_Init
                0x000000000010ca84       0x40 /opt/devkitpro/libctru/lib/libctru.a(synchronization.o)
                0x000000000010ca84                LightEvent_Init
 .text.LightEvent_Clear
                0x000000000010cac4       0xa4 /opt/devkitpro/libctru/lib/libctru.a(synchronization.o)
                0x000000000010cac4                LightEvent_Clear
 .text.LightEvent_Signal
                0x000000000010cb68       0xc8 /opt/devkitpro/libctru/lib/libctru.a(synchronization.o)
                0x000000000010cb68                LightEvent_Signal
 .text.LightEvent_TryWait
                0x000000000010cc30       0x50 /opt/devkitpro/libctru/lib/libctru.a(synchronization.o)
                0x000000000010cc30                LightEvent_TryWait
 .text.LightEvent_Wait
                0x000000000010cc80       0xb0 /opt/devkitpro/libctru/lib/libctru.a(synchronization.o)
                0x000000000010cc80                LightEvent_Wait
 .text.srvInit  0x000000000010cd30      0x130 /opt/devkitpro/libctru/lib/libctru.a(srv.o)
                0x000000000010cd30                srvInit
 .text.srvExit  0x000000000010ce60       0x58 /opt/devkitpro/libctru/lib/libctru.a(srv.o)
                0x000000000010ce60                srvExit
 .text.srvGetServiceHandleDirect
                0x000000000010ceb8       0xa0 /opt/devkitpro/libctru/lib/libctru.a(srv.o)
                0x000000000010ceb8                srvGetServiceHandleDirect
 .text.srvGetServiceHandle
                0x000000000010cf58       0x38 /opt/devkitpro/libctru/lib/libctru.a(srv.o)
                0x000000000010cf58                srvGetServiceHandle
 .text.srvPublishToSubscriber
                0x000000000010cf90       0x38 /opt/devkitpro/libctru/lib/libctru.a(srv.o)
                0x000000000010cf90                srvPublishToSubscriber
 .text.threadCreate
                0x000000000010cfc8      0x178 /opt/devkitpro/libctru/lib/libctru.a(thread.o)
                0x000000000010cfc8                threadCreate
 .text.threadFree
                0x000000000010d140       0x2c /opt/devkitpro/libctru/lib/libctru.a(thread.o)
                0x000000000010d140                threadFree
 .text.threadJoin
                0x000000000010d16c       0x24 /opt/devkitpro/libctru/lib/libctru.a(thread.o)
                0x000000000010d16c                threadJoin
 .text.threadGetCurrent
                0x000000000010d190       0x30 /opt/devkitpro/libctru/lib/libctru.a(thread.o)
                0x000000000010d190                threadGetCurrent
 .text.threadExit
                0x000000000010d1c0       0x40 /opt/devkitpro/libctru/lib/libctru.a(thread.o)
                0x000000000010d1c0                threadExit
 .text._thread_begin
                0x000000000010d200       0x20 /opt/devkitpro/libctru/lib/libctru.a(thread.o)
 .text.mappableFindAddressWithin
                0x000000000010d220       0xb4 /opt/devkitpro/libctru/lib/libctru.a(mappable.o)
 .text.mappableInit
                0x000000000010d2d4       0x28 /opt/devkitpro/libctru/lib/libctru.a(mappable.o)
                0x000000000010d2d4                mappableInit
 .text.mappableAlloc
                0x000000000010d2fc       0x80 /opt/devkitpro/libctru/lib/libctru.a(mappable.o)
                0x000000000010d2fc                mappableAlloc
 .text.mappableFree
                0x000000000010d37c        0x4 /opt/devkitpro/libctru/lib/libctru.a(mappable.o)
                0x000000000010d37c                mappableFree
 .text.irrstInit
                0x000000000010d380      0x164 /opt/devkitpro/libctru/lib/libctru.a(irrst.o)
                0x000000000010d380                irrstInit
 .text.irrstExit
                0x000000000010d4e4       0xcc /opt/devkitpro/libctru/lib/libctru.a(irrst.o)
                0x000000000010d4e4                irrstExit
 .text.irrstScanInput
                0x000000000010d5b0       0xb4 /opt/devkitpro/libctru/lib/libctru.a(irrst.o)
                0x000000000010d5b0                irrstScanInput
 .text.irrstKeysHeld
                0x000000000010d664       0x24 /opt/devkitpro/libctru/lib/libctru.a(irrst.o)
                0x000000000010d664                irrstKeysHeld
 .text.srvPmGetSessionHandle
                0x000000000010d688        0xc /opt/devkitpro/libctru/lib/libctru.a(srvpm.o)
                0x000000000010d688                srvPmGetSessionHandle
 .text.rbtree_node_next
                0x000000000010d694       0x5c /opt/devkitpro/libctru/lib/libctru.a(rbtree_iterator.o)
                0x000000000010d694                rbtree_node_next
 .text.__appInit
                0x000000000010d6f0       0x30 /opt/devkitpro/libctru/lib/libctru.a(appInit.o)
                0x000000000010d6f0                __appInit
 .text.__syscall_getreent
                0x000000000010d720       0x30 /opt/devkitpro/libctru/lib/libctru.a(syscalls.o)
                0x000000000010d720                __syscall_getreent
 .text.__syscall_gettod_r
                0x000000000010d750       0x74 /opt/devkitpro/libctru/lib/libctru.a(syscalls.o)
                0x000000000010d750                __syscall_gettod_r
 .text.__syscall_lock_acquire
                0x000000000010d7c4        0x4 /opt/devkitpro/libctru/lib/libctru.a(syscalls.o)
                0x000000000010d7c4                __syscall_lock_acquire
 .text.__syscall_lock_release
                0x000000000010d7c8        0x4 /opt/devkitpro/libctru/lib/libctru.a(syscalls.o)
                0x000000000010d7c8                __syscall_lock_release
 .text.__syscall_lock_init_recursive
                0x000000000010d7cc        0x4 /opt/devkitpro/libctru/lib/libctru.a(syscalls.o)
                0x000000000010d7cc                __syscall_lock_init_recursive
 .text.__syscall_lock_acquire_recursive
                0x000000000010d7d0        0x4 /opt/devkitpro/libctru/lib/libctru.a(syscalls.o)
                0x000000000010d7d0                __syscall_lock_acquire_recursive
 .text.__syscall_lock_release_recursive
                0x000000000010d7d4        0x4 /opt/devkitpro/libctru/lib/libctru.a(syscalls.o)
                0x000000000010d7d4                __syscall_lock_release_recursive
 .text.__syscall_exit
                0x000000000010d7d8        0x4 /opt/devkitpro/libctru/lib/libctru.a(syscalls.o)
                0x000000000010d7d8                __syscall_exit
 .text.initThreadVars
                0x000000000010d7dc       0x50 /opt/devkitpro/libctru/lib/libctru.a(syscalls.o)
                0x000000000010d7dc                initThreadVars
 .text.__system_initSyscalls
                0x000000000010d82c       0x68 /opt/devkitpro/libctru/lib/libctru.a(syscalls.o)
                0x000000000010d82c                __system_initSyscalls
 .text.__appExit
                0x000000000010d894       0x30 /opt/devkitpro/libctru/lib/libctru.a(appExit.o)
                0x000000000010d894                __appExit
 .text.__libctru_exit
                0x000000000010d8c4       0x90 /opt/devkitpro/libctru/lib/libctru.a(ctru_exit.o)
                0x000000000010d8c4                __libctru_exit
 .text.envGetHandle
                0x000000000010d954       0x84 /opt/devkitpro/libctru/lib/libctru.a(env.o)
                0x000000000010d954                envGetHandle
 .text.envDestroyHandles
                0x000000000010d9d8       0x50 /opt/devkitpro/libctru/lib/libctru.a(env.o)
                0x000000000010d9d8                envDestroyHandles
 .text.archive_link
                0x000000000010da28       0x14 /opt/devkitpro/libctru/lib/libctru.a(archive_dev.o)
 .text.archive_dirreset
                0x000000000010da3c       0x14 /opt/devkitpro/libctru/lib/libctru.a(archive_dev.o)
 .text.archive_chmod
                0x000000000010da50       0x14 /opt/devkitpro/libctru/lib/libctru.a(archive_dev.o)
 .text.error_cmp
                0x000000000010da64       0x24 /opt/devkitpro/libctru/lib/libctru.a(archive_dev.o)
 .text.archive_translate_error
                0x000000000010da88       0x50 /opt/devkitpro/libctru/lib/libctru.a(archive_dev.o)
 .text.archive_seek
                0x000000000010dad8       0xc8 /opt/devkitpro/libctru/lib/libctru.a(archive_dev.o)
 .text._archiveInit.part.0
                0x000000000010dba0       0x7c /opt/devkitpro/libctru/lib/libctru.a(archive_dev.o)
 .text.archiveFindDevice.part.0
                0x000000000010dc1c       0xc4 /opt/devkitpro/libctru/lib/libctru.a(archive_dev.o)
 .text.archive_utf16path
                0x000000000010dce0      0x25c /opt/devkitpro/libctru/lib/libctru.a(archive_dev.o)
 .text._archiveUnmountDeviceStruct.part.0
                0x000000000010df3c       0xa0 /opt/devkitpro/libctru/lib/libctru.a(archive_dev.o)
 .text.archive_fchmod
                0x000000000010dfdc       0x14 /opt/devkitpro/libctru/lib/libctru.a(archive_dev.o)
 .text.archive_statvfs
                0x000000000010dff0       0x14 /opt/devkitpro/libctru/lib/libctru.a(archive_dev.o)
 .text._archiveMountDevice
                0x000000000010e004      0x164 /opt/devkitpro/libctru/lib/libctru.a(archive_dev.o)
 .text.archive_diropen
                0x000000000010e168       0xe8 /opt/devkitpro/libctru/lib/libctru.a(archive_dev.o)
 .text.archive_fstat
                0x000000000010e250       0xa4 /opt/devkitpro/libctru/lib/libctru.a(archive_dev.o)
 .text.archive_close
                0x000000000010e2f4       0x6c /opt/devkitpro/libctru/lib/libctru.a(archive_dev.o)
 .text.archive_fsync
                0x000000000010e360       0x6c /opt/devkitpro/libctru/lib/libctru.a(archive_dev.o)
 .text.archive_dirclose
                0x000000000010e3cc       0x70 /opt/devkitpro/libctru/lib/libctru.a(archive_dev.o)
 .text.sdmc_statvfs
                0x000000000010e43c       0xe8 /opt/devkitpro/libctru/lib/libctru.a(archive_dev.o)
 .text.archive_chdir
                0x000000000010e524       0xec /opt/devkitpro/libctru/lib/libctru.a(archive_dev.o)
 .text.archive_ftruncate
                0x000000000010e610       0x7c /opt/devkitpro/libctru/lib/libctru.a(archive_dev.o)
 .text.archive_read
                0x000000000010e68c       0xac /opt/devkitpro/libctru/lib/libctru.a(archive_dev.o)
 .text.archive_unlink
                0x000000000010e738       0xa4 /opt/devkitpro/libctru/lib/libctru.a(archive_dev.o)
 .text.archive_rmdir
                0x000000000010e7dc       0xbc /opt/devkitpro/libctru/lib/libctru.a(archive_dev.o)
 .text.archive_mkdir
                0x000000000010e898       0xdc /opt/devkitpro/libctru/lib/libctru.a(archive_dev.o)
 .text.archive_stat
                0x000000000010e974      0x19c /opt/devkitpro/libctru/lib/libctru.a(archive_dev.o)
 .text.archive_dirnext
                0x000000000010eb10      0x15c /opt/devkitpro/libctru/lib/libctru.a(archive_dev.o)
 .text.archive_write
                0x000000000010ec6c       0xec /opt/devkitpro/libctru/lib/libctru.a(archive_dev.o)
 .text.archive_open
                0x000000000010ed58      0x1d4 /opt/devkitpro/libctru/lib/libctru.a(archive_dev.o)
 .text.archive_rename
                0x000000000010ef2c      0x278 /opt/devkitpro/libctru/lib/libctru.a(archive_dev.o)
 .text.archiveMountSdmc
                0x000000000010f1a4      0x19c /opt/devkitpro/libctru/lib/libctru.a(archive_dev.o)
                0x000000000010f1a4                archiveMountSdmc
 .text.archiveUnmountAll
                0x000000000010f340       0x54 /opt/devkitpro/libctru/lib/libctru.a(archive_dev.o)
                0x000000000010f340                archiveUnmountAll
 .text.fsInit   0x000000000010f394       0xcc /opt/devkitpro/libctru/lib/libctru.a(fs.o)
                0x000000000010f394                fsInit
 .text.fsExit   0x000000000010f460       0x3c /opt/devkitpro/libctru/lib/libctru.a(fs.o)
                0x000000000010f460                fsExit
 .text.fsExemptFromSession
                0x000000000010f49c       0x60 /opt/devkitpro/libctru/lib/libctru.a(fs.o)
                0x000000000010f49c                fsExemptFromSession
 .text.fsUnexemptFromSession
                0x000000000010f4fc       0x50 /opt/devkitpro/libctru/lib/libctru.a(fs.o)
                0x000000000010f4fc                fsUnexemptFromSession
 .text.FSUSER_OpenFile
                0x000000000010f54c       0xcc /opt/devkitpro/libctru/lib/libctru.a(fs.o)
                0x000000000010f54c                FSUSER_OpenFile
 .text.FSUSER_DeleteFile
                0x000000000010f618       0xbc /opt/devkitpro/libctru/lib/libctru.a(fs.o)
                0x000000000010f618                FSUSER_DeleteFile
 .text.FSUSER_RenameFile
                0x000000000010f6d4       0xf8 /opt/devkitpro/libctru/lib/libctru.a(fs.o)
                0x000000000010f6d4                FSUSER_RenameFile
 .text.FSUSER_DeleteDirectory
                0x000000000010f7cc       0xbc /opt/devkitpro/libctru/lib/libctru.a(fs.o)
                0x000000000010f7cc                FSUSER_DeleteDirectory
 .text.FSUSER_CreateFile
                0x000000000010f888       0xd4 /opt/devkitpro/libctru/lib/libctru.a(fs.o)
                0x000000000010f888                FSUSER_CreateFile
 .text.FSUSER_CreateDirectory
                0x000000000010f95c       0xc4 /opt/devkitpro/libctru/lib/libctru.a(fs.o)
                0x000000000010f95c                FSUSER_CreateDirectory
 .text.FSUSER_RenameDirectory
                0x000000000010fa20       0xf8 /opt/devkitpro/libctru/lib/libctru.a(fs.o)
                0x000000000010fa20                FSUSER_RenameDirectory
 .text.FSUSER_OpenDirectory
                0x000000000010fb18       0xb4 /opt/devkitpro/libctru/lib/libctru.a(fs.o)
                0x000000000010fb18                FSUSER_OpenDirectory
 .text.FSUSER_OpenArchive
                0x000000000010fbcc       0x98 /opt/devkitpro/libctru/lib/libctru.a(fs.o)
                0x000000000010fbcc                FSUSER_OpenArchive
 .text.FSUSER_CloseArchive
                0x000000000010fc64       0x8c /opt/devkitpro/libctru/lib/libctru.a(fs.o)
                0x000000000010fc64                FSUSER_CloseArchive
 .text.FSUSER_GetSdmcArchiveResource
                0x000000000010fcf0       0x74 /opt/devkitpro/libctru/lib/libctru.a(fs.o)
                0x000000000010fcf0                FSUSER_GetSdmcArchiveResource
 .text.FSUSER_IsSdmcWritable
                0x000000000010fd64       0x64 /opt/devkitpro/libctru/lib/libctru.a(fs.o)
                0x000000000010fd64                FSUSER_IsSdmcWritable
 .text.FSFILE_Read
                0x000000000010fdc8       0x58 /opt/devkitpro/libctru/lib/libctru.a(fs.o)
                0x000000000010fdc8                FSFILE_Read
 .text.FSFILE_Write
                0x000000000010fe20       0x60 /opt/devkitpro/libctru/lib/libctru.a(fs.o)
                0x000000000010fe20                FSFILE_Write
 .text.FSFILE_GetSize
                0x000000000010fe80       0x3c /opt/devkitpro/libctru/lib/libctru.a(fs.o)
                0x000000000010fe80                FSFILE_GetSize
 .text.FSFILE_SetSize
                0x000000000010febc       0x28 /opt/devkitpro/libctru/lib/libctru.a(fs.o)
                0x000000000010febc                FSFILE_SetSize
 .text.FSFILE_Close
                0x000000000010fee4       0x3c /opt/devkitpro/libctru/lib/libctru.a(fs.o)
                0x000000000010fee4                FSFILE_Close
 .text.FSFILE_Flush
                0x000000000010ff20       0x24 /opt/devkitpro/libctru/lib/libctru.a(fs.o)
                0x000000000010ff20                FSFILE_Flush
 .text.FSDIR_Read
                0x000000000010ff44       0x50 /opt/devkitpro/libctru/lib/libctru.a(fs.o)
                0x000000000010ff44                FSDIR_Read
 .text.FSDIR_Close
                0x000000000010ff94       0x3c /opt/devkitpro/libctru/lib/libctru.a(fs.o)
                0x000000000010ff94                FSDIR_Close
 .text.utf16_to_utf8
                0x000000000010ffd0       0xe8 /opt/devkitpro/libctru/lib/libctru.a(utf16_to_utf8.o)
                0x000000000010ffd0                utf16_to_utf8
 .text.decode_utf16
                0x00000000001100b8       0x64 /opt/devkitpro/libctru/lib/libctru.a(decode_utf16.o)
                0x00000000001100b8                decode_utf16
 .text.decode_utf8
                0x000000000011011c      0x13c /opt/devkitpro/libctru/lib/libctru.a(decode_utf8.o)
                0x000000000011011c                decode_utf8
 .text.utf8_to_utf16
                0x0000000000110258       0xc0 /opt/devkitpro/libctru/lib/libctru.a(utf8_to_utf16.o)
                0x0000000000110258                utf8_to_utf16
 .text.__aeabi_read_tp
                0x0000000000110318        0xc /opt/devkitpro/libctru/lib/libctru.a(readtp.o)
                0x0000000000110318                __aeabi_read_tp
 .text.encode_utf16
                0x0000000000110324       0x54 /opt/devkitpro/libctru/lib/libctru.a(encode_utf16.o)
                0x0000000000110324                encode_utf16
 .text.encode_utf8
                0x0000000000110378       0xe0 /opt/devkitpro/libctru/lib/libctru.a(encode_utf8.o)
                0x0000000000110378                encode_utf8
 .text.pow      0x0000000000110458      0x720 /opt/devkitpro/devkitARM/bin/../lib/gcc/arm-none-eabi/12.2.0/../../../../arm-none-eabi/lib/armv6k/fpu/libm.a(lib_a-pow.o)
                0x0000000000110458                pow
 .text.atan     0x0000000000110b78      0x284 /opt/devkitpro/devkitARM/bin/../lib/gcc/arm-none-eabi/12.2.0/../../../../arm-none-eabi/lib/armv6k/fpu/libm.a(lib_a-s_atan.o)
                0x0000000000110b78                atan
 *fill*         0x0000000000110dfc        0x4 
 .text.cos      0x0000000000110e00       0xc0 /opt/devkitpro/devkitARM/bin/../lib/gcc/arm-none-eabi/12.2.0/../../../../arm-none-eabi/lib/armv6k/fpu/libm.a(lib_a-s_cos.o)
                0x0000000000110e00                cos
 .text.fabs     0x0000000000110ec0       0x14 /opt/devkitpro/devkitARM/bin/../lib/gcc/arm-none-eabi/12.2.0/../../../../arm-none-eabi/lib/armv6k/fpu/libm.a(lib_a-s_fabs.o)
                0x0000000000110ec0                fabs
 *fill*         0x0000000000110ed4        0x4 
 .text.sin      0x0000000000110ed8       0xc8 /opt/devkitpro/devkitARM/bin/../lib/gcc/arm-none-eabi/12.2.0/../../../../arm-none-eabi/lib/armv6k/fpu/libm.a(lib_a-s_sin.o)
                0x0000000000110ed8                sin
 .text.sqrt     0x0000000000110fa0       0x58 /opt/devkitpro/devkitARM/bin/../lib/gcc/arm-none-eabi/12.2.0/../../../../arm-none-eabi/lib/armv6k/fpu/libm.a(lib_a-w_sqrt.o)
                0x0000000000110fa0                sqrt
 .text.__ieee754_rem_pio2
                0x0000000000110ff8      0x308 /opt/devkitpro/devkitARM/bin/../lib/gcc/arm-none-eabi/12.2.0/../../../../arm-none-eabi/lib/armv6k/fpu/libm.a(lib_a-e_rem_pio2.o)
                0x0000000000110ff8                __ieee754_rem_pio2
 .text.__ieee754_sqrt
                0x0000000000111300        0x8 /opt/devkitpro/devkitARM/bin/../lib/gcc/arm-none-eabi/12.2.0/../../../../arm-none-eabi/lib/armv6k/fpu/libm.a(lib_a-e_sqrt.o)
                0x0000000000111300                __ieee754_sqrt
 .text.__kernel_cos
                0x0000000000111308      0x158 /opt/devkitpro/devkitARM/bin/../lib/gcc/arm-none-eabi/12.2.0/../../../../arm-none-eabi/lib/armv6k/fpu/libm.a(lib_a-k_cos.o)
                0x0000000000111308                __kernel_cos
 .text.__kernel_rem_pio2
                0x0000000000111460      0x8c0 /opt/devkitpro/devkitARM/bin/../lib/gcc/arm-none-eabi/12.2.0/../../../../arm-none-eabi/lib/armv6k/fpu/libm.a(lib_a-k_rem_pio2.o)
                0x0000000000111460                __kernel_rem_pio2
 .text.__kernel_sin
                0x0000000000111d20       0xc0 /opt/devkitpro/devkitARM/bin/../lib/gcc/arm-none-eabi/12.2.0/../../../../arm-none-eabi/lib/armv6k/fpu/libm.a(lib_a-k_sin.o)
                0x0000000000111d20                __kernel_sin
 .text.with_errno
                0x0000000000111de0       0x24 /opt/devkitpro/devkitARM/bin/../lib/gcc/arm-none-eabi/12.2.0/../../../../arm-none-eabi/lib/armv6k/fpu/libm.a(lib_a-math_err.o)
 .text.xflow    0x0000000000111e04       0x28 /opt/devkitpro/devkitARM/bin/../lib/gcc/arm-none-eabi/12.2.0/../../../../arm-none-eabi/lib/armv6k/fpu/libm.a(lib_a-math_err.o)
 *fill*         0x0000000000111e2c        0x4 
 .text.__math_uflow
                0x0000000000111e30       0x10 /opt/devkitpro/devkitARM/bin/../lib/gcc/arm-none-eabi/12.2.0/../../../../arm-none-eabi/lib/armv6k/fpu/libm.a(lib_a-math_err.o)
                0x0000000000111e30                __math_uflow
 .text.__math_oflow
                0x0000000000111e40       0x10 /opt/devkitpro/devkitARM/bin/../lib/gcc/arm-none-eabi/12.2.0/../../../../arm-none-eabi/lib/armv6k/fpu/libm.a(lib_a-math_err.o)
                0x0000000000111e40                __math_oflow
 .text.__math_divzero
                0x0000000000111e50       0x50 /opt/devkitpro/devkitARM/bin/../lib/gcc/arm-none-eabi/12.2.0/../../../../arm-none-eabi/lib/armv6k/fpu/libm.a(lib_a-math_err.o)
                0x0000000000111e50                __math_divzero
 .text.__math_invalid
                0x0000000000111ea0       0x1c /opt/devkitpro/devkitARM/bin/../lib/gcc/arm-none-eabi/12.2.0/../../../../arm-none-eabi/lib/armv6k/fpu/libm.a(lib_a-math_err.o)
                0x0000000000111ea0                __math_invalid
 .text.__math_check_uflow
                0x0000000000111ebc       0x14 /opt/devkitpro/devkitARM/bin/../lib/gcc/arm-none-eabi/12.2.0/../../../../arm-none-eabi/lib/armv6k/fpu/libm.a(lib_a-math_err.o)
                0x0000000000111ebc                __math_check_uflow
 .text.__math_check_oflow
                0x0000000000111ed0       0x28 /opt/devkitpro/devkitARM/bin/../lib/gcc/arm-none-eabi/12.2.0/../../../../arm-none-eabi/lib/armv6k/fpu/libm.a(lib_a-math_err.o)
                0x0000000000111ed0                __math_check_oflow
 .text.floor    0x0000000000111ef8      0x144 /opt/devkitpro/devkitARM/bin/../lib/gcc/arm-none-eabi/12.2.0/../../../../arm-none-eabi/lib/armv6k/fpu/libm.a(lib_a-s_floor.o)
                0x0000000000111ef8                floor
 *fill*         0x000000000011203c        0x4 
 .text.scalbn   0x0000000000112040      0x140 /opt/devkitpro/devkitARM/bin/../lib/gcc/arm-none-eabi/12.2.0/../../../../arm-none-eabi/lib/armv6k/fpu/libm.a(lib_a-s_scalbn.o)
                0x0000000000112040                scalbn
 .text.__udivmoddi4
                0x0000000000112180      0x120 /opt/devkitpro/devkitARM/bin/../lib/gcc/arm-none-eabi/12.2.0/armv6k/fpu/libgcc.a(_udivmoddi4.o)
                0x0000000000112180                __udivmoddi4
 .text.bsearch  0x00000000001122a0       0x78 /opt/devkitpro/devkitARM/bin/../lib/gcc/arm-none-eabi/12.2.0/../../../../arm-none-eabi/lib/armv6k/fpu/libg.a(lib_a-bsearch.o)
                0x00000000001122a0                bsearch
 .text.calloc   0x0000000000112318       0x20 /opt/devkitpro/devkitARM/bin/../lib/gcc/arm-none-eabi/12.2.0/../../../../arm-none-eabi/lib/armv6k/fpu/libg.a(lib_a-calloc.o)
                0x0000000000112318                calloc
 .text._calloc_r
                0x0000000000112338       0xc0 /opt/devkitpro/devkitARM/bin/../lib/gcc/arm-none-eabi/12.2.0/../../../../arm-none-eabi/lib/armv6k/fpu/libg.a(lib_a-callocr.o)
                0x0000000000112338                _calloc_r
 .text.__errno  0x00000000001123f8        0xc /opt/devkitpro/devkitARM/bin/../lib/gcc/arm-none-eabi/12.2.0/../../../../arm-none-eabi/lib/armv6k/fpu/libg.a(lib_a-errno.o)
                0x00000000001123f8                __errno
 .text.exit     0x0000000000112404       0x34 /opt/devkitpro/devkitARM/bin/../lib/gcc/arm-none-eabi/12.2.0/../../../../arm-none-eabi/lib/armv6k/fpu/libg.a(lib_a-exit.o)
                0x0000000000112404                exit
 .text.__sflush_r
                0x0000000000112438      0x234 /opt/devkitpro/devkitARM/bin/../lib/gcc/arm-none-eabi/12.2.0/../../../../arm-none-eabi/lib/armv6k/fpu/libg.a(lib_a-fflush.o)
                0x0000000000112438                __sflush_r
 .text._fflush_r
                0x000000000011266c       0x94 /opt/devkitpro/devkitARM/bin/../lib/gcc/arm-none-eabi/12.2.0/../../../../arm-none-eabi/lib/armv6k/fpu/libg.a(lib_a-fflush.o)
                0x000000000011266c                _fflush_r
 .text._cleanup_r
                0x0000000000112700        0xc /opt/devkitpro/devkitARM/bin/../lib/gcc/arm-none-eabi/12.2.0/../../../../arm-none-eabi/lib/armv6k/fpu/libg.a(lib_a-findfp.o)
                0x0000000000112700                _cleanup_r
 .text.__sinit  0x000000000011270c      0x184 /opt/devkitpro/devkitARM/bin/../lib/gcc/arm-none-eabi/12.2.0/../../../../arm-none-eabi/lib/armv6k/fpu/libg.a(lib_a-findfp.o)
                0x000000000011270c                __sinit
 .text.__sfp_lock_acquire
                0x0000000000112890        0xc /opt/devkitpro/devkitARM/bin/../lib/gcc/arm-none-eabi/12.2.0/../../../../arm-none-eabi/lib/armv6k/fpu/libg.a(lib_a-findfp.o)
                0x0000000000112890                __sfp_lock_acquire
 .text.__sfp_lock_release
                0x000000000011289c        0xc /opt/devkitpro/devkitARM/bin/../lib/gcc/arm-none-eabi/12.2.0/../../../../arm-none-eabi/lib/armv6k/fpu/libg.a(lib_a-findfp.o)
                0x000000000011289c                __sfp_lock_release
 .text.__libc_fini_array
                0x00000000001128a8       0x3c /opt/devkitpro/devkitARM/bin/../lib/gcc/arm-none-eabi/12.2.0/../../../../arm-none-eabi/lib/armv6k/fpu/libg.a(lib_a-fini.o)
                0x00000000001128a8                __libc_fini_array
 .text._malloc_trim_r
                0x00000000001128e4       0xf8 /opt/devkitpro/devkitARM/bin/../lib/gcc/arm-none-eabi/12.2.0/../../../../arm-none-eabi/lib/armv6k/fpu/libg.a(lib_a-freer.o)
                0x00000000001128e4                _malloc_trim_r
 .text._free_r  0x00000000001129dc      0x2e8 /opt/devkitpro/devkitARM/bin/../lib/gcc/arm-none-eabi/12.2.0/../../../../arm-none-eabi/lib/armv6k/fpu/libg.a(lib_a-freer.o)
                0x00000000001129dc                _free_r
 .text._fwalk_reent
                0x0000000000112cc4       0x70 /opt/devkitpro/devkitARM/bin/../lib/gcc/arm-none-eabi/12.2.0/../../../../arm-none-eabi/lib/armv6k/fpu/libg.a(lib_a-fwalk.o)
                0x0000000000112cc4                _fwalk_reent
 .text.__libc_init_array
                0x0000000000112d34       0x84 /opt/devkitpro/devkitARM/bin/../lib/gcc/arm-none-eabi/12.2.0/../../../../arm-none-eabi/lib/armv6k/fpu/libg.a(lib_a-init.o)
                0x0000000000112d34                __libc_init_array
 .text.memalign
                0x0000000000112db8       0x20 /opt/devkitpro/devkitARM/bin/../lib/gcc/arm-none-eabi/12.2.0/../../../../arm-none-eabi/lib/armv6k/fpu/libg.a(lib_a-malign.o)
                0x0000000000112db8                memalign
 .text._memalign_r
                0x0000000000112dd8      0x14c /opt/devkitpro/devkitARM/bin/../lib/gcc/arm-none-eabi/12.2.0/../../../../arm-none-eabi/lib/armv6k/fpu/libg.a(lib_a-malignr.o)
                0x0000000000112dd8                _memalign_r
 .text.malloc   0x0000000000112f24       0x18 /opt/devkitpro/devkitARM/bin/../lib/gcc/arm-none-eabi/12.2.0/../../../../arm-none-eabi/lib/armv6k/fpu/libg.a(lib_a-malloc.o)
                0x0000000000112f24                malloc
 .text.free     0x0000000000112f3c       0x18 /opt/devkitpro/devkitARM/bin/../lib/gcc/arm-none-eabi/12.2.0/../../../../arm-none-eabi/lib/armv6k/fpu/libg.a(lib_a-malloc.o)
                0x0000000000112f3c                free
 .text._malloc_r
                0x0000000000112f54      0x7e4 /opt/devkitpro/devkitARM/bin/../lib/gcc/arm-none-eabi/12.2.0/../../../../arm-none-eabi/lib/armv6k/fpu/libg.a(lib_a-mallocr.o)
                0x0000000000112f54                _malloc_r
 .text.memchr   0x0000000000113738       0xe4 /opt/devkitpro/devkitARM/bin/../lib/gcc/arm-none-eabi/12.2.0/../../../../arm-none-eabi/lib/armv6k/fpu/libg.a(lib_a-memchr-stub.o)
                0x0000000000113738                memchr
 .text.memcpy   0x000000000011381c      0x118 /opt/devkitpro/devkitARM/bin/../lib/gcc/arm-none-eabi/12.2.0/../../../../arm-none-eabi/lib/armv6k/fpu/libg.a(lib_a-memcpy-stub.o)
                0x000000000011381c                memcpy
 .text.memset   0x0000000000113934       0xf4 /opt/devkitpro/devkitARM/bin/../lib/gcc/arm-none-eabi/12.2.0/../../../../arm-none-eabi/lib/armv6k/fpu/libg.a(lib_a-memset.o)
                0x0000000000113934                memset
 .text.__malloc_lock
                0x0000000000113a28        0xc /opt/devkitpro/devkitARM/bin/../lib/gcc/arm-none-eabi/12.2.0/../../../../arm-none-eabi/lib/armv6k/fpu/libg.a(lib_a-mlock.o)
                0x0000000000113a28                __malloc_lock
 .text.__malloc_unlock
                0x0000000000113a34        0xc /opt/devkitpro/devkitARM/bin/../lib/gcc/arm-none-eabi/12.2.0/../../../../arm-none-eabi/lib/armv6k/fpu/libg.a(lib_a-mlock.o)
                0x0000000000113a34                __malloc_unlock
 .text.printf   0x0000000000113a40       0x34 /opt/devkitpro/devkitARM/bin/../lib/gcc/arm-none-eabi/12.2.0/../../../../arm-none-eabi/lib/armv6k/fpu/libg.a(lib_a-printf.o)
                0x0000000000113a40                printf
 .text.setvbuf  0x0000000000113a74      0x25c /opt/devkitpro/devkitARM/bin/../lib/gcc/arm-none-eabi/12.2.0/../../../../arm-none-eabi/lib/armv6k/fpu/libg.a(lib_a-setvbuf.o)
                0x0000000000113a74                setvbuf
 .text.sscanf   0x0000000000113cd0       0x74 /opt/devkitpro/devkitARM/bin/../lib/gcc/arm-none-eabi/12.2.0/../../../../arm-none-eabi/lib/armv6k/fpu/libg.a(lib_a-sscanf.o)
                0x0000000000113cd0                sscanf
 .text.__sread  0x0000000000113d44       0x44 /opt/devkitpro/devkitARM/bin/../lib/gcc/arm-none-eabi/12.2.0/../../../../arm-none-eabi/lib/armv6k/fpu/libg.a(lib_a-stdio.o)
                0x0000000000113d44                __sread
 .text.__seofread
                0x0000000000113d88        0x8 /opt/devkitpro/devkitARM/bin/../lib/gcc/arm-none-eabi/12.2.0/../../../../arm-none-eabi/lib/armv6k/fpu/libg.a(lib_a-stdio.o)
                0x0000000000113d88                __seofread
 .text.__swrite
                0x0000000000113d90       0x68 /opt/devkitpro/devkitARM/bin/../lib/gcc/arm-none-eabi/12.2.0/../../../../arm-none-eabi/lib/armv6k/fpu/libg.a(lib_a-stdio.o)
                0x0000000000113d90                __swrite
 .text.__sseek  0x0000000000113df8       0x44 /opt/devkitpro/devkitARM/bin/../lib/gcc/arm-none-eabi/12.2.0/../../../../arm-none-eabi/lib/armv6k/fpu/libg.a(lib_a-stdio.o)
                0x0000000000113df8                __sseek
 .text.__sclose
                0x0000000000113e3c        0x8 /opt/devkitpro/devkitARM/bin/../lib/gcc/arm-none-eabi/12.2.0/../../../../arm-none-eabi/lib/armv6k/fpu/libg.a(lib_a-stdio.o)
                0x0000000000113e3c                __sclose
 .text.strlen   0x0000000000113e44       0x5c /opt/devkitpro/devkitARM/bin/../lib/gcc/arm-none-eabi/12.2.0/../../../../arm-none-eabi/lib/armv6k/fpu/libg.a(lib_a-strlen-stub.o)
                0x0000000000113e44                strlen
 .text.strncat  0x0000000000113ea0       0xe4 /opt/devkitpro/devkitARM/bin/../lib/gcc/arm-none-eabi/12.2.0/../../../../arm-none-eabi/lib/armv6k/fpu/libg.a(lib_a-strncat.o)
                0x0000000000113ea0                strncat
 .text.strncmp  0x0000000000113f84       0xe4 /opt/devkitpro/devkitARM/bin/../lib/gcc/arm-none-eabi/12.2.0/../../../../arm-none-eabi/lib/armv6k/fpu/libg.a(lib_a-strncmp.o)
                0x0000000000113f84                strncmp
 .text.strncpy  0x0000000000114068       0xc4 /opt/devkitpro/devkitARM/bin/../lib/gcc/arm-none-eabi/12.2.0/../../../../arm-none-eabi/lib/armv6k/fpu/libg.a(lib_a-strncpy.o)
                0x0000000000114068                strncpy
 .text.strnlen  0x000000000011412c       0x48 /opt/devkitpro/devkitARM/bin/../lib/gcc/arm-none-eabi/12.2.0/../../../../arm-none-eabi/lib/armv6k/fpu/libg.a(lib_a-strnlen.o)
                0x000000000011412c                strnlen
 .text._strtoul_l.constprop.0
                0x0000000000114174      0x1c4 /opt/devkitpro/devkitARM/bin/../lib/gcc/arm-none-eabi/12.2.0/../../../../arm-none-eabi/lib/armv6k/fpu/libg.a(lib_a-strtoul.o)
 .text._strtoul_r
                0x0000000000114338        0x4 /opt/devkitpro/devkitARM/bin/../lib/gcc/arm-none-eabi/12.2.0/../../../../arm-none-eabi/lib/armv6k/fpu/libg.a(lib_a-strtoul.o)
                0x0000000000114338                _strtoul_r
 .text.strtoul  0x000000000011433c       0x28 /opt/devkitpro/devkitARM/bin/../lib/gcc/arm-none-eabi/12.2.0/../../../../arm-none-eabi/lib/armv6k/fpu/libg.a(lib_a-strtoul.o)
                0x000000000011433c                strtoul
 .text.get_arg  0x0000000000114364       0x50 /opt/devkitpro/devkitARM/bin/../lib/gcc/arm-none-eabi/12.2.0/../../../../arm-none-eabi/lib/armv6k/fpu/libg.a(lib_a-svfscanf.o)
 .text.__ssvfscanf_r
                0x00000000001143b4     0x2c38 /opt/devkitpro/devkitARM/bin/../lib/gcc/arm-none-eabi/12.2.0/../../../../arm-none-eabi/lib/armv6k/fpu/libg.a(lib_a-svfscanf.o)
                0x00000000001143b4                __ssvfscanf_r
 .text.gettimeofday
                0x0000000000116fec       0x20 /opt/devkitpro/devkitARM/bin/../lib/gcc/arm-none-eabi/12.2.0/../../../../arm-none-eabi/lib/armv6k/fpu/libg.a(lib_a-sysgettod.o)
                0x0000000000116fec                gettimeofday
 .text.get_arg  0x000000000011700c      0x66c /opt/devkitpro/devkitARM/bin/../lib/gcc/arm-none-eabi/12.2.0/../../../../arm-none-eabi/lib/armv6k/fpu/libg.a(lib_a-vfprintf.o)
 .text._vfprintf_r
                0x0000000000117678     0x339c /opt/devkitpro/devkitARM/bin/../lib/gcc/arm-none-eabi/12.2.0/../../../../arm-none-eabi/lib/armv6k/fpu/libg.a(lib_a-vfprintf.o)
                0x0000000000117678                _vfprintf_r
 .text.__sbprintf
                0x000000000011aa14       0xd0 /opt/devkitpro/devkitARM/bin/../lib/gcc/arm-none-eabi/12.2.0/../../../../arm-none-eabi/lib/armv6k/fpu/libg.a(lib_a-vfprintf.o)
 .text._wcrtomb_r
                0x000000000011aae4       0x54 /opt/devkitpro/devkitARM/bin/../lib/gcc/arm-none-eabi/12.2.0/../../../../arm-none-eabi/lib/armv6k/fpu/libg.a(lib_a-wcrtomb.o)
                0x000000000011aae4                _wcrtomb_r
 .text._wcsrtombs_r
                0x000000000011ab38       0x28 /opt/devkitpro/devkitARM/bin/../lib/gcc/arm-none-eabi/12.2.0/../../../../arm-none-eabi/lib/armv6k/fpu/libg.a(lib_a-wcsrtombs.o)
                0x000000000011ab38                _wcsrtombs_r
 .text.__swsetup_r
                0x000000000011ab60      0x13c /opt/devkitpro/devkitARM/bin/../lib/gcc/arm-none-eabi/12.2.0/../../../../arm-none-eabi/lib/armv6k/fpu/libg.a(lib_a-wsetup.o)
                0x000000000011ab60                __swsetup_r
 .text.__call_exitprocs
                0x000000000011ac9c      0x114 /opt/devkitpro/devkitARM/bin/../lib/gcc/arm-none-eabi/12.2.0/../../../../arm-none-eabi/lib/armv6k/fpu/libg.a(lib_a-__call_atexit.o)
                0x000000000011ac9c                __call_exitprocs
 .text.quorem   0x000000000011adb0      0x1b0 /opt/devkitpro/devkitARM/bin/../lib/gcc/arm-none-eabi/12.2.0/../../../../arm-none-eabi/lib/armv6k/fpu/libg.a(lib_a-dtoa.o)
 .text._dtoa_r  0x000000000011af60     0x11f8 /opt/devkitpro/devkitARM/bin/../lib/gcc/arm-none-eabi/12.2.0/../../../../arm-none-eabi/lib/armv6k/fpu/libg.a(lib_a-dtoa.o)
                0x000000000011af60                _dtoa_r
 .text._fclose_r
                0x000000000011c158      0x15c /opt/devkitpro/devkitARM/bin/../lib/gcc/arm-none-eabi/12.2.0/../../../../arm-none-eabi/lib/armv6k/fpu/libg.a(lib_a-fclose.o)
                0x000000000011c158                _fclose_r
 .text.iswspace
                0x000000000011c2b4        0x8 /opt/devkitpro/devkitARM/bin/../lib/gcc/arm-none-eabi/12.2.0/../../../../arm-none-eabi/lib/armv6k/fpu/libg.a(lib_a-iswspace.o)
                0x000000000011c2b4                iswspace
 .text._localeconv_r
                0x000000000011c2bc        0xc /opt/devkitpro/devkitARM/bin/../lib/gcc/arm-none-eabi/12.2.0/../../../../arm-none-eabi/lib/armv6k/fpu/libg.a(lib_a-localeconv.o)
                0x000000000011c2bc                _localeconv_r
 .text.__locale_mb_cur_max
                0x000000000011c2c8       0x10 /opt/devkitpro/devkitARM/bin/../lib/gcc/arm-none-eabi/12.2.0/../../../../arm-none-eabi/lib/armv6k/fpu/libg.a(lib_a-locale.o)
                0x000000000011c2c8                __locale_mb_cur_max
 .text.__smakebuf_r
                0x000000000011c2d8      0x138 /opt/devkitpro/devkitARM/bin/../lib/gcc/arm-none-eabi/12.2.0/../../../../arm-none-eabi/lib/armv6k/fpu/libg.a(lib_a-makebuf.o)
                0x000000000011c2d8                __smakebuf_r
 .text.__swhatbuf_r
                0x000000000011c410       0x8c /opt/devkitpro/devkitARM/bin/../lib/gcc/arm-none-eabi/12.2.0/../../../../arm-none-eabi/lib/armv6k/fpu/libg.a(lib_a-makebuf.o)
                0x000000000011c410                __swhatbuf_r
 .text._mbrtowc_r
                0x000000000011c49c       0x68 /opt/devkitpro/devkitARM/bin/../lib/gcc/arm-none-eabi/12.2.0/../../../../arm-none-eabi/lib/armv6k/fpu/libg.a(lib_a-mbrtowc.o)
                0x000000000011c49c                _mbrtowc_r
 .text.__utf8_mbtowc
                0x000000000011c504      0x2f8 /opt/devkitpro/devkitARM/bin/../lib/gcc/arm-none-eabi/12.2.0/../../../../arm-none-eabi/lib/armv6k/fpu/libg.a(lib_a-mbtowc_r.o)
                0x000000000011c504                __utf8_mbtowc
 .text._Balloc  0x000000000011c7fc       0x88 /opt/devkitpro/devkitARM/bin/../lib/gcc/arm-none-eabi/12.2.0/../../../../arm-none-eabi/lib/armv6k/fpu/libg.a(lib_a-mprec.o)
                0x000000000011c7fc                _Balloc
 .text._Bfree   0x000000000011c884       0x1c /opt/devkitpro/devkitARM/bin/../lib/gcc/arm-none-eabi/12.2.0/../../../../arm-none-eabi/lib/armv6k/fpu/libg.a(lib_a-mprec.o)
                0x000000000011c884                _Bfree
 .text.__multadd
                0x000000000011c8a0       0xf4 /opt/devkitpro/devkitARM/bin/../lib/gcc/arm-none-eabi/12.2.0/../../../../arm-none-eabi/lib/armv6k/fpu/libg.a(lib_a-mprec.o)
                0x000000000011c8a0                __multadd
 .text.__s2b    0x000000000011c994      0x110 /opt/devkitpro/devkitARM/bin/../lib/gcc/arm-none-eabi/12.2.0/../../../../arm-none-eabi/lib/armv6k/fpu/libg.a(lib_a-mprec.o)
                0x000000000011c994                __s2b
 .text.__hi0bits
                0x000000000011caa4       0x60 /opt/devkitpro/devkitARM/bin/../lib/gcc/arm-none-eabi/12.2.0/../../../../arm-none-eabi/lib/armv6k/fpu/libg.a(lib_a-mprec.o)
                0x000000000011caa4                __hi0bits
 .text.__lo0bits
                0x000000000011cb04       0x9c /opt/devkitpro/devkitARM/bin/../lib/gcc/arm-none-eabi/12.2.0/../../../../arm-none-eabi/lib/armv6k/fpu/libg.a(lib_a-mprec.o)
                0x000000000011cb04                __lo0bits
 .text.__i2b    0x000000000011cba0       0xa8 /opt/devkitpro/devkitARM/bin/../lib/gcc/arm-none-eabi/12.2.0/../../../../arm-none-eabi/lib/armv6k/fpu/libg.a(lib_a-mprec.o)
                0x000000000011cba0                __i2b
 .text.__multiply
                0x000000000011cc48      0x204 /opt/devkitpro/devkitARM/bin/../lib/gcc/arm-none-eabi/12.2.0/../../../../arm-none-eabi/lib/armv6k/fpu/libg.a(lib_a-mprec.o)
                0x000000000011cc48                __multiply
 .text.__pow5mult
                0x000000000011ce4c      0x124 /opt/devkitpro/devkitARM/bin/../lib/gcc/arm-none-eabi/12.2.0/../../../../arm-none-eabi/lib/armv6k/fpu/libg.a(lib_a-mprec.o)
                0x000000000011ce4c                __pow5mult
 .text.__lshift
                0x000000000011cf70      0x140 /opt/devkitpro/devkitARM/bin/../lib/gcc/arm-none-eabi/12.2.0/../../../../arm-none-eabi/lib/armv6k/fpu/libg.a(lib_a-mprec.o)
                0x000000000011cf70                __lshift
 .text.__mcmp   0x000000000011d0b0       0x58 /opt/devkitpro/devkitARM/bin/../lib/gcc/arm-none-eabi/12.2.0/../../../../arm-none-eabi/lib/armv6k/fpu/libg.a(lib_a-mprec.o)
                0x000000000011d0b0                __mcmp
 .text.__mdiff  0x000000000011d108      0x1ec /opt/devkitpro/devkitARM/bin/../lib/gcc/arm-none-eabi/12.2.0/../../../../arm-none-eabi/lib/armv6k/fpu/libg.a(lib_a-mprec.o)
                0x000000000011d108                __mdiff
 .text.__ulp    0x000000000011d2f4       0x68 /opt/devkitpro/devkitARM/bin/../lib/gcc/arm-none-eabi/12.2.0/../../../../arm-none-eabi/lib/armv6k/fpu/libg.a(lib_a-mprec.o)
                0x000000000011d2f4                __ulp
 .text.__b2d    0x000000000011d35c       0xd0 /opt/devkitpro/devkitARM/bin/../lib/gcc/arm-none-eabi/12.2.0/../../../../arm-none-eabi/lib/armv6k/fpu/libg.a(lib_a-mprec.o)
                0x000000000011d35c                __b2d
 .text.__d2b    0x000000000011d42c      0x120 /opt/devkitpro/devkitARM/bin/../lib/gcc/arm-none-eabi/12.2.0/../../../../arm-none-eabi/lib/armv6k/fpu/libg.a(lib_a-mprec.o)
                0x000000000011d42c                __d2b
 .text.__ratio  0x000000000011d54c       0x78 /opt/devkitpro/devkitARM/bin/../lib/gcc/arm-none-eabi/12.2.0/../../../../arm-none-eabi/lib/armv6k/fpu/libg.a(lib_a-mprec.o)
                0x000000000011d54c                __ratio
 .text.__copybits
                0x000000000011d5c4       0x88 /opt/devkitpro/devkitARM/bin/../lib/gcc/arm-none-eabi/12.2.0/../../../../arm-none-eabi/lib/armv6k/fpu/libg.a(lib_a-mprec.o)
                0x000000000011d5c4                __copybits
 .text.__any_on
                0x000000000011d64c       0x5c /opt/devkitpro/devkitARM/bin/../lib/gcc/arm-none-eabi/12.2.0/../../../../arm-none-eabi/lib/armv6k/fpu/libg.a(lib_a-mprec.o)
                0x000000000011d64c                __any_on
 .text.realloc  0x000000000011d6a8       0x20 /opt/devkitpro/devkitARM/bin/../lib/gcc/arm-none-eabi/12.2.0/../../../../arm-none-eabi/lib/armv6k/fpu/libg.a(lib_a-realloc.o)
                0x000000000011d6a8                realloc
 .text._realloc_r
                0x000000000011d6c8      0x4a0 /opt/devkitpro/devkitARM/bin/../lib/gcc/arm-none-eabi/12.2.0/../../../../arm-none-eabi/lib/armv6k/fpu/libg.a(lib_a-reallocr.o)
                0x000000000011d6c8                _realloc_r
 .text.__sccl   0x000000000011db68       0xf4 /opt/devkitpro/devkitARM/bin/../lib/gcc/arm-none-eabi/12.2.0/../../../../arm-none-eabi/lib/armv6k/fpu/libg.a(lib_a-sccl.o)
                0x000000000011db68                __sccl
 .text.nanf     0x000000000011dc5c        0xc /opt/devkitpro/devkitARM/bin/../lib/gcc/arm-none-eabi/12.2.0/../../../../arm-none-eabi/lib/armv6k/fpu/libg.a(lib_a-sf_nan.o)
                0x000000000011dc5c                nanf
 .text.frexp    0x000000000011dc68       0x88 /opt/devkitpro/devkitARM/bin/../lib/gcc/arm-none-eabi/12.2.0/../../../../arm-none-eabi/lib/armv6k/fpu/libg.a(lib_a-s_frexp.o)
                0x000000000011dc68                frexp
 .text.sprintf  0x000000000011dcf0       0x64 /opt/devkitpro/devkitARM/bin/../lib/gcc/arm-none-eabi/12.2.0/../../../../arm-none-eabi/lib/armv6k/fpu/libg.a(lib_a-sprintf.o)
                0x000000000011dcf0                sprintf
 .text.stpncpy  0x000000000011dd54       0xcc /opt/devkitpro/devkitARM/bin/../lib/gcc/arm-none-eabi/12.2.0/../../../../arm-none-eabi/lib/armv6k/fpu/libg.a(lib_a-stpncpy.o)
                0x000000000011dd54                stpncpy
 .text.strchr   0x000000000011de20      0x130 /opt/devkitpro/devkitARM/bin/../lib/gcc/arm-none-eabi/12.2.0/../../../../arm-none-eabi/lib/armv6k/fpu/libg.a(lib_a-strchr.o)
                0x000000000011de20                strchr
 .text.sulp     0x000000000011df50       0x64 /opt/devkitpro/devkitARM/bin/../lib/gcc/arm-none-eabi/12.2.0/../../../../arm-none-eabi/lib/armv6k/fpu/libg.a(lib_a-strtod.o)
 *fill*         0x000000000011dfb4        0x4 
 .text._strtod_l
                0x000000000011dfb8     0x13a8 /opt/devkitpro/devkitARM/bin/../lib/gcc/arm-none-eabi/12.2.0/../../../../arm-none-eabi/lib/armv6k/fpu/libg.a(lib_a-strtod.o)
                0x000000000011dfb8                _strtod_l
 .text._strtod_r
                0x000000000011f360        0xc /opt/devkitpro/devkitARM/bin/../lib/gcc/arm-none-eabi/12.2.0/../../../../arm-none-eabi/lib/armv6k/fpu/libg.a(lib_a-strtod.o)
                0x000000000011f360                _strtod_r
 .text._strtoll_l.constprop.0
                0x000000000011f36c      0x22c /opt/devkitpro/devkitARM/bin/../lib/gcc/arm-none-eabi/12.2.0/../../../../arm-none-eabi/lib/armv6k/fpu/libg.a(lib_a-strtoll.o)
 .text._strtoll_r
                0x000000000011f598        0x4 /opt/devkitpro/devkitARM/bin/../lib/gcc/arm-none-eabi/12.2.0/../../../../arm-none-eabi/lib/armv6k/fpu/libg.a(lib_a-strtoll.o)
                0x000000000011f598                _strtoll_r
 .text._strtol_l.part.0
                0x000000000011f59c      0x1a4 /opt/devkitpro/devkitARM/bin/../lib/gcc/arm-none-eabi/12.2.0/../../../../arm-none-eabi/lib/armv6k/fpu/libg.a(lib_a-strtol.o)
 .text._strtol_r
                0x000000000011f740       0x3c /opt/devkitpro/devkitARM/bin/../lib/gcc/arm-none-eabi/12.2.0/../../../../arm-none-eabi/lib/armv6k/fpu/libg.a(lib_a-strtol.o)
                0x000000000011f740                _strtol_r
 .text._strtoull_l.constprop.0
                0x000000000011f77c      0x244 /opt/devkitpro/devkitARM/bin/../lib/gcc/arm-none-eabi/12.2.0/../../../../arm-none-eabi/lib/armv6k/fpu/libg.a(lib_a-strtoull.o)
 .text._strtoull_r
                0x000000000011f9c0        0x4 /opt/devkitpro/devkitARM/bin/../lib/gcc/arm-none-eabi/12.2.0/../../../../arm-none-eabi/lib/armv6k/fpu/libg.a(lib_a-strtoull.o)
                0x000000000011f9c0                _strtoull_r
 .text.__ssprint_r
                0x000000000011f9c4      0x188 /opt/devkitpro/devkitARM/bin/../lib/gcc/arm-none-eabi/12.2.0/../../../../arm-none-eabi/lib/armv6k/fpu/libg.a(lib_a-svfiprintf.o)
                0x000000000011f9c4                __ssprint_r
 .text._sungetc_r
                0x000000000011fb4c       0xd4 /opt/devkitpro/devkitARM/bin/../lib/gcc/arm-none-eabi/12.2.0/../../../../arm-none-eabi/lib/armv6k/fpu/libg.a(lib_a-svfiscanf.o)
                0x000000000011fb4c                _sungetc_r
 .text.__ssrefill_r
                0x000000000011fc20       0x6c /opt/devkitpro/devkitARM/bin/../lib/gcc/arm-none-eabi/12.2.0/../../../../arm-none-eabi/lib/armv6k/fpu/libg.a(lib_a-svfiscanf.o)
                0x000000000011fc20                __ssrefill_r
 .text._sfread_r
                0x000000000011fc8c       0xc4 /opt/devkitpro/devkitARM/bin/../lib/gcc/arm-none-eabi/12.2.0/../../../../arm-none-eabi/lib/armv6k/fpu/libg.a(lib_a-svfiscanf.o)
                0x000000000011fc8c                _sfread_r
 .text.get_arg  0x000000000011fd50      0x66c /opt/devkitpro/devkitARM/bin/../lib/gcc/arm-none-eabi/12.2.0/../../../../arm-none-eabi/lib/armv6k/fpu/libg.a(lib_a-svfprintf.o)
 *fill*         0x00000000001203bc        0x4 
 .text._svfprintf_r
                0x00000000001203c0     0x3334 /opt/devkitpro/devkitARM/bin/../lib/gcc/arm-none-eabi/12.2.0/../../../../arm-none-eabi/lib/armv6k/fpu/libg.a(lib_a-svfprintf.o)
                0x00000000001203c0                _svfprintf_r
 .text.__submore
                0x00000000001236f4       0xa8 /opt/devkitpro/devkitARM/bin/../lib/gcc/arm-none-eabi/12.2.0/../../../../arm-none-eabi/lib/armv6k/fpu/libg.a(lib_a-ungetc.o)
                0x00000000001236f4                __submore
 .text.get_arg  0x000000000012379c      0x66c /opt/devkitpro/devkitARM/bin/../lib/gcc/arm-none-eabi/12.2.0/../../../../arm-none-eabi/lib/armv6k/fpu/libg.a(lib_a-vfiprintf.o)
 .text.__sprint_r